Archive member included because of file (symbol)

f:/dev/simplicity/developer/toolchains/gnu_arm/4.9_2015q3/bin/../lib/gcc/arm-none-eabi/4.9.3/armv7-m\libgcc.a(_arm_addsubdf3.o)
                              ./Drivers/DHT22.o (__aeabi_f2d)
f:/dev/simplicity/developer/toolchains/gnu_arm/4.9_2015q3/bin/../lib/gcc/arm-none-eabi/4.9.3/armv7-m\libgcc.a(_arm_muldivdf3.o)
                              ./Drivers/DHT22.o (__aeabi_dmul)
f:/dev/simplicity/developer/toolchains/gnu_arm/4.9_2015q3/bin/../lib/gcc/arm-none-eabi/4.9.3/armv7-m\libgcc.a(_arm_truncdfsf2.o)
                              ./Drivers/DHT22.o (__aeabi_d2f)
f:/dev/simplicity/developer/toolchains/gnu_arm/4.9_2015q3/bin/../lib/gcc/arm-none-eabi/4.9.3/armv7-m\libgcc.a(_arm_addsubsf3.o)
                              ./Drivers/DHT22.o (__aeabi_fadd)
f:/dev/simplicity/developer/toolchains/gnu_arm/4.9_2015q3/bin/../lib/gcc/arm-none-eabi/4.9.3/armv7-m\libgcc.a(_arm_muldivsf3.o)
                              ./Drivers/DHT22.o (__aeabi_fmul)
f:/dev/simplicity/developer/toolchains/gnu_arm/4.9_2015q3/bin/../lib/gcc/arm-none-eabi/4.9.3/armv7-m\libgcc.a(_arm_cmpsf2.o)
                              ./Drivers/FH1750.o (__aeabi_fcmpeq)
f:/dev/simplicity/developer/toolchains/gnu_arm/4.9_2015q3/bin/../lib/gcc/arm-none-eabi/4.9.3/armv7-m\libgcc.a(_aeabi_uldivmod.o)
                              ./Drivers/rtcdriver.o (__aeabi_uldivmod)
f:/dev/simplicity/developer/toolchains/gnu_arm/4.9_2015q3/bin/../lib/gcc/arm-none-eabi/4.9.3/armv7-m\libgcc.a(bpabi.o)
                              f:/dev/simplicity/developer/toolchains/gnu_arm/4.9_2015q3/bin/../lib/gcc/arm-none-eabi/4.9.3/armv7-m\libgcc.a(_aeabi_uldivmod.o) (__gnu_uldivmod_helper)
f:/dev/simplicity/developer/toolchains/gnu_arm/4.9_2015q3/bin/../lib/gcc/arm-none-eabi/4.9.3/armv7-m\libgcc.a(_dvmd_tls.o)
                              f:/dev/simplicity/developer/toolchains/gnu_arm/4.9_2015q3/bin/../lib/gcc/arm-none-eabi/4.9.3/armv7-m\libgcc.a(_aeabi_uldivmod.o) (__aeabi_ldiv0)
f:/dev/simplicity/developer/toolchains/gnu_arm/4.9_2015q3/bin/../lib/gcc/arm-none-eabi/4.9.3/armv7-m\libgcc.a(_divdi3.o)
                              f:/dev/simplicity/developer/toolchains/gnu_arm/4.9_2015q3/bin/../lib/gcc/arm-none-eabi/4.9.3/armv7-m\libgcc.a(bpabi.o) (__divdi3)
f:/dev/simplicity/developer/toolchains/gnu_arm/4.9_2015q3/bin/../lib/gcc/arm-none-eabi/4.9.3/armv7-m\libgcc.a(_udivdi3.o)
                              f:/dev/simplicity/developer/toolchains/gnu_arm/4.9_2015q3/bin/../lib/gcc/arm-none-eabi/4.9.3/armv7-m\libgcc.a(bpabi.o) (__udivdi3)
f:/dev/simplicity/developer/toolchains/gnu_arm/4.9_2015q3/bin/../lib/gcc/arm-none-eabi/4.9.3/../../../../arm-none-eabi/lib/armv7-m\libc_nano.a(lib_a-ctype_.o)
                              ./Drivers/textdisplay.o (__ctype_ptr__)
f:/dev/simplicity/developer/toolchains/gnu_arm/4.9_2015q3/bin/../lib/gcc/arm-none-eabi/4.9.3/../../../../arm-none-eabi/lib/armv7-m\libc_nano.a(lib_a-exit.o)
                              f:/dev/simplicity/developer/toolchains/gnu_arm/4.9_2015q3/bin/../lib/gcc/arm-none-eabi/4.9.3/../../../../arm-none-eabi/lib/armv7-m/crt0.o (exit)
f:/dev/simplicity/developer/toolchains/gnu_arm/4.9_2015q3/bin/../lib/gcc/arm-none-eabi/4.9.3/../../../../arm-none-eabi/lib/armv7-m\libc_nano.a(lib_a-fileno.o)
                              ./Drivers/retargetio.o (fileno)
f:/dev/simplicity/developer/toolchains/gnu_arm/4.9_2015q3/bin/../lib/gcc/arm-none-eabi/4.9.3/../../../../arm-none-eabi/lib/armv7-m\libc_nano.a(lib_a-findfp.o)
                              f:/dev/simplicity/developer/toolchains/gnu_arm/4.9_2015q3/bin/../lib/gcc/arm-none-eabi/4.9.3/../../../../arm-none-eabi/lib/armv7-m\libc_nano.a(lib_a-fileno.o) (__sinit)
f:/dev/simplicity/developer/toolchains/gnu_arm/4.9_2015q3/bin/../lib/gcc/arm-none-eabi/4.9.3/../../../../arm-none-eabi/lib/armv7-m\libc_nano.a(lib_a-fwalk.o)
                              f:/dev/simplicity/developer/toolchains/gnu_arm/4.9_2015q3/bin/../lib/gcc/arm-none-eabi/4.9.3/../../../../arm-none-eabi/lib/armv7-m\libc_nano.a(lib_a-findfp.o) (_fwalk)
f:/dev/simplicity/developer/toolchains/gnu_arm/4.9_2015q3/bin/../lib/gcc/arm-none-eabi/4.9.3/../../../../arm-none-eabi/lib/armv7-m\libc_nano.a(lib_a-impure.o)
                              f:/dev/simplicity/developer/toolchains/gnu_arm/4.9_2015q3/bin/../lib/gcc/arm-none-eabi/4.9.3/../../../../arm-none-eabi/lib/armv7-m\libc_nano.a(lib_a-exit.o) (_global_impure_ptr)
f:/dev/simplicity/developer/toolchains/gnu_arm/4.9_2015q3/bin/../lib/gcc/arm-none-eabi/4.9.3/../../../../arm-none-eabi/lib/armv7-m\libc_nano.a(lib_a-init.o)
                              f:/dev/simplicity/developer/toolchains/gnu_arm/4.9_2015q3/bin/../lib/gcc/arm-none-eabi/4.9.3/../../../../arm-none-eabi/lib/armv7-m/crt0.o (__libc_init_array)
f:/dev/simplicity/developer/toolchains/gnu_arm/4.9_2015q3/bin/../lib/gcc/arm-none-eabi/4.9.3/../../../../arm-none-eabi/lib/armv7-m\libc_nano.a(lib_a-memcpy.o)
                              ./Drivers/BMP280.o (memcpy)
[...]
Memory Configuration

Name             Origin             Length             Attributes
FLASH            0x00000000         0x00040000         xr
RAM              0x20000000         0x00008000         xrw
*default*        0x00000000         0xffffffff

Linker script and memory map

LOAD f:/dev/simplicity/developer/toolchains/gnu_arm/4.9_2015q3/bin/../lib/gcc/arm-none-eabi/4.9.3/armv7-m/crti.o
LOAD f:/dev/simplicity/developer/toolchains/gnu_arm/4.9_2015q3/bin/../lib/gcc/arm-none-eabi/4.9.3/armv7-m/crtbegin.o
LOAD f:/dev/simplicity/developer/toolchains/gnu_arm/4.9_2015q3/bin/../lib/gcc/arm-none-eabi/4.9.3/../../../../arm-none-eabi/lib/armv7-m/crt0.o
LOAD ./CMSIS/EZR32LG/startup_gcc_ezr32lg.o
LOAD ./CMSIS/EZR32LG/system_ezr32lg.o
LOAD ./Drivers/BMP280.o
LOAD ./Drivers/DHT22.o
LOAD ./Drivers/FH1750.o
LOAD ./Drivers/display.o
LOAD ./Drivers/displayls013b7dh03.o
LOAD ./Drivers/displaypalemlib.o
LOAD ./Drivers/dmactrl.o
LOAD ./Drivers/dmadrv.o
LOAD ./Drivers/ezradio_api_lib.o
LOAD ./Drivers/ezradio_auto_ack_plugin.o
LOAD ./Drivers/ezradio_comm.o
LOAD ./Drivers/ezradio_crcerror_plugin.o
LOAD ./Drivers/ezradio_direct_receive_plugin.o
LOAD ./Drivers/ezradio_direct_transmit_plugin.o
LOAD ./Drivers/ezradio_hal.o
LOAD ./Drivers/ezradio_plugin_manager.o
LOAD ./Drivers/ezradio_pn9_plugin.o
LOAD ./Drivers/ezradio_receive_plugin.o
LOAD ./Drivers/ezradio_transmit_plugin.o
LOAD ./Drivers/ezradio_unmod_carrier_plugin.o
LOAD ./Drivers/gpiointerrupt.o
LOAD ./Drivers/retargetio.o
LOAD ./Drivers/retargettextdisplay.o
LOAD ./Drivers/rtcdriver.o
LOAD ./Drivers/spidrv.o
LOAD ./Drivers/textdisplay.o
LOAD ./Drivers/udelay.o
LOAD ./Drivers/ustimer.o
LOAD ./Drivers/si4x6x/ezradio_api_lib_add.o
LOAD ./emlib/em_assert.o
LOAD ./emlib/em_cmu.o
LOAD ./emlib/em_core.o
LOAD ./emlib/em_dma.o
LOAD ./emlib/em_emu.o
LOAD ./emlib/em_gpio.o
LOAD ./emlib/em_i2c.o
LOAD ./emlib/em_pcnt.o
LOAD ./emlib/em_prs.o
LOAD ./emlib/em_rtc.o
LOAD ./emlib/em_system.o
LOAD ./emlib/em_timer.o
LOAD ./emlib/em_usart.o
LOAD ./src/main.o
START GROUP
LOAD f:/dev/simplicity/developer/toolchains/gnu_arm/4.9_2015q3/bin/../lib/gcc/arm-none-eabi/4.9.3/armv7-m\libgcc.a
LOAD f:/dev/simplicity/developer/toolchains/gnu_arm/4.9_2015q3/bin/../lib/gcc/arm-none-eabi/4.9.3/../../../../arm-none-eabi/lib/armv7-m\libc_nano.a
LOAD f:/dev/simplicity/developer/toolchains/gnu_arm/4.9_2015q3/bin/../lib/gcc/arm-none-eabi/4.9.3/../../../../arm-none-eabi/lib/armv7-m\libnosys.a
END GROUP
START GROUP
LOAD f:/dev/simplicity/developer/toolchains/gnu_arm/4.9_2015q3/bin/../lib/gcc/arm-none-eabi/4.9.3/armv7-m\libgcc.a
LOAD f:/dev/simplicity/developer/toolchains/gnu_arm/4.9_2015q3/bin/../lib/gcc/arm-none-eabi/4.9.3/../../../../arm-none-eabi/lib/armv7-m\libg_nano.a
LOAD f:/dev/simplicity/developer/toolchains/gnu_arm/4.9_2015q3/bin/../lib/gcc/arm-none-eabi/4.9.3/../../../../arm-none-eabi/lib/armv7-m\libc_nano.a
END GROUP
START GROUP
LOAD f:/dev/simplicity/developer/toolchains/gnu_arm/4.9_2015q3/bin/../lib/gcc/arm-none-eabi/4.9.3/armv7-m\libgcc.a
LOAD f:/dev/simplicity/developer/toolchains/gnu_arm/4.9_2015q3/bin/../lib/gcc/arm-none-eabi/4.9.3/../../../../arm-none-eabi/lib/armv7-m\libc_nano.a
END GROUP
LOAD f:/dev/simplicity/developer/toolchains/gnu_arm/4.9_2015q3/bin/../lib/gcc/arm-none-eabi/4.9.3/armv7-m/crtend.o
LOAD f:/dev/simplicity/developer/toolchains/gnu_arm/4.9_2015q3/bin/../lib/gcc/arm-none-eabi/4.9.3/armv7-m/crtn.o

.text           0x00000000     0x4c58
 *(.vectors)
 .vectors       0x00000000       0xe0 ./CMSIS/EZR32LG/startup_gcc_ezr32lg.o
                0x00000000                __Vectors
                0x000000e0                __Vectors_End = .
                0x000000e0                __Vectors_Size = (__Vectors_End - __Vectors)
                0x000000e0                __end__ = .
 *(.text*)
 .text          0x000000e0       0x5c f:/dev/simplicity/developer/toolchains/gnu_arm/4.9_2015q3/bin/../lib/gcc/arm-none-eabi/4.9.3/armv7-m/crtbegin.o
 .text          0x0000013c       0x74 f:/dev/simplicity/developer/toolchains/gnu_arm/4.9_2015q3/bin/../lib/gcc/arm-none-eabi/4.9.3/../../../../arm-none-eabi/lib/armv7-m/crt0.o
                0x0000013c                _start
                0x0000013c                _mainCRTStartup
 .text          0x000001b0       0x30 ./CMSIS/EZR32LG/startup_gcc_ezr32lg.o
                0x000001b0                Reset_Handler
                0x000001dc                DebugMon_Handler
                0x000001dc                I2C0_IRQHandler
                0x000001dc                HardFault_Handler
                0x000001dc                LEUART1_IRQHandler
                0x000001dc                SysTick_Handler
                0x000001dc                USART1_RX_IRQHandler
                0x000001dc                PendSV_Handler
                0x000001dc                NMI_Handler
                0x000001dc                I2C1_IRQHandler
                0x000001dc                USARTRF0_TX_IRQHandler
                0x000001dc                TIMER3_IRQHandler
                0x000001dc                USART1_TX_IRQHandler
                0x000001dc                MSC_IRQHandler
                0x000001dc                ADC0_IRQHandler
                0x000001dc                UsageFault_Handler
                0x000001dc                LEUART0_IRQHandler
                0x000001dc                UART0_TX_IRQHandler
                0x000001dc                UART1_TX_IRQHandler
                0x000001dc                TIMER2_IRQHandler
                0x000001dc                PCNT2_IRQHandler
                0x000001dc                UART0_RX_IRQHandler
                0x000001dc                LETIMER0_IRQHandler
                0x000001dc                TIMER1_IRQHandler
                0x000001dc                USART2_RX_IRQHandler
                0x000001dc                Default_Handler
                0x000001dc                EMU_IRQHandler
                0x000001dc                PCNT0_IRQHandler
                0x000001dc                USB_IRQHandler
                0x000001dc                BURTC_IRQHandler
                0x000001dc                PCNT1_IRQHandler
                0x000001dc                ACMP0_IRQHandler
                0x000001dc                MemManage_Handler
                0x000001dc                SVC_Handler
                0x000001dc                DAC0_IRQHandler
                0x000001dc                UART1_RX_IRQHandler
                0x000001dc                USARTRF0_RX_IRQHandler
                0x000001dc                CMU_IRQHandler
                0x000001dc                LESENSE_IRQHandler
                0x000001dc                AES_IRQHandler
                0x000001dc                VCMP_IRQHandler
                0x000001dc                BusFault_Handler
                0x000001dc                USART2_TX_IRQHandler
 .text.GetProdRev
                0x000001e0       0x1c ./CMSIS/EZR32LG/system_ezr32lg.o
 .text.SystemCoreClockGet
                0x000001fc       0x34 ./CMSIS/EZR32LG/system_ezr32lg.o
                0x000001fc                SystemCoreClockGet
 .text.SystemMaxCoreClockGet
                0x00000230       0x14 ./CMSIS/EZR32LG/system_ezr32lg.o
                0x00000230                SystemMaxCoreClockGet
 .text.SystemHFClockGet
                0x00000244      0x100 ./CMSIS/EZR32LG/system_ezr32lg.o
                0x00000244                SystemHFClockGet
 .text.SystemHFXOClockGet
                0x00000344       0x18 ./CMSIS/EZR32LG/system_ezr32lg.o
                0x00000344                SystemHFXOClockGet
 .text.SystemInit
                0x0000035c        0xc ./CMSIS/EZR32LG/system_ezr32lg.o
                0x0000035c                SystemInit
 .text.SystemLFRCOClockGet
                0x00000368       0x14 ./CMSIS/EZR32LG/system_ezr32lg.o
                0x00000368                SystemLFRCOClockGet
 .text.SystemULFRCOClockGet
                0x0000037c       0x14 ./CMSIS/EZR32LG/system_ezr32lg.o
                0x0000037c                SystemULFRCOClockGet
 .text.SystemLFXOClockGet
                0x00000390       0x18 ./CMSIS/EZR32LG/system_ezr32lg.o
                0x00000390                SystemLFXOClockGet
 .text.BMP280_I2C_ReadRegister
                0x000003a8       0x74 ./Drivers/BMP280.o
                0x000003a8                BMP280_I2C_ReadRegister
 .text.BMP280_I2C_WriteRegister
                0x0000041c       0x74 ./Drivers/BMP280.o
                0x0000041c                BMP280_I2C_WriteRegister
 .text.BUS_RegBitRead
                0x00000490       0x2c ./Drivers/DHT22.o
 .text.GPIO_PinInGet
                0x000004bc       0x54 ./Drivers/DHT22.o
 .text.GPIO_PinOutSet
                0x00000510       0x58 ./Drivers/DHT22.o
 .text.INT_Disable
                0x00000568       0x2c ./Drivers/DHT22.o
 .text.DHT22_ExpectPulse
                0x00000594       0x38 ./Drivers/DHT22.o
                0x00000594                DHT22_ExpectPulse
 .text.DHT22_ReadSensor
                0x000005cc      0x1ac ./Drivers/DHT22.o
                0x000005cc                DHT22_ReadSensor
 .text.DHT22_ReadTemperature
                0x00000778       0xa8 ./Drivers/DHT22.o
                0x00000778                DHT22_ReadTemperature
 .text.DHT22_ReadHumidity
                0x00000820       0x98 ./Drivers/DHT22.o
                0x00000820                DHT22_ReadHumidity
 .text.BH1750_Configure
                0x000008b8       0xdc ./Drivers/FH1750.o
                0x000008b8                BH1750_Configure
 .text.BH1750_ReadData
                0x00000994       0x78 ./Drivers/FH1750.o
                0x00000994                BH1750_ReadData
 .text.delay_ms
                0x00000a0c       0x2c ./Drivers/FH1750.o
                0x00000a0c                delay_ms
 .text.BH1750_I2CWriteByte
                0x00000a38       0x5c ./Drivers/FH1750.o
                0x00000a38                BH1750_I2CWriteByte
 .text.BH1750_readLightLevel
                0x00000a94      0x1c8 ./Drivers/FH1750.o
                0x00000a94                BH1750_readLightLevel
 .text.NVIC_EnableIRQ
                0x00000c5c       0x30 ./Drivers/gpiointerrupt.o
 .text.NVIC_ClearPendingIRQ
                0x00000c8c       0x34 ./Drivers/gpiointerrupt.o
 .text.GPIO_IntClear
                0x00000cc0       0x20 ./Drivers/gpiointerrupt.o
 .text.GPIO_IntGetEnabled
                0x00000ce0       0x28 ./Drivers/gpiointerrupt.o
 .text.SL_CTZ   0x00000d08       0x28 ./Drivers/gpiointerrupt.o
 .text.GPIOINT_Init
                0x00000d30       0x20 ./Drivers/gpiointerrupt.o
                0x00000d30                GPIOINT_Init
 .text.GPIOINT_CallbackRegister
                0x00000d50       0x2c ./Drivers/gpiointerrupt.o
                0x00000d50                GPIOINT_CallbackRegister
 .text.GPIOINT_IRQDispatcher
                0x00000d7c       0x50 ./Drivers/gpiointerrupt.o
 .text.GPIO_EVEN_IRQHandler
                0x00000dcc       0x28 ./Drivers/gpiointerrupt.o
                0x00000dcc                GPIO_EVEN_IRQHandler
 .text.GPIO_ODD_IRQHandler
                0x00000df4       0x28 ./Drivers/gpiointerrupt.o
                0x00000df4                GPIO_ODD_IRQHandler
 .text._exit    0x00000e1c        0xc ./Drivers/retargetio.o
                0x00000e1c                _exit
 .text.RTC_CounterGet
                0x00000e28       0x18 ./Drivers/rtcdriver.o
 .text.RTC_IntClear
                0x00000e40       0x1c ./Drivers/rtcdriver.o
 .text.RTC_IntDisable
                0x00000e5c       0x24 ./Drivers/rtcdriver.o
 .text.RTC_IntEnable
                0x00000e80       0x24 ./Drivers/rtcdriver.o
 .text.RTC_IntGetEnabled
                0x00000ea4       0x24 ./Drivers/rtcdriver.o
 .text.RTC_IRQHandler
                0x00000ec8       0xb4 ./Drivers/rtcdriver.o
                0x00000ec8                RTC_IRQHandler
 .text.checkAllTimers
                0x00000f7c      0x2c8 ./Drivers/rtcdriver.o
 .text.executeTimerCallbacks
                0x00001244       0x64 ./Drivers/rtcdriver.o
 .text.rescheduleRtc
                0x000012a8      0x10c ./Drivers/rtcdriver.o
 .text.NVIC_ClearPendingIRQ
                0x000013b4       0x34 ./Drivers/udelay.o
 .text.RTC_CounterGet
                0x000013e8       0x18 ./Drivers/udelay.o
 .text.UDELAY_Calibrate
                0x00001400      0x1b4 ./Drivers/udelay.o
                0x00001400                UDELAY_Calibrate
 .text.UDELAY_Delay
                0x000015b4       0x38 ./Drivers/udelay.o
                0x000015b4                UDELAY_Delay
 .text.calibrate_delay
                0x000015ec       0xd8 ./Drivers/udelay.o
 .text.clock    0x000016c4       0x10 ./Drivers/udelay.o
 .text._delay   0x000016d4       0x18 ./Drivers/udelay.o
 .text.TIMER_IntClear
                0x000016ec       0x1c ./Drivers/ustimer.o
 .text.TIMER_IntGet
                0x00001708       0x18 ./Drivers/ustimer.o
 .text.TIMER0_IRQHandler
                0x00001720       0x34 ./Drivers/ustimer.o
                0x00001720                TIMER0_IRQHandler
 .text.BUS_RegBitWrite
                0x00001754       0x2c ./emlib/em_cmu.o
 .text.BUS_RegBitRead
                0x00001780       0x2c ./emlib/em_cmu.o
 .text.CMU_DivToLog2
                0x000017ac       0x34 ./emlib/em_cmu.o
 .text.CMU_Log2ToDiv
                0x000017e0       0x1c ./emlib/em_cmu.o
 .text.SYSTEM_GetProdRev
                0x000017fc       0x1c ./emlib/em_cmu.o
 .text.SYSTEM_GetFamily
                0x00001818       0x20 ./emlib/em_cmu.o
 .text.maxFreqHfle
                0x00001838       0x78 ./emlib/em_cmu.o
 .text.setHfLeConfig
                0x000018b0       0x60 ./emlib/em_cmu.o
 .text.getHfLeConfig
                0x00001910       0x20 ./emlib/em_cmu.o
 .text.auxClkGet
                0x00001930       0xb0 ./emlib/em_cmu.o
 .text.dbgClkGet
                0x000019e0       0x40 ./emlib/em_cmu.o
 .text.flashWaitStateControl
                0x00001a20       0xb8 ./emlib/em_cmu.o
 .text.flashWaitStateMax
                0x00001ad8       0x14 ./emlib/em_cmu.o
 .text.CMU_UpdateWaitStates
                0x00001aec       0x18 ./emlib/em_cmu.o
                0x00001aec                CMU_UpdateWaitStates
 .text.lfClkGet
                0x00001b04       0xec ./emlib/em_cmu.o
 .text.syncReg  0x00001bf0       0x34 ./emlib/em_cmu.o
 .text.usbCClkGet
                0x00001c24       0x4c ./emlib/em_cmu.o
 .text.CMU_ClockDivGet
                0x00001c70      0x13c ./emlib/em_cmu.o
                0x00001c70                CMU_ClockDivGet
 .text.CMU_ClockDivSet
                0x00001dac      0x1e0 ./emlib/em_cmu.o
                0x00001dac                CMU_ClockDivSet
 .text.CMU_ClockEnable
                0x00001f8c       0xd0 ./emlib/em_cmu.o
                0x00001f8c                CMU_ClockEnable
 .text.CMU_ClockFreqGet
                0x0000205c      0x170 ./emlib/em_cmu.o
                0x0000205c                CMU_ClockFreqGet
 .text.CMU_ClockSelectGet
                0x000021cc      0x15c ./emlib/em_cmu.o
                0x000021cc                CMU_ClockSelectGet
 .text.CMU_ClockSelectSet
                0x00002328      0x29c ./emlib/em_cmu.o
                0x00002328                CMU_ClockSelectSet
 .text.CMU_OscillatorEnable
                0x000025c4       0xbc ./emlib/em_cmu.o
                0x000025c4                CMU_OscillatorEnable
 .text.CORE_EnterAtomic
                0x00002680       0x20 ./emlib/em_core.o
                0x00002680                CORE_EnterAtomic
 .text.CORE_ExitAtomic
                0x000026a0       0x1c ./emlib/em_core.o
                0x000026a0                CORE_ExitAtomic
 .text.DMA_IRQHandler
                0x000026bc       0xd8 ./emlib/em_dma.o
                0x000026bc                DMA_IRQHandler
 .text.BUS_RegBitWrite
                0x00002794       0x2c ./emlib/em_gpio.o
 .text.BUS_RegMaskedWrite
                0x000027c0       0x28 ./emlib/em_gpio.o
 .text.GPIO_PinOutClear
                0x000027e8       0x58 ./emlib/em_gpio.o
 .text.GPIO_PinOutSet
                0x00002840       0x58 ./emlib/em_gpio.o
 .text.GPIO_ExtIntConfig
                0x00002898       0xd4 ./emlib/em_gpio.o
                0x00002898                GPIO_ExtIntConfig
 .text.GPIO_PinModeSet
                0x0000296c      0x10c ./emlib/em_gpio.o
                0x0000296c                GPIO_PinModeSet
 .text.BUS_RegBitWrite
                0x00002a78       0x2c ./emlib/em_i2c.o
 .text.BUS_RegMaskedWrite
                0x00002aa4       0x28 ./emlib/em_i2c.o
 .text.I2C_BusFreqSet
                0x00002acc       0xfc ./emlib/em_i2c.o
                0x00002acc                I2C_BusFreqSet
 .text.I2C_Init
                0x00002bc8       0x78 ./emlib/em_i2c.o
                0x00002bc8                I2C_Init
 .text.I2C_Transfer
                0x00002c40      0x44c ./emlib/em_i2c.o
                0x00002c40                I2C_Transfer
 .text.I2C_TransferInit
                0x0000308c       0xe8 ./emlib/em_i2c.o
                0x0000308c                I2C_TransferInit
 .text.BUS_RegBitWrite
                0x00003174       0x2c ./emlib/em_rtc.o
 .text.RTC_CompareGet
                0x000031a0       0x3c ./emlib/em_rtc.o
                0x000031a0                RTC_CompareGet
 .text.RTC_CompareSet
                0x000031dc       0x3c ./emlib/em_rtc.o
                0x000031dc                RTC_CompareSet
 .text.RTC_Enable
                0x00003218       0x20 ./emlib/em_rtc.o
                0x00003218                RTC_Enable
 .text.RTC_FreezeEnable
                0x00003238       0x2c ./emlib/em_rtc.o
                0x00003238                RTC_FreezeEnable
 .text.RTC_Init
                0x00003264       0x50 ./emlib/em_rtc.o
                0x00003264                RTC_Init
 .text.SYSTEM_ChipRevisionGet
                0x000032b4       0x74 ./emlib/em_system.o
                0x000032b4                SYSTEM_ChipRevisionGet
 .text.SYSTEM_GetProdRev
                0x00003328       0x1c ./src/main.o
 .text.GPIO_PinOutClear
                0x00003344       0x58 ./src/main.o
 .text.GPIO_PinOutSet
                0x0000339c       0x58 ./src/main.o
 .text.GPIO_IntConfig
                0x000033f4       0x38 ./src/main.o
 .text.CHIP_Init
                0x0000342c       0x3c ./src/main.o
 .text.GpioSetup
                0x00003468       0x78 ./src/main.o
 .text.GPIO_PB0_IRQHandler
                0x000034e0       0x30 ./src/main.o
 .text.GPIO_PB1_IRQHandler
                0x00003510       0x38 ./src/main.o
 .text.initI2C  0x00003548       0x88 ./src/main.o
                0x00003548                initI2C
 .text.main     0x000035d0      0x198 ./src/main.o
                0x000035d0                main
 .text          0x00003768      0x370 f:/dev/simplicity/developer/toolchains/gnu_arm/4.9_2015q3/bin/../lib/gcc/arm-none-eabi/4.9.3/armv7-m\libgcc.a(_arm_addsubdf3.o)
                0x00003768                __aeabi_drsub
                0x00003770                __aeabi_dsub
                0x00003770                __subdf3
                0x00003774                __aeabi_dadd
                0x00003774                __adddf3
                0x000039ec                __floatunsidf
                0x000039ec                __aeabi_ui2d
                0x00003a0c                __floatsidf
                0x00003a0c                __aeabi_i2d
                0x00003a30                __aeabi_f2d
                0x00003a30                __extendsfdf2
                0x00003a6c                __floatundidf
                0x00003a6c                __aeabi_ul2d
                0x00003a7c                __floatdidf
                0x00003a7c                __aeabi_l2d
 .text          0x00003ad8      0x424 f:/dev/simplicity/developer/toolchains/gnu_arm/4.9_2015q3/bin/../lib/gcc/arm-none-eabi/4.9.3/armv7-m\libgcc.a(_arm_muldivdf3.o)
                0x00003ad8                __aeabi_dmul
                0x00003ad8                __muldf3
                0x00003d2c                __divdf3
                0x00003d2c                __aeabi_ddiv
 .text          0x00003efc       0xa0 f:/dev/simplicity/developer/toolchains/gnu_arm/4.9_2015q3/bin/../lib/gcc/arm-none-eabi/4.9.3/armv7-m\libgcc.a(_arm_truncdfsf2.o)
                0x00003efc                __truncdfsf2
                0x00003efc                __aeabi_d2f
 .text          0x00003f9c      0x21c f:/dev/simplicity/developer/toolchains/gnu_arm/4.9_2015q3/bin/../lib/gcc/arm-none-eabi/4.9.3/armv7-m\libgcc.a(_arm_addsubsf3.o)
                0x00003f9c                __aeabi_frsub
                0x00003fa4                __subsf3
                0x00003fa4                __aeabi_fsub
                0x00003fa8                __aeabi_fadd
                0x00003fa8                __addsf3
                0x00004108                __aeabi_ui2f
                0x00004108                __floatunsisf
                0x00004110                __aeabi_i2f
                0x00004110                __floatsisf
                0x0000412c                __aeabi_ul2f
                0x0000412c                __floatundisf
                0x0000413c                __aeabi_l2f
                0x0000413c                __floatdisf
 .text          0x000041b8      0x2a0 f:/dev/simplicity/developer/toolchains/gnu_arm/4.9_2015q3/bin/../lib/gcc/arm-none-eabi/4.9.3/armv7-m\libgcc.a(_arm_muldivsf3.o)
                0x000041b8                __mulsf3
                0x000041b8                __aeabi_fmul
                0x00004320                __aeabi_fdiv
                0x00004320                __divsf3
 .text          0x00004458       0xec f:/dev/simplicity/developer/toolchains/gnu_arm/4.9_2015q3/bin/../lib/gcc/arm-none-eabi/4.9.3/armv7-m\libgcc.a(_arm_cmpsf2.o)
                0x00004458                __gesf2
                0x00004458                __gtsf2
                0x00004460                __lesf2
                0x00004460                __ltsf2
                0x00004468                __nesf2
                0x00004468                __eqsf2
                0x00004468                __cmpsf2
                0x000044c8                __aeabi_cfrcmple
                0x000044d0                __aeabi_cfcmpeq
                0x000044d0                __aeabi_cfcmple
                0x000044e0                __aeabi_fcmpeq
                0x000044f4                __aeabi_fcmplt
                0x00004508                __aeabi_fcmple
                0x0000451c                __aeabi_fcmpge
                0x00004530                __aeabi_fcmpgt
 .text          0x00004544       0x30 f:/dev/simplicity/developer/toolchains/gnu_arm/4.9_2015q3/bin/../lib/gcc/arm-none-eabi/4.9.3/armv7-m\libgcc.a(_aeabi_uldivmod.o)
                0x00004544                __aeabi_uldivmod
 .text          0x00004574       0x60 f:/dev/simplicity/developer/toolchains/gnu_arm/4.9_2015q3/bin/../lib/gcc/arm-none-eabi/4.9.3/armv7-m\libgcc.a(bpabi.o)
                0x00004574                __gnu_ldivmod_helper
                0x000045a4                __gnu_uldivmod_helper
 .text          0x000045d4        0x4 f:/dev/simplicity/developer/toolchains/gnu_arm/4.9_2015q3/bin/../lib/gcc/arm-none-eabi/4.9.3/armv7-m\libgcc.a(_dvmd_tls.o)
                0x000045d4                __aeabi_idiv0
                0x000045d4                __aeabi_ldiv0
 .text          0x000045d8      0x2ac f:/dev/simplicity/developer/toolchains/gnu_arm/4.9_2015q3/bin/../lib/gcc/arm-none-eabi/4.9.3/armv7-m\libgcc.a(_divdi3.o)
                0x000045d8                __divdi3
 .text          0x00004884      0x270 f:/dev/simplicity/developer/toolchains/gnu_arm/4.9_2015q3/bin/../lib/gcc/arm-none-eabi/4.9.3/armv7-m\libgcc.a(_udivdi3.o)
                0x00004884                __udivdi3
 .text.exit     0x00004af4       0x28 f:/dev/simplicity/developer/toolchains/gnu_arm/4.9_2015q3/bin/../lib/gcc/arm-none-eabi/4.9.3/../../../../arm-none-eabi/lib/armv7-m\libc_nano.a(lib_a-exit.o)
                0x00004af4                exit
 .text.__libc_init_array
                0x00004b1c       0x4c f:/dev/simplicity/developer/toolchains/gnu_arm/4.9_2015q3/bin/../lib/gcc/arm-none-eabi/4.9.3/../../../../arm-none-eabi/lib/armv7-m\libc_nano.a(lib_a-init.o)
                0x00004b1c                __libc_init_array
 .text.memset   0x00004b68       0x10 f:/dev/simplicity/developer/toolchains/gnu_arm/4.9_2015q3/bin/../lib/gcc/arm-none-eabi/4.9.3/../../../../arm-none-eabi/lib/armv7-m\libc_nano.a(lib_a-memset.o)
                0x00004b68                memset
 *(.init)
 .init          0x00004b78        0x4 f:/dev/simplicity/developer/toolchains/gnu_arm/4.9_2015q3/bin/../lib/gcc/arm-none-eabi/4.9.3/armv7-m/crti.o
                0x00004b78                _init
 .init          0x00004b7c        0x8 f:/dev/simplicity/developer/toolchains/gnu_arm/4.9_2015q3/bin/../lib/gcc/arm-none-eabi/4.9.3/armv7-m/crtn.o
 *(.fini)
 .fini          0x00004b84        0x4 f:/dev/simplicity/developer/toolchains/gnu_arm/4.9_2015q3/bin/../lib/gcc/arm-none-eabi/4.9.3/armv7-m/crti.o
                0x00004b84                _fini
 .fini          0x00004b88        0x8 f:/dev/simplicity/developer/toolchains/gnu_arm/4.9_2015q3/bin/../lib/gcc/arm-none-eabi/4.9.3/armv7-m/crtn.o
 *crtbegin.o(.ctors)
 *crtbegin?.o(.ctors)
 *(EXCLUDE_FILE(*crtend.o *crtend?.o) .ctors)
 *(SORT(.ctors.*))
 *(.ctors)
 *crtbegin.o(.dtors)
 *crtbegin?.o(.dtors)
 *(EXCLUDE_FILE(*crtend.o *crtend?.o) .dtors)
 *(SORT(.dtors.*))
 *(.dtors)
 *(.rodata*)
 .rodata        0x00004b90        0x3 ./Drivers/udelay.o
 *fill*         0x00004b93        0x1 
 .rodata.i2cNSum
                0x00004b94        0x4 ./emlib/em_i2c.o
 .rodata.BH1750_CONV_FACTOR
                0x00004b98        0x4 ./src/main.o
                0x00004b98                BH1750_CONV_FACTOR
 .rodata        0x00004b9c       0x4f ./src/main.o
 *fill*         0x00004beb        0x1 
 .rodata.__sf_fake_stdin
                0x00004bec       0x20 f:/dev/simplicity/developer/toolchains/gnu_arm/4.9_2015q3/bin/../lib/gcc/arm-none-eabi/4.9.3/../../../../arm-none-eabi/lib/armv7-m\libc_nano.a(lib_a-findfp.o)
                0x00004bec                __sf_fake_stdin
 .rodata.__sf_fake_stdout
                0x00004c0c       0x20 f:/dev/simplicity/developer/toolchains/gnu_arm/4.9_2015q3/bin/../lib/gcc/arm-none-eabi/4.9.3/../../../../arm-none-eabi/lib/armv7-m\libc_nano.a(lib_a-findfp.o)
                0x00004c0c                __sf_fake_stdout
 .rodata.__sf_fake_stderr
                0x00004c2c       0x20 f:/dev/simplicity/developer/toolchains/gnu_arm/4.9_2015q3/bin/../lib/gcc/arm-none-eabi/4.9.3/../../../../arm-none-eabi/lib/armv7-m\libc_nano.a(lib_a-findfp.o)
                0x00004c2c                __sf_fake_stderr
 .rodata.str1.1
                0x00004c4c        0x2 f:/dev/simplicity/developer/toolchains/gnu_arm/4.9_2015q3/bin/../lib/gcc/arm-none-eabi/4.9.3/../../../../arm-none-eabi/lib/armv7-m\libc_nano.a(lib_a-impure.o)
 *fill*         0x00004c4e        0x2 
 .rodata._global_impure_ptr
                0x00004c50        0x4 f:/dev/simplicity/developer/toolchains/gnu_arm/4.9_2015q3/bin/../lib/gcc/arm-none-eabi/4.9.3/../../../../arm-none-eabi/lib/armv7-m\libc_nano.a(lib_a-impure.o)
                0x00004c50                _global_impure_ptr
 *(.eh_frame*)
 .eh_frame      0x00004c54        0x0 f:/dev/simplicity/developer/toolchains/gnu_arm/4.9_2015q3/bin/../lib/gcc/arm-none-eabi/4.9.3/armv7-m/crtbegin.o
 .eh_frame      0x00004c54        0x4 f:/dev/simplicity/developer/toolchains/gnu_arm/4.9_2015q3/bin/../lib/gcc/arm-none-eabi/4.9.3/armv7-m/crtend.o

.glue_7         0x00004c58        0x0
 .glue_7        0x00000000        0x0 linker stubs

.glue_7t        0x00004c58        0x0
 .glue_7t       0x00000000        0x0 linker stubs

.vfp11_veneer   0x00004c58        0x0
 .vfp11_veneer  0x00000000        0x0 linker stubs

.v4_bx          0x00004c58        0x0
 .v4_bx         0x00000000        0x0 linker stubs

.iplt           0x00004c58        0x0
 .iplt          0x00000000        0x0 f:/dev/simplicity/developer/toolchains/gnu_arm/4.9_2015q3/bin/../lib/gcc/arm-none-eabi/4.9.3/armv7-m/crtbegin.o

.ARM.extab
 *(.ARM.extab* .gnu.linkonce.armextab.*)
                0x00004c58                __exidx_start = .

.ARM.exidx      0x00004c58        0x8
 *(.ARM.exidx* .gnu.linkonce.armexidx.*)
 .ARM.exidx     0x00004c58        0x8 f:/dev/simplicity/developer/toolchains/gnu_arm/4.9_2015q3/bin/../lib/gcc/arm-none-eabi/4.9.3/../../../../arm-none-eabi/lib/armv7-m/crt0.o
 .ARM.exidx     0x00004c60        0x0 f:/dev/simplicity/developer/toolchains/gnu_arm/4.9_2015q3/bin/../lib/gcc/arm-none-eabi/4.9.3/armv7-m\libgcc.a(_divdi3.o)
                                  0x8 (size before relaxing)
 .ARM.exidx     0x00004c60        0x0 f:/dev/simplicity/developer/toolchains/gnu_arm/4.9_2015q3/bin/../lib/gcc/arm-none-eabi/4.9.3/armv7-m\libgcc.a(_udivdi3.o)
                                  0x8 (size before relaxing)
                0x00004c60                __exidx_end = .
                0x00004c60                __etext = .

.rel.dyn        0x00004c60        0x0
 .rel.iplt      0x00000000        0x0 f:/dev/simplicity/developer/toolchains/gnu_arm/4.9_2015q3/bin/../lib/gcc/arm-none-eabi/4.9.3/armv7-m/crtbegin.o

.data           0x20000000       0x80 load address 0x00004c60
                0x20000000                __data_start__ = .
 *(vtable)
 *(.data*)
 .data.SystemHFXOClock
                0x20000000        0x4 ./CMSIS/EZR32LG/system_ezr32lg.o
 .data.SystemLFXOClock
                0x20000004        0x4 ./CMSIS/EZR32LG/system_ezr32lg.o
 .data.SystemCoreClock
                0x20000008        0x4 ./CMSIS/EZR32LG/system_ezr32lg.o
                0x20000008                SystemCoreClock
 .data.loops_per_jiffy
                0x2000000c        0x4 ./Drivers/udelay.o
                0x2000000c                loops_per_jiffy
 .data.BH1750_MODE
                0x20000010        0x1 ./src/main.o
                0x20000010                BH1750_MODE
 *fill*         0x20000011        0x3 
 .data.impure_data
                0x20000014       0x60 f:/dev/simplicity/developer/toolchains/gnu_arm/4.9_2015q3/bin/../lib/gcc/arm-none-eabi/4.9.3/../../../../arm-none-eabi/lib/armv7-m\libc_nano.a(lib_a-impure.o)
                0x20000074                . = ALIGN (0x4)
 *(.ram)
                0x20000074                . = ALIGN (0x4)
                0x20000074                PROVIDE (__preinit_array_start, .)
 *(.preinit_array)
                0x20000074                PROVIDE (__preinit_array_end, .)
                0x20000074                . = ALIGN (0x4)
                0x20000074                PROVIDE (__init_array_start, .)
 *(SORT(.init_array.*))
 *(.init_array)
 .init_array    0x20000074        0x4 f:/dev/simplicity/developer/toolchains/gnu_arm/4.9_2015q3/bin/../lib/gcc/arm-none-eabi/4.9.3/armv7-m/crtbegin.o
                0x20000078                PROVIDE (__init_array_end, .)
                0x20000078                . = ALIGN (0x4)
                0x20000078                PROVIDE (__fini_array_start, .)
 *(SORT(.fini_array.*))
 *(.fini_array)
 .fini_array    0x20000078        0x4 f:/dev/simplicity/developer/toolchains/gnu_arm/4.9_2015q3/bin/../lib/gcc/arm-none-eabi/4.9.3/armv7-m/crtbegin.o
                0x2000007c                PROVIDE (__fini_array_end, .)
 *(.jcr*)
 .jcr           0x2000007c        0x0 f:/dev/simplicity/developer/toolchains/gnu_arm/4.9_2015q3/bin/../lib/gcc/arm-none-eabi/4.9.3/armv7-m/crtbegin.o
 .jcr           0x2000007c        0x4 f:/dev/simplicity/developer/toolchains/gnu_arm/4.9_2015q3/bin/../lib/gcc/arm-none-eabi/4.9.3/armv7-m/crtend.o
                0x20000080                . = ALIGN (0x4)
                0x20000080                __data_end__ = .

.igot.plt       0x20000080        0x0 load address 0x00004ce0
 .igot.plt      0x00000000        0x0 f:/dev/simplicity/developer/toolchains/gnu_arm/4.9_2015q3/bin/../lib/gcc/arm-none-eabi/4.9.3/armv7-m/crtbegin.o

.bss            0x20000080      0x2b4 load address 0x00004ce0
                0x20000080                . = ALIGN (0x4)
                0x20000080                __bss_start__ = .
 *(.bss*)
 .bss           0x20000080       0x1c f:/dev/simplicity/developer/toolchains/gnu_arm/4.9_2015q3/bin/../lib/gcc/arm-none-eabi/4.9.3/armv7-m/crtbegin.o
 .bss.INT_LockCnt
                0x2000009c        0x4 ./Drivers/DHT22.o
                0x2000009c                INT_LockCnt
 .bss.gpioCallbacks
                0x200000a0       0x40 ./Drivers/gpiointerrupt.o
 .bss.timer     0x200000e0       0xa0 ./Drivers/rtcdriver.o
 .bss.lastStart
                0x20000180        0x4 ./Drivers/rtcdriver.o
 .bss.inTimerIRQ
                0x20000184        0x1 ./Drivers/rtcdriver.o
 .bss.rtcRunning
                0x20000185        0x1 ./Drivers/rtcdriver.o
 .bss.timeElapsed
                0x20000186        0x1 ./Drivers/ustimer.o
 *fill*         0x20000187        0x1 
 .bss.i2cTransfer
                0x20000188       0x18 ./emlib/em_i2c.o
 .bss.rxIndex   0x200001a0        0x1 ./src/main.o
                0x200001a0                rxIndex
 .bss.BH1750_MTreg
                0x200001a1        0x1 ./src/main.o
                0x200001a1                BH1750_MTreg
 .bss.appTxPktCntr
                0x200001a2        0x2 ./src/main.o
 *(COMMON)
 COMMON         0x200001a4      0x190 ./src/main.o
                0x200001a4                rxBuffer
                0x20000334                . = ALIGN (0x4)
                0x20000334                __bss_end__ = .

.heap           0x20000338      0xc00
                0x20000338                __HeapBase = .
                0x20000338                __end__ = .
                0x20000338                end = __end__
                0x20000338                _end = __end__
 *(.heap*)
 .heap          0x20000338      0xc00 ./CMSIS/EZR32LG/startup_gcc_ezr32lg.o
                0x20000f38                __HeapLimit = .

.stack_dummy    0x20000338      0x400
 *(.stack*)
 .stack         0x20000338      0x400 ./CMSIS/EZR32LG/startup_gcc_ezr32lg.o
                0x20008000                __StackTop = (ORIGIN (RAM) + 0x8000)
                0x20007c00                __StackLimit = (__StackTop - SIZEOF (.stack_dummy))
                0x20008000                PROVIDE (__stack, __StackTop)
                0x00000001                ASSERT ((__StackLimit >= __HeapLimit), region RAM overflowed with stack)
                0x00000001                ASSERT ((0x40000 >= (__etext + SIZEOF (.data))), FLASH memory overflowed !)
OUTPUT(thesis_gecko.axf elf32-littlearm)

.ARM.attributes
                0x00000000       0x29
 .ARM.attributes
                0x00000000       0x1d f:/dev/simplicity/developer/toolchains/gnu_arm/4.9_2015q3/bin/../lib/gcc/arm-none-eabi/4.9.3/armv7-m/crti.o
 .ARM.attributes
                0x0000001d       0x2d f:/dev/simplicity/developer/toolchains/gnu_arm/4.9_2015q3/bin/../lib/gcc/arm-none-eabi/4.9.3/armv7-m/crtbegin.o
 .ARM.attributes
                0x0000004a       0x1b f:/dev/simplicity/developer/toolchains/gnu_arm/4.9_2015q3/bin/../lib/gcc/arm-none-eabi/4.9.3/../../../../arm-none-eabi/lib/armv7-m/crt0.o
 .ARM.attributes
                0x00000065       0x1b ./CMSIS/EZR32LG/startup_gcc_ezr32lg.o
 .ARM.attributes
                0x00000080       0x33 ./CMSIS/EZR32LG/system_ezr32lg.o
 .ARM.attributes
                0x000000b3       0x33 ./Drivers/BMP280.o
 .ARM.attributes
                0x000000e6       0x33 ./Drivers/DHT22.o
 .ARM.attributes
                0x00000119       0x33 ./Drivers/FH1750.o
 .ARM.attributes
                0x0000014c       0x33 ./Drivers/gpiointerrupt.o
 .ARM.attributes
                0x0000017f       0x33 ./Drivers/retargetio.o
 .ARM.attributes
                0x000001b2       0x33 ./Drivers/rtcdriver.o
 .ARM.attributes
                0x000001e5       0x33 ./Drivers/udelay.o
 .ARM.attributes
                0x00000218       0x33 ./Drivers/ustimer.o
 .ARM.attributes
                0x0000024b       0x33 ./emlib/em_cmu.o
 .ARM.attributes
                0x0000027e       0x33 ./emlib/em_core.o
 .ARM.attributes
                0x000002b1       0x33 ./emlib/em_dma.o
 .ARM.attributes
                0x000002e4       0x33 ./emlib/em_gpio.o
 .ARM.attributes
                0x00000317       0x33 ./emlib/em_i2c.o
 .ARM.attributes
                0x0000034a       0x33 ./emlib/em_rtc.o
 .ARM.attributes
                0x0000037d       0x33 ./emlib/em_system.o
 .ARM.attributes
                0x000003b0       0x33 ./src/main.o
 .ARM.attributes
                0x000003e3       0x1d f:/dev/simplicity/developer/toolchains/gnu_arm/4.9_2015q3/bin/../lib/gcc/arm-none-eabi/4.9.3/armv7-m\libgcc.a(_arm_addsubdf3.o)
 .ARM.attributes
                0x00000400       0x1d f:/dev/simplicity/developer/toolchains/gnu_arm/4.9_2015q3/bin/../lib/gcc/arm-none-eabi/4.9.3/armv7-m\libgcc.a(_arm_muldivdf3.o)
 .ARM.attributes
                0x0000041d       0x1d f:/dev/simplicity/developer/toolchains/gnu_arm/4.9_2015q3/bin/../lib/gcc/arm-none-eabi/4.9.3/armv7-m\libgcc.a(_arm_truncdfsf2.o)
 .ARM.attributes
                0x0000043a       0x1d f:/dev/simplicity/developer/toolchains/gnu_arm/4.9_2015q3/bin/../lib/gcc/arm-none-eabi/4.9.3/armv7-m\libgcc.a(_arm_addsubsf3.o)
 .ARM.attributes
                0x00000457       0x1d f:/dev/simplicity/developer/toolchains/gnu_arm/4.9_2015q3/bin/../lib/gcc/arm-none-eabi/4.9.3/armv7-m\libgcc.a(_arm_muldivsf3.o)
 .ARM.attributes
                0x00000474       0x1d f:/dev/simplicity/developer/toolchains/gnu_arm/4.9_2015q3/bin/../lib/gcc/arm-none-eabi/4.9.3/armv7-m\libgcc.a(_arm_cmpsf2.o)
 .ARM.attributes
                0x00000491       0x1d f:/dev/simplicity/developer/toolchains/gnu_arm/4.9_2015q3/bin/../lib/gcc/arm-none-eabi/4.9.3/armv7-m\libgcc.a(_aeabi_uldivmod.o)
 .ARM.attributes
                0x000004ae       0x2d f:/dev/simplicity/developer/toolchains/gnu_arm/4.9_2015q3/bin/../lib/gcc/arm-none-eabi/4.9.3/armv7-m\libgcc.a(bpabi.o)
 .ARM.attributes
                0x000004db       0x1d f:/dev/simplicity/developer/toolchains/gnu_arm/4.9_2015q3/bin/../lib/gcc/arm-none-eabi/4.9.3/armv7-m\libgcc.a(_dvmd_tls.o)
 .ARM.attributes
                0x000004f8       0x2d f:/dev/simplicity/developer/toolchains/gnu_arm/4.9_2015q3/bin/../lib/gcc/arm-none-eabi/4.9.3/armv7-m\libgcc.a(_divdi3.o)
 .ARM.attributes
                0x00000525       0x2d f:/dev/simplicity/developer/toolchains/gnu_arm/4.9_2015q3/bin/../lib/gcc/arm-none-eabi/4.9.3/armv7-m\libgcc.a(_udivdi3.o)
 .ARM.attributes
                0x00000552       0x2d f:/dev/simplicity/developer/toolchains/gnu_arm/4.9_2015q3/bin/../lib/gcc/arm-none-eabi/4.9.3/../../../../arm-none-eabi/lib/armv7-m\libc_nano.a(lib_a-exit.o)
 .ARM.attributes
                0x0000057f       0x2d f:/dev/simplicity/developer/toolchains/gnu_arm/4.9_2015q3/bin/../lib/gcc/arm-none-eabi/4.9.3/../../../../arm-none-eabi/lib/armv7-m\libc_nano.a(lib_a-findfp.o)
 .ARM.attributes
                0x000005ac       0x2d f:/dev/simplicity/developer/toolchains/gnu_arm/4.9_2015q3/bin/../lib/gcc/arm-none-eabi/4.9.3/../../../../arm-none-eabi/lib/armv7-m\libc_nano.a(lib_a-impure.o)
 .ARM.attributes
                0x000005d9       0x2d f:/dev/simplicity/developer/toolchains/gnu_arm/4.9_2015q3/bin/../lib/gcc/arm-none-eabi/4.9.3/../../../../arm-none-eabi/lib/armv7-m\libc_nano.a(lib_a-init.o)
 .ARM.attributes
                0x00000606       0x2d f:/dev/simplicity/developer/toolchains/gnu_arm/4.9_2015q3/bin/../lib/gcc/arm-none-eabi/4.9.3/../../../../arm-none-eabi/lib/armv7-m\libc_nano.a(lib_a-memset.o)
 .ARM.attributes
                0x00000633       0x2d f:/dev/simplicity/developer/toolchains/gnu_arm/4.9_2015q3/bin/../lib/gcc/arm-none-eabi/4.9.3/armv7-m/crtend.o
 .ARM.attributes
                0x00000660       0x1d f:/dev/simplicity/developer/toolchains/gnu_arm/4.9_2015q3/bin/../lib/gcc/arm-none-eabi/4.9.3/armv7-m/crtn.o

.comment        0x00000000       0x70
 .comment       0x00000000       0x70 ./CMSIS/EZR32LG/system_ezr32lg.o
                                 0x71 (size before relaxing)
 .comment       0x00000000       0x71 ./Drivers/BMP280.o
 .comment       0x00000000       0x71 ./Drivers/DHT22.o
 .comment       0x00000000       0x71 ./Drivers/FH1750.o
 .comment       0x00000000       0x71 ./Drivers/gpiointerrupt.o
 .comment       0x00000000       0x71 ./Drivers/retargetio.o
 .comment       0x00000000       0x71 ./Drivers/rtcdriver.o
 .comment       0x00000000       0x71 ./Drivers/udelay.o
 .comment       0x00000000       0x71 ./Drivers/ustimer.o
 .comment       0x00000000       0x71 ./emlib/em_cmu.o
 .comment       0x00000000       0x71 ./emlib/em_core.o
 .comment       0x00000000       0x71 ./emlib/em_dma.o
 .comment       0x00000000       0x71 ./emlib/em_gpio.o
 .comment       0x00000000       0x71 ./emlib/em_i2c.o
 .comment       0x00000000       0x71 ./emlib/em_rtc.o
 .comment       0x00000000       0x71 ./emlib/em_system.o
 .comment       0x00000000       0x71 ./src/main.o

.debug_line     0x00000000     0xacc5
 .debug_line    0x00000000       0x72 ./CMSIS/EZR32LG/startup_gcc_ezr32lg.o
 .debug_line    0x00000072      0x79d ./CMSIS/EZR32LG/system_ezr32lg.o
 .debug_line    0x0000080f      0x8d9 ./Drivers/BMP280.o
 .debug_line    0x000010e8      0x94f ./Drivers/DHT22.o
 .debug_line    0x00001a37      0x83c ./Drivers/FH1750.o
 .debug_line    0x00002273      0x88e ./Drivers/gpiointerrupt.o
 .debug_line    0x00002b01      0x89d ./Drivers/retargetio.o
 .debug_line    0x0000339e      0xc17 ./Drivers/rtcdriver.o
 .debug_line    0x00003fb5      0x89b ./Drivers/udelay.o
 .debug_line    0x00004850      0xac0 ./Drivers/ustimer.o
 .debug_line    0x00005310      0xf3a ./emlib/em_cmu.o
 .debug_line    0x0000624a      0xa7e ./emlib/em_core.o
 .debug_line    0x00006cc8      0xa7e ./emlib/em_dma.o
 .debug_line    0x00007746      0x8eb ./emlib/em_gpio.o
 .debug_line    0x00008031      0x9a1 ./emlib/em_i2c.o
 .debug_line    0x000089d2      0x7e0 ./emlib/em_rtc.o
 .debug_line    0x000091b2      0x75b ./emlib/em_system.o
 .debug_line    0x0000990d     0x13b8 ./src/main.o

.debug_info     0x00000000     0xb85c
 .debug_info    0x00000000       0x8c ./CMSIS/EZR32LG/startup_gcc_ezr32lg.o
 .debug_info    0x0000008c      0x5b0 ./CMSIS/EZR32LG/system_ezr32lg.o
 .debug_info    0x0000063c      0x7a0 ./Drivers/BMP280.o
 .debug_info    0x00000ddc      0x5f7 ./Drivers/DHT22.o
 .debug_info    0x000013d3      0x615 ./Drivers/FH1750.o
 .debug_info    0x000019e8      0x79b ./Drivers/gpiointerrupt.o
 .debug_info    0x00002183      0xde8 ./Drivers/retargetio.o
 .debug_info    0x00002f6b      0xd5c ./Drivers/rtcdriver.o
 .debug_info    0x00003cc7      0xa01 ./Drivers/udelay.o
 .debug_info    0x000046c8     0x108f ./Drivers/ustimer.o
 .debug_info    0x00005757     0x141b ./emlib/em_cmu.o
 .debug_info    0x00006b72      0xcf6 ./emlib/em_core.o
 .debug_info    0x00007868     0x12c9 ./emlib/em_dma.o
 .debug_info    0x00008b31      0x663 ./emlib/em_gpio.o
 .debug_info    0x00009194      0x856 ./emlib/em_i2c.o
 .debug_info    0x000099ea      0x347 ./emlib/em_rtc.o
 .debug_info    0x00009d31      0x27a ./emlib/em_system.o
 .debug_info    0x00009fab     0x18b1 ./src/main.o

.debug_abbrev   0x00000000     0x2361
 .debug_abbrev  0x00000000       0x14 ./CMSIS/EZR32LG/startup_gcc_ezr32lg.o
 .debug_abbrev  0x00000014      0x170 ./CMSIS/EZR32LG/system_ezr32lg.o
 .debug_abbrev  0x00000184      0x1a4 ./Drivers/BMP280.o
 .debug_abbrev  0x00000328      0x1f0 ./Drivers/DHT22.o
 .debug_abbrev  0x00000518      0x191 ./Drivers/FH1750.o
 .debug_abbrev  0x000006a9      0x24f ./Drivers/gpiointerrupt.o
 .debug_abbrev  0x000008f8      0x25d ./Drivers/retargetio.o
 .debug_abbrev  0x00000b55      0x2a1 ./Drivers/rtcdriver.o
 .debug_abbrev  0x00000df6      0x1d0 ./Drivers/udelay.o
 .debug_abbrev  0x00000fc6      0x23c ./Drivers/ustimer.o
 .debug_abbrev  0x00001202      0x2d4 ./emlib/em_cmu.o
 .debug_abbrev  0x000014d6      0x23c ./emlib/em_core.o
 .debug_abbrev  0x00001712      0x250 ./emlib/em_dma.o
 .debug_abbrev  0x00001962      0x1c5 ./emlib/em_gpio.o
 .debug_abbrev  0x00001b27      0x25c ./emlib/em_i2c.o
 .debug_abbrev  0x00001d83      0x19b ./emlib/em_rtc.o
 .debug_abbrev  0x00001f1e      0x10c ./emlib/em_system.o
 .debug_abbrev  0x0000202a      0x337 ./src/main.o

.debug_aranges  0x00000000      0x928
 .debug_aranges
                0x00000000       0x20 ./CMSIS/EZR32LG/startup_gcc_ezr32lg.o
 .debug_aranges
                0x00000020       0x70 ./CMSIS/EZR32LG/system_ezr32lg.o
 .debug_aranges
                0x00000090       0x50 ./Drivers/BMP280.o
 .debug_aranges
                0x000000e0       0x58 ./Drivers/DHT22.o
 .debug_aranges
                0x00000138       0x48 ./Drivers/FH1750.o
 .debug_aranges
                0x00000180       0x68 ./Drivers/gpiointerrupt.o
 .debug_aranges
                0x000001e8       0x68 ./Drivers/retargetio.o
 .debug_aranges
                0x00000250       0xc8 ./Drivers/rtcdriver.o
 .debug_aranges
                0x00000318       0x50 ./Drivers/udelay.o
 .debug_aranges
                0x00000368       0xc0 ./Drivers/ustimer.o
 .debug_aranges
                0x00000428      0x170 ./emlib/em_cmu.o
 .debug_aranges
                0x00000598       0xe8 ./emlib/em_core.o
 .debug_aranges
                0x00000680       0xc0 ./emlib/em_dma.o
 .debug_aranges
                0x00000740       0x70 ./emlib/em_gpio.o
 .debug_aranges
                0x000007b0       0x60 ./emlib/em_i2c.o
 .debug_aranges
                0x00000810       0x58 ./emlib/em_rtc.o
 .debug_aranges
                0x00000868       0x28 ./emlib/em_system.o
 .debug_aranges
                0x00000890       0x98 ./src/main.o

.debug_loc      0x00000000     0x4c78
 .debug_loc     0x00000000      0x31c ./CMSIS/EZR32LG/system_ezr32lg.o
 .debug_loc     0x0000031c      0x23c ./Drivers/BMP280.o
 .debug_loc     0x00000558      0x28e ./Drivers/DHT22.o
 .debug_loc     0x000007e6      0x1e0 ./Drivers/FH1750.o
 .debug_loc     0x000009c6      0x338 ./Drivers/gpiointerrupt.o
 .debug_loc     0x00000cfe      0x338 ./Drivers/retargetio.o
 .debug_loc     0x00001036      0x6e4 ./Drivers/rtcdriver.o
 .debug_loc     0x0000171a      0x224 ./Drivers/udelay.o
 .debug_loc     0x0000193e      0x6d8 ./Drivers/ustimer.o
 .debug_loc     0x00002016      0xda0 ./emlib/em_cmu.o
 .debug_loc     0x00002db6      0x88c ./emlib/em_core.o
 .debug_loc     0x00003642      0x72c ./emlib/em_dma.o
 .debug_loc     0x00003d6e      0x3d0 ./emlib/em_gpio.o
 .debug_loc     0x0000413e      0x300 ./emlib/em_i2c.o
 .debug_loc     0x0000443e      0x28c ./emlib/em_rtc.o
 .debug_loc     0x000046ca       0xb8 ./emlib/em_system.o
 .debug_loc     0x00004782      0x4f6 ./src/main.o

.debug_ranges   0x00000000      0x7f8
 .debug_ranges  0x00000000       0x60 ./CMSIS/EZR32LG/system_ezr32lg.o
 .debug_ranges  0x00000060       0x40 ./Drivers/BMP280.o
 .debug_ranges  0x000000a0       0x48 ./Drivers/DHT22.o
 .debug_ranges  0x000000e8       0x38 ./Drivers/FH1750.o
 .debug_ranges  0x00000120       0x58 ./Drivers/gpiointerrupt.o
 .debug_ranges  0x00000178       0x58 ./Drivers/retargetio.o
 .debug_ranges  0x000001d0       0xb8 ./Drivers/rtcdriver.o
 .debug_ranges  0x00000288       0x40 ./Drivers/udelay.o
 .debug_ranges  0x000002c8       0xb0 ./Drivers/ustimer.o
 .debug_ranges  0x00000378      0x160 ./emlib/em_cmu.o
 .debug_ranges  0x000004d8       0xd8 ./emlib/em_core.o
 .debug_ranges  0x000005b0       0xb0 ./emlib/em_dma.o
 .debug_ranges  0x00000660       0x60 ./emlib/em_gpio.o
 .debug_ranges  0x000006c0       0x50 ./emlib/em_i2c.o
 .debug_ranges  0x00000710       0x48 ./emlib/em_rtc.o
 .debug_ranges  0x00000758       0x18 ./emlib/em_system.o
 .debug_ranges  0x00000770       0x88 ./src/main.o

.debug_macro    0x00000000    0x245f1
 .debug_macro   0x00000000      0x261 ./CMSIS/EZR32LG/system_ezr32lg.o
 .debug_macro   0x00000261      0x886 ./CMSIS/EZR32LG/system_ezr32lg.o
 .debug_macro   0x00000ae7       0x22 ./CMSIS/EZR32LG/system_ezr32lg.o
 .debug_macro   0x00000b09       0x44 ./CMSIS/EZR32LG/system_ezr32lg.o
 .debug_macro   0x00000b4d       0xe3 ./CMSIS/EZR32LG/system_ezr32lg.o
 .debug_macro   0x00000c30       0x22 ./CMSIS/EZR32LG/system_ezr32lg.o
 .debug_macro   0x00000c52      0x1df ./CMSIS/EZR32LG/system_ezr32lg.o
 .debug_macro   0x00000e31      0x3e8 ./CMSIS/EZR32LG/system_ezr32lg.o
 .debug_macro   0x00001219       0x3a ./CMSIS/EZR32LG/system_ezr32lg.o
 .debug_macro   0x00001253       0x34 ./CMSIS/EZR32LG/system_ezr32lg.o
 .debug_macro   0x00001287      0xca6 ./CMSIS/EZR32LG/system_ezr32lg.o
 .debug_macro   0x00001f2d     0x2826 ./CMSIS/EZR32LG/system_ezr32lg.o
 .debug_macro   0x00004753      0x3a1 ./CMSIS/EZR32LG/system_ezr32lg.o
 .debug_macro   0x00004af4     0x3f12 ./CMSIS/EZR32LG/system_ezr32lg.o
 .debug_macro   0x00008a06      0x8d5 ./CMSIS/EZR32LG/system_ezr32lg.o
 .debug_macro   0x000092db      0x655 ./CMSIS/EZR32LG/system_ezr32lg.o
 .debug_macro   0x00009930      0x286 ./CMSIS/EZR32LG/system_ezr32lg.o
 .debug_macro   0x00009bb6     0x1cd6 ./CMSIS/EZR32LG/system_ezr32lg.o
 .debug_macro   0x0000b88c     0x30ce ./CMSIS/EZR32LG/system_ezr32lg.o
 .debug_macro   0x0000e95a     0x1bf9 ./CMSIS/EZR32LG/system_ezr32lg.o
 .debug_macro   0x00010553     0x170c ./CMSIS/EZR32LG/system_ezr32lg.o
 .debug_macro   0x00011c5f      0x6db ./CMSIS/EZR32LG/system_ezr32lg.o
 .debug_macro   0x0001233a      0xfe3 ./CMSIS/EZR32LG/system_ezr32lg.o
 .debug_macro   0x0001331d      0x382 ./CMSIS/EZR32LG/system_ezr32lg.o
 .debug_macro   0x0001369f      0x858 ./CMSIS/EZR32LG/system_ezr32lg.o
 .debug_macro   0x00013ef7      0x897 ./CMSIS/EZR32LG/system_ezr32lg.o
 .debug_macro   0x0001478e     0x106d ./CMSIS/EZR32LG/system_ezr32lg.o
 .debug_macro   0x000157fb     0x1d32 ./CMSIS/EZR32LG/system_ezr32lg.o
 .debug_macro   0x0001752d      0x340 ./CMSIS/EZR32LG/system_ezr32lg.o
 .debug_macro   0x0001786d      0xa69 ./CMSIS/EZR32LG/system_ezr32lg.o
 .debug_macro   0x000182d6      0xf88 ./CMSIS/EZR32LG/system_ezr32lg.o
 .debug_macro   0x0001925e     0x12a8 ./CMSIS/EZR32LG/system_ezr32lg.o
 .debug_macro   0x0001a506      0x750 ./CMSIS/EZR32LG/system_ezr32lg.o
 .debug_macro   0x0001ac56      0x1cc ./CMSIS/EZR32LG/system_ezr32lg.o
 .debug_macro   0x0001ae22     0x1044 ./CMSIS/EZR32LG/system_ezr32lg.o
 .debug_macro   0x0001be66      0x2ef ./CMSIS/EZR32LG/system_ezr32lg.o
 .debug_macro   0x0001c155       0x40 ./CMSIS/EZR32LG/system_ezr32lg.o
 .debug_macro   0x0001c195      0x234 ./CMSIS/EZR32LG/system_ezr32lg.o
 .debug_macro   0x0001c3c9      0x1f2 ./CMSIS/EZR32LG/system_ezr32lg.o
 .debug_macro   0x0001c5bb      0x14e ./CMSIS/EZR32LG/system_ezr32lg.o
 .debug_macro   0x0001c709      0x254 ./CMSIS/EZR32LG/system_ezr32lg.o
 .debug_macro   0x0001c95d     0x1bd9 ./CMSIS/EZR32LG/system_ezr32lg.o
 .debug_macro   0x0001e536     0x1bd9 ./CMSIS/EZR32LG/system_ezr32lg.o
 .debug_macro   0x0002010f       0x2e ./CMSIS/EZR32LG/system_ezr32lg.o
 .debug_macro   0x0002013d      0x200 ./CMSIS/EZR32LG/system_ezr32lg.o
 .debug_macro   0x0002033d      0x200 ./CMSIS/EZR32LG/system_ezr32lg.o
 .debug_macro   0x0002053d      0x32e ./Drivers/BMP280.o
 .debug_macro   0x0002086b       0x34 ./Drivers/BMP280.o
 .debug_macro   0x0002089f       0x22 ./Drivers/BMP280.o
 .debug_macro   0x000208c1       0x10 ./Drivers/BMP280.o
 .debug_macro   0x000208d1       0xc4 ./Drivers/BMP280.o
 .debug_macro   0x00020995       0x45 ./Drivers/BMP280.o
 .debug_macro   0x000209da      0x100 ./Drivers/BMP280.o
 .debug_macro   0x00020ada       0x58 ./Drivers/BMP280.o
 .debug_macro   0x00020b32       0x35 ./Drivers/BMP280.o
 .debug_macro   0x00020b67       0x9c ./Drivers/BMP280.o
 .debug_macro   0x00020c03      0x166 ./Drivers/BMP280.o
 .debug_macro   0x00020d69       0x52 ./Drivers/BMP280.o
 .debug_macro   0x00020dbb       0x16 ./Drivers/BMP280.o
 .debug_macro   0x00020dd1       0x43 ./Drivers/BMP280.o
 .debug_macro   0x00020e14      0x180 ./Drivers/BMP280.o
 .debug_macro   0x00020f94      0x29d ./Drivers/BMP280.o
 .debug_macro   0x00021231       0x10 ./Drivers/BMP280.o
 .debug_macro   0x00021241       0x35 ./Drivers/BMP280.o
 .debug_macro   0x00021276      0x2c1 ./Drivers/DHT22.o
 .debug_macro   0x00021537       0x50 ./Drivers/DHT22.o
 .debug_macro   0x00021587       0xba ./Drivers/DHT22.o
 .debug_macro   0x00021641       0x22 ./Drivers/DHT22.o
 .debug_macro   0x00021663       0x16 ./Drivers/DHT22.o
 .debug_macro   0x00021679      0x26a ./Drivers/FH1750.o
 .debug_macro   0x000218e3       0x3f ./Drivers/FH1750.o
 .debug_macro   0x00021922      0x29e ./Drivers/gpiointerrupt.o
 .debug_macro   0x00021bc0      0x3b3 ./Drivers/retargetio.o
 .debug_macro   0x00021f73       0x10 ./Drivers/retargetio.o
 .debug_macro   0x00021f83       0x10 ./Drivers/retargetio.o
 .debug_macro   0x00021f93       0x10 ./Drivers/retargetio.o
 .debug_macro   0x00021fa3       0x10 ./Drivers/retargetio.o
 .debug_macro   0x00021fb3       0x2e ./Drivers/retargetio.o
 .debug_macro   0x00021fe1      0x122 ./Drivers/retargetio.o
 .debug_macro   0x00022103      0x426 ./Drivers/rtcdriver.o
 .debug_macro   0x00022529       0x10 ./Drivers/rtcdriver.o
 .debug_macro   0x00022539       0x10 ./Drivers/rtcdriver.o
 .debug_macro   0x00022549       0x28 ./Drivers/rtcdriver.o
 .debug_macro   0x00022571      0x2a5 ./Drivers/udelay.o
 .debug_macro   0x00022816      0x324 ./Drivers/ustimer.o
 .debug_macro   0x00022b3a       0x1f ./Drivers/ustimer.o
 .debug_macro   0x00022b59       0x2b ./Drivers/ustimer.o
 .debug_macro   0x00022b84      0x318 ./emlib/em_cmu.o
 .debug_macro   0x00022e9c       0x25 ./emlib/em_cmu.o
 .debug_macro   0x00022ec1       0xee ./emlib/em_cmu.o
 .debug_macro   0x00022faf      0x295 ./emlib/em_core.o
 .debug_macro   0x00023244      0x367 ./emlib/em_dma.o
 .debug_macro   0x000235ab      0x280 ./emlib/em_gpio.o
 .debug_macro   0x0002382b      0x2d9 ./emlib/em_i2c.o
 .debug_macro   0x00023b04      0x27b ./emlib/em_rtc.o
 .debug_macro   0x00023d7f      0x26e ./emlib/em_system.o
 .debug_macro   0x00023fed      0x5c6 ./src/main.o
 .debug_macro   0x000245b3       0x16 ./src/main.o
 .debug_macro   0x000245c9       0x28 ./src/main.o

.debug_str      0x00000000   0x10c440
 .debug_str     0x00000000    0xc6003 ./CMSIS/EZR32LG/system_ezr32lg.o
                              0xc665a (size before relaxing)
 .debug_str     0x000c6003     0x3636 ./Drivers/BMP280.o
                              0xc9a1f (size before relaxing)
 .debug_str     0x000c9639      0xa60 ./Drivers/DHT22.o
                              0xc7767 (size before relaxing)
 .debug_str     0x000ca099      0x185 ./Drivers/FH1750.o
                              0xc67ce (size before relaxing)
 .debug_str     0x000ca21e      0x3b2 ./Drivers/gpiointerrupt.o
                              0xc76aa (size before relaxing)
 .debug_str     0x000ca5d0     0x15fc ./Drivers/retargetio.o
                              0xc9dd2 (size before relaxing)
 .debug_str     0x000cbbcc     0x1afe ./Drivers/rtcdriver.o
                              0xcae7c (size before relaxing)
 .debug_str     0x000cd6ca      0x162 ./Drivers/udelay.o
                              0xc7e59 (size before relaxing)
 .debug_str     0x000cd82c      0xc23 ./Drivers/ustimer.o
                              0xc8ab3 (size before relaxing)
 .debug_str     0x000ce44f      0xcb9 ./emlib/em_cmu.o
                              0xc86ea (size before relaxing)
 .debug_str     0x000cf108      0x36f ./emlib/em_core.o
                              0xc7214 (size before relaxing)
 .debug_str     0x000cf477      0x5c5 ./emlib/em_dma.o
                              0xca805 (size before relaxing)
 .debug_str     0x000cfa3c      0x1fe ./emlib/em_gpio.o
                              0xc6ea7 (size before relaxing)
 .debug_str     0x000cfc3a      0x22e ./emlib/em_i2c.o
                              0xc7962 (size before relaxing)
 .debug_str     0x000cfe68       0xa4 ./emlib/em_rtc.o
                              0xc64ad (size before relaxing)
 .debug_str     0x000cff0c       0xac ./emlib/em_system.o
                              0xc673b (size before relaxing)
 .debug_str     0x000cffb8    0x3c488 ./src/main.o
                             0x107ebc (size before relaxing)

.debug_frame    0x00000000     0x2630
 .debug_frame   0x00000000      0x180 ./CMSIS/EZR32LG/system_ezr32lg.o
 .debug_frame   0x00000180      0x114 ./Drivers/BMP280.o
 .debug_frame   0x00000294      0x138 ./Drivers/DHT22.o
 .debug_frame   0x000003cc       0xe8 ./Drivers/FH1750.o
 .debug_frame   0x000004b4      0x184 ./Drivers/gpiointerrupt.o
 .debug_frame   0x00000638      0x184 ./Drivers/retargetio.o
 .debug_frame   0x000007bc      0x354 ./Drivers/rtcdriver.o
 .debug_frame   0x00000b10      0x10c ./Drivers/udelay.o
 .debug_frame   0x00000c1c      0x32c ./Drivers/ustimer.o
 .debug_frame   0x00000f48      0x63c ./emlib/em_cmu.o
 .debug_frame   0x00001584      0x3dc ./emlib/em_core.o
 .debug_frame   0x00001960      0x340 ./emlib/em_dma.o
 .debug_frame   0x00001ca0      0x1c0 ./emlib/em_gpio.o
 .debug_frame   0x00001e60      0x164 ./emlib/em_i2c.o
 .debug_frame   0x00001fc4      0x138 ./emlib/em_rtc.o
 .debug_frame   0x000020fc       0x60 ./emlib/em_system.o
 .debug_frame   0x0000215c      0x260 ./src/main.o
 .debug_frame   0x000023bc       0x28 f:/dev/simplicity/developer/toolchains/gnu_arm/4.9_2015q3/bin/../lib/gcc/arm-none-eabi/4.9.3/armv7-m\libgcc.a(_aeabi_uldivmod.o)
 .debug_frame   0x000023e4       0x54 f:/dev/simplicity/developer/toolchains/gnu_arm/4.9_2015q3/bin/../lib/gcc/arm-none-eabi/4.9.3/armv7-m\libgcc.a(bpabi.o)
 .debug_frame   0x00002438       0x34 f:/dev/simplicity/developer/toolchains/gnu_arm/4.9_2015q3/bin/../lib/gcc/arm-none-eabi/4.9.3/armv7-m\libgcc.a(_divdi3.o)
 .debug_frame   0x0000246c       0x34 f:/dev/simplicity/developer/toolchains/gnu_arm/4.9_2015q3/bin/../lib/gcc/arm-none-eabi/4.9.3/armv7-m\libgcc.a(_udivdi3.o)
 .debug_frame   0x000024a0       0x28 f:/dev/simplicity/developer/toolchains/gnu_arm/4.9_2015q3/bin/../lib/gcc/arm-none-eabi/4.9.3/../../../../arm-none-eabi/lib/armv7-m\libc_nano.a(lib_a-exit.o)
 .debug_frame   0x000024c8      0x11c f:/dev/simplicity/developer/toolchains/gnu_arm/4.9_2015q3/bin/../lib/gcc/arm-none-eabi/4.9.3/../../../../arm-none-eabi/lib/armv7-m\libc_nano.a(lib_a-findfp.o)
 .debug_frame   0x000025e4       0x2c f:/dev/simplicity/developer/toolchains/gnu_arm/4.9_2015q3/bin/../lib/gcc/arm-none-eabi/4.9.3/../../../../arm-none-eabi/lib/armv7-m\libc_nano.a(lib_a-init.o)
 .debug_frame   0x00002610       0x20 f:/dev/simplicity/developer/toolchains/gnu_arm/4.9_2015q3/bin/../lib/gcc/arm-none-eabi/4.9.3/../../../../arm-none-eabi/lib/armv7-m\libc_nano.a(lib_a-memset.o)
