Archive member included because of file (symbol)

f:/dev/simplicity/developer/toolchains/gnu_arm/4.9_2015q3/bin/../lib/gcc/arm-none-eabi/4.9.3/../../../../arm-none-eabi/lib/armv7-m\libm.a(lib_a-w_pow.o)
                              ./Drivers/DHT22.o (pow)
f:/dev/simplicity/developer/toolchains/gnu_arm/4.9_2015q3/bin/../lib/gcc/arm-none-eabi/4.9.3/../../../../arm-none-eabi/lib/armv7-m\libm.a(lib_a-w_sqrt.o)
                              ./Drivers/DHT22.o (sqrt)
f:/dev/simplicity/developer/toolchains/gnu_arm/4.9_2015q3/bin/../lib/gcc/arm-none-eabi/4.9.3/../../../../arm-none-eabi/lib/armv7-m\libm.a(lib_a-e_pow.o)
                              f:/dev/simplicity/developer/toolchains/gnu_arm/4.9_2015q3/bin/../lib/gcc/arm-none-eabi/4.9.3/../../../../arm-none-eabi/lib/armv7-m\libm.a(lib_a-w_pow.o) (__ieee754_pow)
f:/dev/simplicity/developer/toolchains/gnu_arm/4.9_2015q3/bin/../lib/gcc/arm-none-eabi/4.9.3/../../../../arm-none-eabi/lib/armv7-m\libm.a(lib_a-e_sqrt.o)
                              f:/dev/simplicity/developer/toolchains/gnu_arm/4.9_2015q3/bin/../lib/gcc/arm-none-eabi/4.9.3/../../../../arm-none-eabi/lib/armv7-m\libm.a(lib_a-w_sqrt.o) (__ieee754_sqrt)
f:/dev/simplicity/developer/toolchains/gnu_arm/4.9_2015q3/bin/../lib/gcc/arm-none-eabi/4.9.3/../../../../arm-none-eabi/lib/armv7-m\libm.a(lib_a-s_fabs.o)
                              f:/dev/simplicity/developer/toolchains/gnu_arm/4.9_2015q3/bin/../lib/gcc/arm-none-eabi/4.9.3/../../../../arm-none-eabi/lib/armv7-m\libm.a(lib_a-e_pow.o) (fabs)
f:/dev/simplicity/developer/toolchains/gnu_arm/4.9_2015q3/bin/../lib/gcc/arm-none-eabi/4.9.3/../../../../arm-none-eabi/lib/armv7-m\libm.a(lib_a-s_finite.o)
                              f:/dev/simplicity/developer/toolchains/gnu_arm/4.9_2015q3/bin/../lib/gcc/arm-none-eabi/4.9.3/../../../../arm-none-eabi/lib/armv7-m\libm.a(lib_a-w_pow.o) (finite)
f:/dev/simplicity/developer/toolchains/gnu_arm/4.9_2015q3/bin/../lib/gcc/arm-none-eabi/4.9.3/../../../../arm-none-eabi/lib/armv7-m\libm.a(lib_a-s_fpclassify.o)
                              f:/dev/simplicity/developer/toolchains/gnu_arm/4.9_2015q3/bin/../lib/gcc/arm-none-eabi/4.9.3/../../../../arm-none-eabi/lib/armv7-m\libm.a(lib_a-w_pow.o) (__fpclassifyd)
f:/dev/simplicity/developer/toolchains/gnu_arm/4.9_2015q3/bin/../lib/gcc/arm-none-eabi/4.9.3/../../../../arm-none-eabi/lib/armv7-m\libm.a(lib_a-s_lib_ver.o)
                              f:/dev/simplicity/developer/toolchains/gnu_arm/4.9_2015q3/bin/../lib/gcc/arm-none-eabi/4.9.3/../../../../arm-none-eabi/lib/armv7-m\libm.a(lib_a-w_pow.o) (__fdlib_version)
f:/dev/simplicity/developer/toolchains/gnu_arm/4.9_2015q3/bin/../lib/gcc/arm-none-eabi/4.9.3/../../../../arm-none-eabi/lib/armv7-m\libm.a(lib_a-s_matherr.o)
                              f:/dev/simplicity/developer/toolchains/gnu_arm/4.9_2015q3/bin/../lib/gcc/arm-none-eabi/4.9.3/../../../../arm-none-eabi/lib/armv7-m\libm.a(lib_a-w_pow.o) (matherr)
f:/dev/simplicity/developer/toolchains/gnu_arm/4.9_2015q3/bin/../lib/gcc/arm-none-eabi/4.9.3/../../../../arm-none-eabi/lib/armv7-m\libm.a(lib_a-s_nan.o)
                              f:/dev/simplicity/developer/toolchains/gnu_arm/4.9_2015q3/bin/../lib/gcc/arm-none-eabi/4.9.3/../../../../arm-none-eabi/lib/armv7-m\libm.a(lib_a-e_pow.o) (nan)
f:/dev/simplicity/developer/toolchains/gnu_arm/4.9_2015q3/bin/../lib/gcc/arm-none-eabi/4.9.3/../../../../arm-none-eabi/lib/armv7-m\libm.a(lib_a-s_rint.o)
                              f:/dev/simplicity/developer/toolchains/gnu_arm/4.9_2015q3/bin/../lib/gcc/arm-none-eabi/4.9.3/../../../../arm-none-eabi/lib/armv7-m\libm.a(lib_a-w_pow.o) (rint)
f:/dev/simplicity/developer/toolchains/gnu_arm/4.9_2015q3/bin/../lib/gcc/arm-none-eabi/4.9.3/../../../../arm-none-eabi/lib/armv7-m\libm.a(lib_a-s_scalbn.o)
                              f:/dev/simplicity/developer/toolchains/gnu_arm/4.9_2015q3/bin/../lib/gcc/arm-none-eabi/4.9.3/../../../../arm-none-eabi/lib/armv7-m\libm.a(lib_a-e_pow.o) (scalbn)
f:/dev/simplicity/developer/toolchains/gnu_arm/4.9_2015q3/bin/../lib/gcc/arm-none-eabi/4.9.3/../../../../arm-none-eabi/lib/armv7-m\libm.a(lib_a-s_copysign.o)
                              f:/dev/simplicity/developer/toolchains/gnu_arm/4.9_2015q3/bin/../lib/gcc/arm-none-eabi/4.9.3/../../../../arm-none-eabi/lib/armv7-m\libm.a(lib_a-s_scalbn.o) (copysign)
f:/dev/simplicity/developer/toolchains/gnu_arm/4.9_2015q3/bin/../lib/gcc/arm-none-eabi/4.9.3/armv7-m\libgcc.a(_arm_addsubdf3.o)
                              ./Drivers/BMP280.o (__aeabi_dsub)
f:/dev/simplicity/developer/toolchains/gnu_arm/4.9_2015q3/bin/../lib/gcc/arm-none-eabi/4.9.3/armv7-m\libgcc.a(_arm_muldivdf3.o)
                              ./Drivers/BMP280.o (__aeabi_dmul)
f:/dev/simplicity/developer/toolchains/gnu_arm/4.9_2015q3/bin/../lib/gcc/arm-none-eabi/4.9.3/armv7-m\libgcc.a(_arm_cmpdf2.o)
[...]
Memory Configuration

Name             Origin             Length             Attributes
FLASH            0x00000000         0x00040000         xr
RAM              0x20000000         0x00008000         xrw
*default*        0x00000000         0xffffffff

Linker script and memory map

LOAD f:/dev/simplicity/developer/toolchains/gnu_arm/4.9_2015q3/bin/../lib/gcc/arm-none-eabi/4.9.3/armv7-m/crti.o
LOAD f:/dev/simplicity/developer/toolchains/gnu_arm/4.9_2015q3/bin/../lib/gcc/arm-none-eabi/4.9.3/armv7-m/crtbegin.o
LOAD f:/dev/simplicity/developer/toolchains/gnu_arm/4.9_2015q3/bin/../lib/gcc/arm-none-eabi/4.9.3/../../../../arm-none-eabi/lib/armv7-m/crt0.o
LOAD ./CMSIS/EZR32LG/startup_gcc_ezr32lg.o
LOAD ./CMSIS/EZR32LG/system_ezr32lg.o
LOAD ./Drivers/BMP280.o
LOAD ./Drivers/DHT22.o
LOAD ./Drivers/FH1750.o
LOAD ./Drivers/display.o
LOAD ./Drivers/displayls013b7dh03.o
LOAD ./Drivers/displaypalemlib.o
LOAD ./Drivers/dmactrl.o
LOAD ./Drivers/dmadrv.o
LOAD ./Drivers/ezradio_api_lib.o
LOAD ./Drivers/ezradio_auto_ack_plugin.o
LOAD ./Drivers/ezradio_comm.o
LOAD ./Drivers/ezradio_crcerror_plugin.o
LOAD ./Drivers/ezradio_direct_receive_plugin.o
LOAD ./Drivers/ezradio_direct_transmit_plugin.o
LOAD ./Drivers/ezradio_hal.o
LOAD ./Drivers/ezradio_plugin_manager.o
LOAD ./Drivers/ezradio_pn9_plugin.o
LOAD ./Drivers/ezradio_receive_plugin.o
LOAD ./Drivers/ezradio_transmit_plugin.o
LOAD ./Drivers/ezradio_unmod_carrier_plugin.o
LOAD ./Drivers/gpiointerrupt.o
LOAD ./Drivers/retargetio.o
LOAD ./Drivers/retargettextdisplay.o
LOAD ./Drivers/rtcdriver.o
LOAD ./Drivers/spidrv.o
LOAD ./Drivers/textdisplay.o
LOAD ./Drivers/udelay.o
LOAD ./Drivers/ustimer.o
LOAD ./Drivers/si4x6x/ezradio_api_lib_add.o
LOAD ./emlib/em_assert.o
LOAD ./emlib/em_cmu.o
LOAD ./emlib/em_core.o
LOAD ./emlib/em_dma.o
LOAD ./emlib/em_emu.o
LOAD ./emlib/em_gpio.o
LOAD ./emlib/em_i2c.o
LOAD ./emlib/em_pcnt.o
LOAD ./emlib/em_prs.o
LOAD ./emlib/em_rtc.o
LOAD ./emlib/em_system.o
LOAD ./emlib/em_timer.o
LOAD ./emlib/em_usart.o
LOAD ./src/main.o
LOAD f:/dev/simplicity/developer/toolchains/gnu_arm/4.9_2015q3/bin/../lib/gcc/arm-none-eabi/4.9.3/../../../../arm-none-eabi/lib/armv7-m\libm.a
START GROUP
LOAD f:/dev/simplicity/developer/toolchains/gnu_arm/4.9_2015q3/bin/../lib/gcc/arm-none-eabi/4.9.3/armv7-m\libgcc.a
LOAD f:/dev/simplicity/developer/toolchains/gnu_arm/4.9_2015q3/bin/../lib/gcc/arm-none-eabi/4.9.3/../../../../arm-none-eabi/lib/armv7-m\libc_nano.a
LOAD f:/dev/simplicity/developer/toolchains/gnu_arm/4.9_2015q3/bin/../lib/gcc/arm-none-eabi/4.9.3/../../../../arm-none-eabi/lib/armv7-m\libnosys.a
END GROUP
START GROUP
LOAD f:/dev/simplicity/developer/toolchains/gnu_arm/4.9_2015q3/bin/../lib/gcc/arm-none-eabi/4.9.3/armv7-m\libgcc.a
LOAD f:/dev/simplicity/developer/toolchains/gnu_arm/4.9_2015q3/bin/../lib/gcc/arm-none-eabi/4.9.3/../../../../arm-none-eabi/lib/armv7-m\libg_nano.a
LOAD f:/dev/simplicity/developer/toolchains/gnu_arm/4.9_2015q3/bin/../lib/gcc/arm-none-eabi/4.9.3/../../../../arm-none-eabi/lib/armv7-m\libc_nano.a
END GROUP
START GROUP
LOAD f:/dev/simplicity/developer/toolchains/gnu_arm/4.9_2015q3/bin/../lib/gcc/arm-none-eabi/4.9.3/armv7-m\libgcc.a
LOAD f:/dev/simplicity/developer/toolchains/gnu_arm/4.9_2015q3/bin/../lib/gcc/arm-none-eabi/4.9.3/../../../../arm-none-eabi/lib/armv7-m\libc_nano.a
END GROUP
LOAD f:/dev/simplicity/developer/toolchains/gnu_arm/4.9_2015q3/bin/../lib/gcc/arm-none-eabi/4.9.3/armv7-m/crtend.o
LOAD f:/dev/simplicity/developer/toolchains/gnu_arm/4.9_2015q3/bin/../lib/gcc/arm-none-eabi/4.9.3/armv7-m/crtn.o

.text           0x00000000     0xa30c
 *(.vectors)
 .vectors       0x00000000       0xe0 ./CMSIS/EZR32LG/startup_gcc_ezr32lg.o
                0x00000000                __Vectors
                0x000000e0                __Vectors_End = .
                0x000000e0                __Vectors_Size = (__Vectors_End - __Vectors)
                0x000000e0                __end__ = .
 *(.text*)
 .text          0x000000e0       0x5c f:/dev/simplicity/developer/toolchains/gnu_arm/4.9_2015q3/bin/../lib/gcc/arm-none-eabi/4.9.3/armv7-m/crtbegin.o
 .text          0x0000013c       0x74 f:/dev/simplicity/developer/toolchains/gnu_arm/4.9_2015q3/bin/../lib/gcc/arm-none-eabi/4.9.3/../../../../arm-none-eabi/lib/armv7-m/crt0.o
                0x0000013c                _start
                0x0000013c                _mainCRTStartup
 .text          0x000001b0       0x30 ./CMSIS/EZR32LG/startup_gcc_ezr32lg.o
                0x000001b0                Reset_Handler
                0x000001dc                DebugMon_Handler
                0x000001dc                I2C0_IRQHandler
                0x000001dc                HardFault_Handler
                0x000001dc                LEUART1_IRQHandler
                0x000001dc                SysTick_Handler
                0x000001dc                USART1_RX_IRQHandler
                0x000001dc                PendSV_Handler
                0x000001dc                NMI_Handler
                0x000001dc                I2C1_IRQHandler
                0x000001dc                USARTRF0_TX_IRQHandler
                0x000001dc                TIMER3_IRQHandler
                0x000001dc                USART1_TX_IRQHandler
                0x000001dc                MSC_IRQHandler
                0x000001dc                ADC0_IRQHandler
                0x000001dc                UsageFault_Handler
                0x000001dc                LEUART0_IRQHandler
                0x000001dc                UART0_TX_IRQHandler
                0x000001dc                UART1_TX_IRQHandler
                0x000001dc                TIMER2_IRQHandler
                0x000001dc                PCNT2_IRQHandler
                0x000001dc                UART0_RX_IRQHandler
                0x000001dc                LETIMER0_IRQHandler
                0x000001dc                USART2_RX_IRQHandler
                0x000001dc                Default_Handler
                0x000001dc                EMU_IRQHandler
                0x000001dc                PCNT0_IRQHandler
                0x000001dc                USB_IRQHandler
                0x000001dc                BURTC_IRQHandler
                0x000001dc                PCNT1_IRQHandler
                0x000001dc                ACMP0_IRQHandler
                0x000001dc                MemManage_Handler
                0x000001dc                SVC_Handler
                0x000001dc                DAC0_IRQHandler
                0x000001dc                UART1_RX_IRQHandler
                0x000001dc                USARTRF0_RX_IRQHandler
                0x000001dc                CMU_IRQHandler
                0x000001dc                LESENSE_IRQHandler
                0x000001dc                AES_IRQHandler
                0x000001dc                VCMP_IRQHandler
                0x000001dc                BusFault_Handler
                0x000001dc                USART2_TX_IRQHandler
 .text.GetProdRev
                0x000001e0       0x1c ./CMSIS/EZR32LG/system_ezr32lg.o
 .text.SystemCoreClockGet
                0x000001fc       0x34 ./CMSIS/EZR32LG/system_ezr32lg.o
                0x000001fc                SystemCoreClockGet
 .text.SystemMaxCoreClockGet
                0x00000230       0x14 ./CMSIS/EZR32LG/system_ezr32lg.o
                0x00000230                SystemMaxCoreClockGet
 .text.SystemHFClockGet
                0x00000244      0x100 ./CMSIS/EZR32LG/system_ezr32lg.o
                0x00000244                SystemHFClockGet
 .text.SystemHFXOClockGet
                0x00000344       0x18 ./CMSIS/EZR32LG/system_ezr32lg.o
                0x00000344                SystemHFXOClockGet
 .text.SystemInit
                0x0000035c        0xc ./CMSIS/EZR32LG/system_ezr32lg.o
                0x0000035c                SystemInit
 .text.SystemLFRCOClockGet
                0x00000368       0x14 ./CMSIS/EZR32LG/system_ezr32lg.o
                0x00000368                SystemLFRCOClockGet
 .text.SystemULFRCOClockGet
                0x0000037c       0x14 ./CMSIS/EZR32LG/system_ezr32lg.o
                0x0000037c                SystemULFRCOClockGet
 .text.SystemLFXOClockGet
                0x00000390       0x18 ./CMSIS/EZR32LG/system_ezr32lg.o
                0x00000390                SystemLFXOClockGet
 .text.BMP280_I2C_ReadRegister
                0x000003a8       0x74 ./Drivers/BMP280.o
                0x000003a8                BMP280_I2C_ReadRegister
 .text.BMP280_I2C_WriteRegister
                0x0000041c       0x74 ./Drivers/BMP280.o
                0x0000041c                BMP280_I2C_WriteRegister
 .text.BMP280_GetCalibrationParameters
                0x00000490      0x120 ./Drivers/BMP280.o
                0x00000490                BMP280_GetCalibrationParameters
 .text.BH1750_Configure
                0x000005b0       0xdc ./Drivers/FH1750.o
                0x000005b0                BH1750_Configure
 .text.BH1750_ReadData
                0x0000068c       0x78 ./Drivers/FH1750.o
                0x0000068c                BH1750_ReadData
 .text.delay_ms
                0x00000704       0x2c ./Drivers/FH1750.o
                0x00000704                delay_ms
 .text.BH1750_I2CWriteByte
                0x00000730       0x5c ./Drivers/FH1750.o
                0x00000730                BH1750_I2CWriteByte
 .text.DISPLAY_Init
                0x0000078c       0x54 ./Drivers/display.o
                0x0000078c                DISPLAY_Init
 .text.DISPLAY_DeviceGet
                0x000007e0       0x60 ./Drivers/display.o
                0x000007e0                DISPLAY_DeviceGet
 .text.DISPLAY_DeviceRegister
                0x00000840       0x6c ./Drivers/display.o
                0x00000840                DISPLAY_DeviceRegister
 .text.DISPLAY_Ls013b7dh03Init
                0x000008ac       0xe8 ./Drivers/displayls013b7dh03.o
                0x000008ac                DISPLAY_Ls013b7dh03Init
 .text.DriverRefresh
                0x00000994       0x20 ./Drivers/displayls013b7dh03.o
 .text.DisplayEnable
                0x000009b4       0x40 ./Drivers/displayls013b7dh03.o
 .text.DisplayClear
                0x000009f4       0x48 ./Drivers/displayls013b7dh03.o
 .text.DisplayPolarityInverse
                0x00000a3c       0x14 ./Drivers/displayls013b7dh03.o
 .text.PixelMatrixAllocate
                0x00000a50       0x70 ./Drivers/displayls013b7dh03.o
 .text.PixelMatrixFree
                0x00000ac0       0x1c ./Drivers/displayls013b7dh03.o
 .text.PixelMatrixClear
                0x00000adc       0x40 ./Drivers/displayls013b7dh03.o
 .text.PixelMatrixDraw
                0x00000b1c       0xb8 ./Drivers/displayls013b7dh03.o
 .text.GPIO_PinOutClear
                0x00000bd4       0x58 ./Drivers/displaypalemlib.o
 .text.GPIO_PinOutSet
                0x00000c2c       0x58 ./Drivers/displaypalemlib.o
 .text.GPIO_PinOutToggle
                0x00000c84       0x58 ./Drivers/displaypalemlib.o
 .text.PAL_SpiInit
                0x00000cdc       0x54 ./Drivers/displaypalemlib.o
                0x00000cdc                PAL_SpiInit
 .text.PAL_SpiTransmit
                0x00000d30       0x74 ./Drivers/displaypalemlib.o
                0x00000d30                PAL_SpiTransmit
 .text.PAL_TimerInit
                0x00000da4       0x18 ./Drivers/displaypalemlib.o
                0x00000da4                PAL_TimerInit
 .text.PAL_TimerMicroSecondsDelay
                0x00000dbc       0x1c ./Drivers/displaypalemlib.o
                0x00000dbc                PAL_TimerMicroSecondsDelay
 .text.PAL_TimerRepeat
                0x00000dd8       0x30 ./Drivers/displaypalemlib.o
                0x00000dd8                PAL_TimerRepeat
 .text.PAL_GpioInit
                0x00000e08       0x20 ./Drivers/displaypalemlib.o
                0x00000e08                PAL_GpioInit
 .text.PAL_GpioPinModeSet
                0x00000e28       0x44 ./Drivers/displaypalemlib.o
                0x00000e28                PAL_GpioPinModeSet
 .text.PAL_GpioPinOutSet
                0x00000e6c       0x24 ./Drivers/displaypalemlib.o
                0x00000e6c                PAL_GpioPinOutSet
 .text.PAL_GpioPinOutClear
                0x00000e90       0x24 ./Drivers/displaypalemlib.o
                0x00000e90                PAL_GpioPinOutClear
 .text.PAL_GpioPinOutToggle
                0x00000eb4       0x24 ./Drivers/displaypalemlib.o
                0x00000eb4                PAL_GpioPinOutToggle
 .text.NVIC_SetPriority
                0x00000ed8       0x54 ./Drivers/dmadrv.o
 .text.DMADRV_AllocateChannel
                0x00000f2c       0xb4 ./Drivers/dmadrv.o
                0x00000f2c                DMADRV_AllocateChannel
 .text.DMADRV_Init
                0x00000fe0       0x84 ./Drivers/dmadrv.o
                0x00000fe0                DMADRV_Init
 .text.DMADRV_MemoryPeripheral
                0x00001064       0x48 ./Drivers/dmadrv.o
                0x00001064                DMADRV_MemoryPeripheral
 .text.DMADRV_PeripheralMemory
                0x000010ac       0x48 ./Drivers/dmadrv.o
                0x000010ac                DMADRV_PeripheralMemory
 .text.DmaBasicCallback
                0x000010f4       0x4c ./Drivers/dmadrv.o
 .text.DmaPingPongCallback
                0x00001140       0x8c ./Drivers/dmadrv.o
 .text.StartTransfer
                0x000011cc      0x250 ./Drivers/dmadrv.o
 .text.ezradio_reset
                0x0000141c       0x28 ./Drivers/ezradio_api_lib.o
                0x0000141c                ezradio_reset
 .text.ezradio_part_info
                0x00001444       0x68 ./Drivers/ezradio_api_lib.o
                0x00001444                ezradio_part_info
 .text.ezradio_start_tx
                0x000014ac       0x48 ./Drivers/ezradio_api_lib.o
                0x000014ac                ezradio_start_tx
 .text.ezradio_start_rx
                0x000014f4       0x5c ./Drivers/ezradio_api_lib.o
                0x000014f4                ezradio_start_rx
 .text.ezradio_get_int_status
                0x00001550       0x74 ./Drivers/ezradio_api_lib.o
                0x00001550                ezradio_get_int_status
 .text.ezradio_set_property
                0x000015c4       0x74 ./Drivers/ezradio_api_lib.o
                0x000015c4                ezradio_set_property
 .text.ezradio_change_state
                0x00001638       0x24 ./Drivers/ezradio_api_lib.o
                0x00001638                ezradio_change_state
 .text.ezradio_fifo_info
                0x0000165c       0x40 ./Drivers/ezradio_api_lib.o
                0x0000165c                ezradio_fifo_info
 .text.ezradio_write_tx_fifo
                0x0000169c       0x20 ./Drivers/ezradio_api_lib.o
                0x0000169c                ezradio_write_tx_fifo
 .text.ezradio_read_rx_fifo
                0x000016bc       0x20 ./Drivers/ezradio_api_lib.o
                0x000016bc                ezradio_read_rx_fifo
 .text.ezradio_request_device_state
                0x000016dc       0x38 ./Drivers/ezradio_api_lib.o
                0x000016dc                ezradio_request_device_state
 .text.ezradio_comm_GetResp
                0x00001714       0x78 ./Drivers/ezradio_comm.o
                0x00001714                ezradio_comm_GetResp
 .text.ezradio_comm_SendCmd
                0x0000178c       0x3c ./Drivers/ezradio_comm.o
                0x0000178c                ezradio_comm_SendCmd
 .text.ezradio_comm_ReadData
                0x000017c8       0x54 ./Drivers/ezradio_comm.o
                0x000017c8                ezradio_comm_ReadData
 .text.ezradio_comm_WriteData
                0x0000181c       0x54 ./Drivers/ezradio_comm.o
                0x0000181c                ezradio_comm_WriteData
 .text.ezradio_comm_PollCTS
                0x00001870       0x14 ./Drivers/ezradio_comm.o
                0x00001870                ezradio_comm_PollCTS
 .text.ezradio_comm_ClearCTS
                0x00001884       0x18 ./Drivers/ezradio_comm.o
                0x00001884                ezradio_comm_ClearCTS
 .text.ezradio_comm_SendCmdGetResp
                0x0000189c       0x30 ./Drivers/ezradio_comm.o
                0x0000189c                ezradio_comm_SendCmdGetResp
 .text.ezradioHandleCrcErrorPlugin
                0x000018cc       0x50 ./Drivers/ezradio_crcerror_plugin.o
                0x000018cc                ezradioHandleCrcErrorPlugin
 .text.BUS_RegBitRead
                0x0000191c       0x2c ./Drivers/ezradio_hal.o
 .text.GPIO_InputSenseSet
                0x00001948       0x34 ./Drivers/ezradio_hal.o
 .text.GPIO_PinInGet
                0x0000197c       0x54 ./Drivers/ezradio_hal.o
 .text.GPIO_PinOutClear
                0x000019d0       0x58 ./Drivers/ezradio_hal.o
 .text.GPIO_PinOutSet
                0x00001a28       0x58 ./Drivers/ezradio_hal.o
 .text.GPIO_IntConfig
                0x00001a80       0x38 ./Drivers/ezradio_hal.o
 .text.ezradio_hal_GpioInit
                0x00001ab8       0xe0 ./Drivers/ezradio_hal.o
                0x00001ab8                ezradio_hal_GpioInit
 .text.ezradio_hal_SpiInit
                0x00001b98       0x2c ./Drivers/ezradio_hal.o
                0x00001b98                ezradio_hal_SpiInit
 .text.ezradio_hal_AssertShutdown
                0x00001bc4       0x10 ./Drivers/ezradio_hal.o
                0x00001bc4                ezradio_hal_AssertShutdown
 .text.ezradio_hal_DeassertShutdown
                0x00001bd4       0x10 ./Drivers/ezradio_hal.o
                0x00001bd4                ezradio_hal_DeassertShutdown
 .text.ezradio_hal_ClearNsel
                0x00001be4       0x10 ./Drivers/ezradio_hal.o
                0x00001be4                ezradio_hal_ClearNsel
 .text.ezradio_hal_SetNsel
                0x00001bf4       0x10 ./Drivers/ezradio_hal.o
                0x00001bf4                ezradio_hal_SetNsel
 .text.ezradio_hal_NirqLevel
                0x00001c04       0x14 ./Drivers/ezradio_hal.o
                0x00001c04                ezradio_hal_NirqLevel
 .text.ezradio_hal_SpiWriteByte
                0x00001c18       0x24 ./Drivers/ezradio_hal.o
                0x00001c18                ezradio_hal_SpiWriteByte
 .text.ezradio_hal_SpiReadByte
                0x00001c3c       0x20 ./Drivers/ezradio_hal.o
                0x00001c3c                ezradio_hal_SpiReadByte
 .text.ezradio_hal_SpiWriteData
                0x00001c5c       0x28 ./Drivers/ezradio_hal.o
                0x00001c5c                ezradio_hal_SpiWriteData
 .text.ezradio_hal_SpiReadData
                0x00001c84       0x28 ./Drivers/ezradio_hal.o
                0x00001c84                ezradio_hal_SpiReadData
 .text.ezradioInit
                0x00001cac       0x60 ./Drivers/ezradio_plugin_manager.o
                0x00001cac                ezradioInit
 .text.ezradioPluginManager
                0x00001d0c       0x5c ./Drivers/ezradio_plugin_manager.o
                0x00001d0c                ezradioPluginManager
 .text.ezradioResetTRxFifo
                0x00001d68       0x18 ./Drivers/ezradio_plugin_manager.o
                0x00001d68                ezradioResetTRxFifo
 .text.ezradioPowerUp
                0x00001d80       0x1c ./Drivers/ezradio_plugin_manager.o
 .text.GPIO_EZRadio_INT_IRQHandler
                0x00001d9c       0x20 ./Drivers/ezradio_plugin_manager.o
 .text.ezradioStartRx
                0x00001dbc       0x2c ./Drivers/ezradio_receive_plugin.o
                0x00001dbc                ezradioStartRx
 .text.ezradioHandleReceivePlugin
                0x00001de8       0x74 ./Drivers/ezradio_receive_plugin.o
                0x00001de8                ezradioHandleReceivePlugin
 .text.ezradioStartTransmitBasic
                0x00001e5c       0x98 ./Drivers/ezradio_transmit_plugin.o
                0x00001e5c                ezradioStartTransmitBasic
 .text.ezradioStartTransmitConfigured
                0x00001ef4       0x9c ./Drivers/ezradio_transmit_plugin.o
                0x00001ef4                ezradioStartTransmitConfigured
 .text.ezradioStartTransmitCustom
                0x00001f90       0x88 ./Drivers/ezradio_transmit_plugin.o
                0x00001f90                ezradioStartTransmitCustom
 .text.ezradioStartTransmitSmart
                0x00002018       0x60 ./Drivers/ezradio_transmit_plugin.o
                0x00002018                ezradioStartTransmitSmart
 .text.ezradioStartTransmitDefault
                0x00002078       0x34 ./Drivers/ezradio_transmit_plugin.o
                0x00002078                ezradioStartTransmitDefault
 .text.ezradioHandleTransmitPlugin
                0x000020ac       0x40 ./Drivers/ezradio_transmit_plugin.o
                0x000020ac                ezradioHandleTransmitPlugin
 .text.ezradioStartTx
                0x000020ec      0x158 ./Drivers/ezradio_transmit_plugin.o
 .text.NVIC_EnableIRQ
                0x00002244       0x30 ./Drivers/gpiointerrupt.o
 .text.NVIC_ClearPendingIRQ
                0x00002274       0x34 ./Drivers/gpiointerrupt.o
 .text.GPIO_IntClear
                0x000022a8       0x20 ./Drivers/gpiointerrupt.o
 .text.GPIO_IntGetEnabled
                0x000022c8       0x28 ./Drivers/gpiointerrupt.o
 .text.SL_CTZ   0x000022f0       0x28 ./Drivers/gpiointerrupt.o
 .text.GPIOINT_Init
                0x00002318       0x20 ./Drivers/gpiointerrupt.o
                0x00002318                GPIOINT_Init
 .text.GPIOINT_CallbackRegister
                0x00002338       0x2c ./Drivers/gpiointerrupt.o
                0x00002338                GPIOINT_CallbackRegister
 .text.GPIOINT_IRQDispatcher
                0x00002364       0x50 ./Drivers/gpiointerrupt.o
 .text.GPIO_EVEN_IRQHandler
                0x000023b4       0x28 ./Drivers/gpiointerrupt.o
                0x000023b4                GPIO_EVEN_IRQHandler
 .text.GPIO_ODD_IRQHandler
                0x000023dc       0x28 ./Drivers/gpiointerrupt.o
                0x000023dc                GPIO_ODD_IRQHandler
 .text._close   0x00002404       0x18 ./Drivers/retargetio.o
                0x00002404                _close
 .text._exit    0x0000241c        0xc ./Drivers/retargetio.o
                0x0000241c                _exit
 .text._fstat   0x00002428       0x20 ./Drivers/retargetio.o
                0x00002428                _fstat
 .text._isatty  0x00002448       0x18 ./Drivers/retargetio.o
                0x00002448                _isatty
 .text._lseek   0x00002460       0x1c ./Drivers/retargetio.o
                0x00002460                _lseek
 .text._read    0x0000247c       0x58 ./Drivers/retargetio.o
                0x0000247c                _read
 .text._sbrk    0x000024d4       0x7c ./Drivers/retargetio.o
                0x000024d4                _sbrk
 .text._write   0x00002550       0x38 ./Drivers/retargetio.o
                0x00002550                _write
 .text.RETARGET_TextDisplayInit
                0x00002588       0x5c ./Drivers/retargettextdisplay.o
                0x00002588                RETARGET_TextDisplayInit
 .text.RETARGET_ReadChar
                0x000025e4       0x14 ./Drivers/retargettextdisplay.o
                0x000025e4                RETARGET_ReadChar
 .text.RETARGET_WriteChar
                0x000025f8       0x34 ./Drivers/retargettextdisplay.o
                0x000025f8                RETARGET_WriteChar
 .text.RTC_CounterGet
                0x0000262c       0x18 ./Drivers/rtcdriver.o
 .text.RTC_IntClear
                0x00002644       0x1c ./Drivers/rtcdriver.o
 .text.RTC_IntDisable
                0x00002660       0x24 ./Drivers/rtcdriver.o
 .text.RTC_IntEnable
                0x00002684       0x24 ./Drivers/rtcdriver.o
 .text.RTC_IntGetEnabled
                0x000026a8       0x24 ./Drivers/rtcdriver.o
 .text.RTCDRV_AllocateTimer
                0x000026cc       0x8c ./Drivers/rtcdriver.o
                0x000026cc                RTCDRV_AllocateTimer
 .text.RTCDRV_StartTimer
                0x00002758      0x350 ./Drivers/rtcdriver.o
                0x00002758                RTCDRV_StartTimer
 .text.RTC_IRQHandler
                0x00002aa8       0xb4 ./Drivers/rtcdriver.o
                0x00002aa8                RTC_IRQHandler
 .text.checkAllTimers
                0x00002b5c      0x2c8 ./Drivers/rtcdriver.o
 .text.executeTimerCallbacks
                0x00002e24       0x64 ./Drivers/rtcdriver.o
 .text.rescheduleRtc
                0x00002e88      0x10c ./Drivers/rtcdriver.o
 .text.SPIDRV_Init
                0x00002f94      0x248 ./Drivers/spidrv.o
                0x00002f94                SPIDRV_Init
 .text.SPIDRV_MReceiveB
                0x000031dc       0x54 ./Drivers/spidrv.o
                0x000031dc                SPIDRV_MReceiveB
 .text.SPIDRV_MTransmitB
                0x00003230       0x54 ./Drivers/spidrv.o
                0x00003230                SPIDRV_MTransmitB
 .text.BlockingComplete
                0x00003284       0x24 ./Drivers/spidrv.o
 .text.ConfigGPIO
                0x000032a8      0x52c ./Drivers/spidrv.o
 .text.RxDMAComplete
                0x000037d4       0x50 ./Drivers/spidrv.o
 .text.StartReceiveDMA
                0x00003824       0xc8 ./Drivers/spidrv.o
 .text.StartTransmitDMA
                0x000038ec       0xc4 ./Drivers/spidrv.o
 .text.TransferApiBlockingPrologue
                0x000039b0       0x70 ./Drivers/spidrv.o
 .text.WaitForTransferCompletion
                0x00003a20       0x48 ./Drivers/spidrv.o
 .text.TEXTDISPLAY_New
                0x00003a68      0x1d4 ./Drivers/textdisplay.o
                0x00003a68                TEXTDISPLAY_New
 .text.TEXTDISPLAY_WriteChar
                0x00003c3c       0xe4 ./Drivers/textdisplay.o
                0x00003c3c                TEXTDISPLAY_WriteChar
 .text.TextdisplayClear
                0x00003d20       0x44 ./Drivers/textdisplay.o
 .text.TextdisplayScrollUp
                0x00003d64       0x88 ./Drivers/textdisplay.o
 .text.TextdisplayCharAdd
                0x00003dec      0x124 ./Drivers/textdisplay.o
 .text.TextdisplayLineDraw
                0x00003f10      0x2c8 ./Drivers/textdisplay.o
 .text.TextdisplayUpdate
                0x000041d8      0x12c ./Drivers/textdisplay.o
 .text.NVIC_ClearPendingIRQ
                0x00004304       0x34 ./Drivers/udelay.o
 .text.RTC_CounterGet
                0x00004338       0x18 ./Drivers/udelay.o
 .text.UDELAY_Calibrate
                0x00004350      0x1b4 ./Drivers/udelay.o
                0x00004350                UDELAY_Calibrate
 .text.UDELAY_Delay
                0x00004504       0x38 ./Drivers/udelay.o
                0x00004504                UDELAY_Delay
 .text.calibrate_delay
                0x0000453c       0xd8 ./Drivers/udelay.o
 .text.clock    0x00004614       0x10 ./Drivers/udelay.o
 .text._delay   0x00004624       0x18 ./Drivers/udelay.o
 .text.NVIC_EnableIRQ
                0x0000463c       0x30 ./Drivers/ustimer.o
 .text.NVIC_DisableIRQ
                0x0000466c       0x34 ./Drivers/ustimer.o
 .text.NVIC_ClearPendingIRQ
                0x000046a0       0x34 ./Drivers/ustimer.o
 .text.EMU_EnterEM1
                0x000046d4       0x20 ./Drivers/ustimer.o
 .text.TIMER_Valid
                0x000046f4       0x50 ./Drivers/ustimer.o
 .text.TIMER_MaxCount
                0x00004744       0x18 ./Drivers/ustimer.o
 .text.TIMER_CompareSet
                0x0000475c       0x28 ./Drivers/ustimer.o
 .text.TIMER_CounterGet
                0x00004784       0x18 ./Drivers/ustimer.o
 .text.TIMER_Enable
                0x0000479c       0x2c ./Drivers/ustimer.o
 .text.TIMER_IntClear
                0x000047c8       0x1c ./Drivers/ustimer.o
 .text.TIMER_IntDisable
                0x000047e4       0x24 ./Drivers/ustimer.o
 .text.TIMER_IntEnable
                0x00004808       0x20 ./Drivers/ustimer.o
 .text.TIMER_IntGet
                0x00004828       0x18 ./Drivers/ustimer.o
 .text.TIMER_TopSet
                0x00004840       0x1c ./Drivers/ustimer.o
 .text.USTIMER_Init
                0x0000485c      0x170 ./Drivers/ustimer.o
                0x0000485c                USTIMER_Init
 .text.USTIMER_DeInit
                0x000049cc       0x40 ./Drivers/ustimer.o
                0x000049cc                USTIMER_DeInit
 .text.USTIMER_Delay
                0x00004a0c       0xa4 ./Drivers/ustimer.o
                0x00004a0c                USTIMER_Delay
 .text.TIMER0_IRQHandler
                0x00004ab0       0x34 ./Drivers/ustimer.o
                0x00004ab0                TIMER0_IRQHandler
 .text.DelayTicksEM1
                0x00004ae4       0x90 ./Drivers/ustimer.o
 .text.ezradio_configuration_init
                0x00004b74       0xb0 ./Drivers/si4x6x/ezradio_api_lib_add.o
                0x00004b74                ezradio_configuration_init
 .text.BUS_RegBitWrite
                0x00004c24       0x2c ./emlib/em_cmu.o
 .text.BUS_RegBitRead
                0x00004c50       0x2c ./emlib/em_cmu.o
 .text.CMU_DivToLog2
                0x00004c7c       0x34 ./emlib/em_cmu.o
 .text.CMU_Log2ToDiv
                0x00004cb0       0x1c ./emlib/em_cmu.o
 .text.SYSTEM_GetProdRev
                0x00004ccc       0x1c ./emlib/em_cmu.o
 .text.SYSTEM_GetFamily
                0x00004ce8       0x20 ./emlib/em_cmu.o
 .text.maxFreqHfle
                0x00004d08       0x78 ./emlib/em_cmu.o
 .text.setHfLeConfig
                0x00004d80       0x60 ./emlib/em_cmu.o
 .text.getHfLeConfig
                0x00004de0       0x20 ./emlib/em_cmu.o
 .text.auxClkGet
                0x00004e00       0xb0 ./emlib/em_cmu.o
 .text.dbgClkGet
                0x00004eb0       0x40 ./emlib/em_cmu.o
 .text.flashWaitStateControl
                0x00004ef0       0xb8 ./emlib/em_cmu.o
 .text.flashWaitStateMax
                0x00004fa8       0x14 ./emlib/em_cmu.o
 .text.CMU_UpdateWaitStates
                0x00004fbc       0x18 ./emlib/em_cmu.o
                0x00004fbc                CMU_UpdateWaitStates
 .text.lfClkGet
                0x00004fd4       0xec ./emlib/em_cmu.o
 .text.syncReg  0x000050c0       0x34 ./emlib/em_cmu.o
 .text.usbCClkGet
                0x000050f4       0x4c ./emlib/em_cmu.o
 .text.CMU_ClockDivGet
                0x00005140      0x13c ./emlib/em_cmu.o
                0x00005140                CMU_ClockDivGet
 .text.CMU_ClockDivSet
                0x0000527c      0x1e0 ./emlib/em_cmu.o
                0x0000527c                CMU_ClockDivSet
 .text.CMU_ClockEnable
                0x0000545c       0xd0 ./emlib/em_cmu.o
                0x0000545c                CMU_ClockEnable
 .text.CMU_ClockFreqGet
                0x0000552c      0x170 ./emlib/em_cmu.o
                0x0000552c                CMU_ClockFreqGet
 .text.CMU_ClockSelectGet
                0x0000569c      0x15c ./emlib/em_cmu.o
                0x0000569c                CMU_ClockSelectGet
 .text.CMU_ClockSelectSet
                0x000057f8      0x29c ./emlib/em_cmu.o
                0x000057f8                CMU_ClockSelectSet
 .text.CMU_OscillatorEnable
                0x00005a94       0xbc ./emlib/em_cmu.o
                0x00005a94                CMU_OscillatorEnable
 .text.NVIC_GetPriority
                0x00005b50       0x50 ./emlib/em_core.o
 .text.CORE_EnterAtomic
                0x00005ba0       0x20 ./emlib/em_core.o
                0x00005ba0                CORE_EnterAtomic
 .text.CORE_ExitAtomic
                0x00005bc0       0x1c ./emlib/em_core.o
                0x00005bc0                CORE_ExitAtomic
 .text.CORE_IrqIsBlocked
                0x00005bdc       0xac ./emlib/em_core.o
                0x00005bdc                CORE_IrqIsBlocked
 .text.CORE_NvicIRQDisabled
                0x00005c88       0x58 ./emlib/em_core.o
                0x00005c88                CORE_NvicIRQDisabled
 .text.NVIC_EnableIRQ
                0x00005ce0       0x30 ./emlib/em_dma.o
 .text.NVIC_DisableIRQ
                0x00005d10       0x34 ./emlib/em_dma.o
 .text.NVIC_ClearPendingIRQ
                0x00005d44       0x34 ./emlib/em_dma.o
 .text.BUS_RegBitWrite
                0x00005d78       0x2c ./emlib/em_dma.o
 .text.DMA_Prepare
                0x00005da4      0x114 ./emlib/em_dma.o
 .text.DMA_IRQHandler
                0x00005eb8       0xd8 ./emlib/em_dma.o
                0x00005eb8                DMA_IRQHandler
 .text.DMA_ActivateBasic
                0x00005f90       0x44 ./emlib/em_dma.o
                0x00005f90                DMA_ActivateBasic
 .text.DMA_ActivatePingPong
                0x00005fd4       0x5c ./emlib/em_dma.o
                0x00005fd4                DMA_ActivatePingPong
 .text.DMA_CfgChannel
                0x00006030       0x90 ./emlib/em_dma.o
                0x00006030                DMA_CfgChannel
 .text.DMA_CfgDescr
                0x000060c0       0x70 ./emlib/em_dma.o
                0x000060c0                DMA_CfgDescr
 .text.DMA_Init
                0x00006130       0x54 ./emlib/em_dma.o
                0x00006130                DMA_Init
 .text.DMA_RefreshPingPong
                0x00006184       0xf8 ./emlib/em_dma.o
                0x00006184                DMA_RefreshPingPong
 .text.DMA_Reset
                0x0000627c       0x88 ./emlib/em_dma.o
                0x0000627c                DMA_Reset
 .text.BUS_RegBitWrite
                0x00006304       0x2c ./emlib/em_gpio.o
 .text.BUS_RegMaskedWrite
                0x00006330       0x28 ./emlib/em_gpio.o
 .text.GPIO_PinOutClear
                0x00006358       0x58 ./emlib/em_gpio.o
 .text.GPIO_PinOutSet
                0x000063b0       0x58 ./emlib/em_gpio.o
 .text.GPIO_ExtIntConfig
                0x00006408       0xd4 ./emlib/em_gpio.o
                0x00006408                GPIO_ExtIntConfig
 .text.GPIO_PinModeSet
                0x000064dc      0x10c ./emlib/em_gpio.o
                0x000064dc                GPIO_PinModeSet
 .text.BUS_RegBitWrite
                0x000065e8       0x2c ./emlib/em_i2c.o
 .text.BUS_RegMaskedWrite
                0x00006614       0x28 ./emlib/em_i2c.o
 .text.I2C_BusFreqSet
                0x0000663c       0xfc ./emlib/em_i2c.o
                0x0000663c                I2C_BusFreqSet
 .text.I2C_Init
                0x00006738       0x78 ./emlib/em_i2c.o
                0x00006738                I2C_Init
 .text.I2C_Transfer
                0x000067b0      0x44c ./emlib/em_i2c.o
                0x000067b0                I2C_Transfer
 .text.I2C_TransferInit
                0x00006bfc       0xe8 ./emlib/em_i2c.o
                0x00006bfc                I2C_TransferInit
 .text.PRS_SourceAsyncSignalSet
                0x00006ce4       0x38 ./emlib/em_prs.o
                0x00006ce4                PRS_SourceAsyncSignalSet
 .text.BUS_RegBitWrite
                0x00006d1c       0x2c ./emlib/em_rtc.o
 .text.RTC_CompareGet
                0x00006d48       0x3c ./emlib/em_rtc.o
                0x00006d48                RTC_CompareGet
 .text.RTC_CompareSet
                0x00006d84       0x3c ./emlib/em_rtc.o
                0x00006d84                RTC_CompareSet
 .text.RTC_Enable
                0x00006dc0       0x20 ./emlib/em_rtc.o
                0x00006dc0                RTC_Enable
 .text.RTC_FreezeEnable
                0x00006de0       0x2c ./emlib/em_rtc.o
                0x00006de0                RTC_FreezeEnable
 .text.RTC_Init
                0x00006e0c       0x50 ./emlib/em_rtc.o
                0x00006e0c                RTC_Init
 .text.SYSTEM_ChipRevisionGet
                0x00006e5c       0x74 ./emlib/em_system.o
                0x00006e5c                SYSTEM_ChipRevisionGet
 .text.TIMER_Valid
                0x00006ed0       0x50 ./emlib/em_timer.o
 .text.TIMER_Init
                0x00006f20       0xdc ./emlib/em_timer.o
                0x00006f20                TIMER_Init
 .text.TIMER_InitCC
                0x00006ffc       0x9c ./emlib/em_timer.o
                0x00006ffc                TIMER_InitCC
 .text.USART_BaudrateSyncSet
                0x00007098       0x40 ./emlib/em_usart.o
                0x00007098                USART_BaudrateSyncSet
 .text.USART_InitSync
                0x000070d8       0xcc ./emlib/em_usart.o
                0x000070d8                USART_InitSync
 .text.USART_Reset
                0x000071a4       0xb0 ./emlib/em_usart.o
                0x000071a4                USART_Reset
 .text.USART_Tx
                0x00007254       0x2c ./emlib/em_usart.o
                0x00007254                USART_Tx
 .text.USART_TxDouble
                0x00007280       0x2c ./emlib/em_usart.o
                0x00007280                USART_TxDouble
 .text.NVIC_EnableIRQ
                0x000072ac       0x30 ./src/main.o
 .text.SYSTEM_GetProdRev
                0x000072dc       0x1c ./src/main.o
 .text.GPIO_PinOutClear
                0x000072f8       0x58 ./src/main.o
 .text.GPIO_PinOutSet
                0x00007350       0x58 ./src/main.o
 .text.GPIO_PinOutToggle
                0x000073a8       0x58 ./src/main.o
 .text.GPIO_IntConfig
                0x00007400       0x38 ./src/main.o
 .text.CHIP_Init
                0x00007438       0x3c ./src/main.o
 .text.TIMER_MaxCount
                0x00007474       0x18 ./src/main.o
 .text.TIMER_IntClear
                0x0000748c       0x1c ./src/main.o
 .text.TIMER_IntEnable
                0x000074a8       0x20 ./src/main.o
 .text.TIMER_IntGet
                0x000074c8       0x18 ./src/main.o
 .text.TIMER_TopSet
                0x000074e0       0x1c ./src/main.o
 .text.initTimer
                0x000074fc       0x78 ./src/main.o
                0x000074fc                initTimer
 .text.TIMER1_IRQHandler
                0x00007574       0x50 ./src/main.o
                0x00007574                TIMER1_IRQHandler
 .text.GpioSetup
                0x000075c4       0x90 ./src/main.o
 .text.GPIO_PB0_IRQHandler
                0x00007654       0x30 ./src/main.o
 .text.doMeasurement
                0x00007684       0x20 ./src/main.o
 .text.GPIO_PB1_IRQHandler
                0x000076a4       0x14 ./src/main.o
 .text.drawPicture
                0x000076b8       0x44 ./src/main.o
                0x000076b8                drawPicture
 .text.RepeatCallbackRegister
                0x000076fc       0x48 ./src/main.o
                0x000076fc                RepeatCallbackRegister
 .text.initI2C  0x00007744       0x88 ./src/main.o
                0x00007744                initI2C
 .text.main     0x000077cc      0x258 ./src/main.o
                0x000077cc                main
 .text.appPacketTransmittedCallback
                0x00007a24       0x28 ./src/main.o
 .text.appPacketReceivedCallback
                0x00007a4c       0xfc ./src/main.o
 .text.appPacketCrcErrorCallback
                0x00007b48       0x28 ./src/main.o
 .text          0x00007b70       0x30 f:/dev/simplicity/developer/toolchains/gnu_arm/4.9_2015q3/bin/../lib/gcc/arm-none-eabi/4.9.3/armv7-m\libgcc.a(_aeabi_uldivmod.o)
                0x00007b70                __aeabi_uldivmod
 .text          0x00007ba0       0x60 f:/dev/simplicity/developer/toolchains/gnu_arm/4.9_2015q3/bin/../lib/gcc/arm-none-eabi/4.9.3/armv7-m\libgcc.a(bpabi.o)
                0x00007ba0                __gnu_ldivmod_helper
                0x00007bd0                __gnu_uldivmod_helper
 .text          0x00007c00        0x4 f:/dev/simplicity/developer/toolchains/gnu_arm/4.9_2015q3/bin/../lib/gcc/arm-none-eabi/4.9.3/armv7-m\libgcc.a(_dvmd_tls.o)
                0x00007c00                __aeabi_idiv0
                0x00007c00                __aeabi_ldiv0
 .text          0x00007c04      0x2ac f:/dev/simplicity/developer/toolchains/gnu_arm/4.9_2015q3/bin/../lib/gcc/arm-none-eabi/4.9.3/armv7-m\libgcc.a(_divdi3.o)
                0x00007c04                __divdi3
 .text          0x00007eb0      0x270 f:/dev/simplicity/developer/toolchains/gnu_arm/4.9_2015q3/bin/../lib/gcc/arm-none-eabi/4.9.3/armv7-m\libgcc.a(_udivdi3.o)
                0x00007eb0                __udivdi3
 .text.exit     0x00008120       0x28 f:/dev/simplicity/developer/toolchains/gnu_arm/4.9_2015q3/bin/../lib/gcc/arm-none-eabi/4.9.3/../../../../arm-none-eabi/lib/armv7-m\libc_nano.a(lib_a-exit.o)
                0x00008120                exit
 .text.fileno   0x00008148       0x5c f:/dev/simplicity/developer/toolchains/gnu_arm/4.9_2015q3/bin/../lib/gcc/arm-none-eabi/4.9.3/../../../../arm-none-eabi/lib/armv7-m\libc_nano.a(lib_a-fileno.o)
                0x00008148                fileno
 .text._cleanup_r
                0x000081a4        0xc f:/dev/simplicity/developer/toolchains/gnu_arm/4.9_2015q3/bin/../lib/gcc/arm-none-eabi/4.9.3/../../../../arm-none-eabi/lib/armv7-m\libc_nano.a(lib_a-findfp.o)
                0x000081a4                _cleanup_r
 .text.std.isra.0
                0x000081b0       0x48 f:/dev/simplicity/developer/toolchains/gnu_arm/4.9_2015q3/bin/../lib/gcc/arm-none-eabi/4.9.3/../../../../arm-none-eabi/lib/armv7-m\libc_nano.a(lib_a-findfp.o)
 .text.__sfmoreglue
                0x000081f8       0x2c f:/dev/simplicity/developer/toolchains/gnu_arm/4.9_2015q3/bin/../lib/gcc/arm-none-eabi/4.9.3/../../../../arm-none-eabi/lib/armv7-m\libc_nano.a(lib_a-findfp.o)
                0x000081f8                __sfmoreglue
 .text.__sinit  0x00008224       0x60 f:/dev/simplicity/developer/toolchains/gnu_arm/4.9_2015q3/bin/../lib/gcc/arm-none-eabi/4.9.3/../../../../arm-none-eabi/lib/armv7-m\libc_nano.a(lib_a-findfp.o)
                0x00008224                __sinit
 .text.__sfp    0x00008284       0x74 f:/dev/simplicity/developer/toolchains/gnu_arm/4.9_2015q3/bin/../lib/gcc/arm-none-eabi/4.9.3/../../../../arm-none-eabi/lib/armv7-m\libc_nano.a(lib_a-findfp.o)
                0x00008284                __sfp
 .text._fwalk_reent
                0x000082f8       0x3c f:/dev/simplicity/developer/toolchains/gnu_arm/4.9_2015q3/bin/../lib/gcc/arm-none-eabi/4.9.3/../../../../arm-none-eabi/lib/armv7-m\libc_nano.a(lib_a-fwalk.o)
                0x000082f8                _fwalk_reent
 .text.__libc_init_array
                0x00008334       0x4c f:/dev/simplicity/developer/toolchains/gnu_arm/4.9_2015q3/bin/../lib/gcc/arm-none-eabi/4.9.3/../../../../arm-none-eabi/lib/armv7-m\libc_nano.a(lib_a-init.o)
                0x00008334                __libc_init_array
 .text.memcpy   0x00008380       0x16 f:/dev/simplicity/developer/toolchains/gnu_arm/4.9_2015q3/bin/../lib/gcc/arm-none-eabi/4.9.3/../../../../arm-none-eabi/lib/armv7-m\libc_nano.a(lib_a-memcpy.o)
                0x00008380                memcpy
 .text.memset   0x00008396       0x10 f:/dev/simplicity/developer/toolchains/gnu_arm/4.9_2015q3/bin/../lib/gcc/arm-none-eabi/4.9.3/../../../../arm-none-eabi/lib/armv7-m\libc_nano.a(lib_a-memset.o)
                0x00008396                memset
 *fill*         0x000083a6        0x2 
 .text._malloc_r
                0x000083a8       0xac f:/dev/simplicity/developer/toolchains/gnu_arm/4.9_2015q3/bin/../lib/gcc/arm-none-eabi/4.9.3/../../../../arm-none-eabi/lib/armv7-m\libc_nano.a(lib_a-nano-mallocr.o)
                0x000083a8                _malloc_r
 .text.printf   0x00008454       0x30 f:/dev/simplicity/developer/toolchains/gnu_arm/4.9_2015q3/bin/../lib/gcc/arm-none-eabi/4.9.3/../../../../arm-none-eabi/lib/armv7-m\libc_nano.a(lib_a-printf.o)
                0x00008454                iprintf
                0x00008454                printf
 .text._sbrk_r  0x00008484       0x20 f:/dev/simplicity/developer/toolchains/gnu_arm/4.9_2015q3/bin/../lib/gcc/arm-none-eabi/4.9.3/../../../../arm-none-eabi/lib/armv7-m\libc_nano.a(lib_a-sbrkr.o)
                0x00008484                _sbrk_r
 .text.setvbuf  0x000084a4      0x110 f:/dev/simplicity/developer/toolchains/gnu_arm/4.9_2015q3/bin/../lib/gcc/arm-none-eabi/4.9.3/../../../../arm-none-eabi/lib/armv7-m\libc_nano.a(lib_a-setvbuf.o)
                0x000084a4                setvbuf
 .text.__sread  0x000085b4       0x22 f:/dev/simplicity/developer/toolchains/gnu_arm/4.9_2015q3/bin/../lib/gcc/arm-none-eabi/4.9.3/../../../../arm-none-eabi/lib/armv7-m\libc_nano.a(lib_a-stdio.o)
                0x000085b4                __sread
 .text.__swrite
                0x000085d6       0x38 f:/dev/simplicity/developer/toolchains/gnu_arm/4.9_2015q3/bin/../lib/gcc/arm-none-eabi/4.9.3/../../../../arm-none-eabi/lib/armv7-m\libc_nano.a(lib_a-stdio.o)
                0x000085d6                __swrite
 .text.__sseek  0x0000860e       0x24 f:/dev/simplicity/developer/toolchains/gnu_arm/4.9_2015q3/bin/../lib/gcc/arm-none-eabi/4.9.3/../../../../arm-none-eabi/lib/armv7-m\libc_nano.a(lib_a-stdio.o)
                0x0000860e                __sseek
 .text.__sclose
                0x00008632        0x8 f:/dev/simplicity/developer/toolchains/gnu_arm/4.9_2015q3/bin/../lib/gcc/arm-none-eabi/4.9.3/../../../../arm-none-eabi/lib/armv7-m\libc_nano.a(lib_a-stdio.o)
                0x00008632                __sclose
 .text.strlen   0x0000863a       0x10 f:/dev/simplicity/developer/toolchains/gnu_arm/4.9_2015q3/bin/../lib/gcc/arm-none-eabi/4.9.3/../../../../arm-none-eabi/lib/armv7-m\libc_nano.a(lib_a-strlen.o)
                0x0000863a                strlen
 *fill*         0x0000864a        0x2 
 .text._write_r
                0x0000864c       0x24 f:/dev/simplicity/developer/toolchains/gnu_arm/4.9_2015q3/bin/../lib/gcc/arm-none-eabi/4.9.3/../../../../arm-none-eabi/lib/armv7-m\libc_nano.a(lib_a-writer.o)
                0x0000864c                _write_r
 .text._close_r
                0x00008670       0x20 f:/dev/simplicity/developer/toolchains/gnu_arm/4.9_2015q3/bin/../lib/gcc/arm-none-eabi/4.9.3/../../../../arm-none-eabi/lib/armv7-m\libc_nano.a(lib_a-closer.o)
                0x00008670                _close_r
 .text.__sflush_r
                0x00008690      0x106 f:/dev/simplicity/developer/toolchains/gnu_arm/4.9_2015q3/bin/../lib/gcc/arm-none-eabi/4.9.3/../../../../arm-none-eabi/lib/armv7-m\libc_nano.a(lib_a-fflush.o)
                0x00008690                __sflush_r
 *fill*         0x00008796        0x2 
 .text._fflush_r
                0x00008798       0x54 f:/dev/simplicity/developer/toolchains/gnu_arm/4.9_2015q3/bin/../lib/gcc/arm-none-eabi/4.9.3/../../../../arm-none-eabi/lib/armv7-m\libc_nano.a(lib_a-fflush.o)
                0x00008798                _fflush_r
 .text._lseek_r
                0x000087ec       0x24 f:/dev/simplicity/developer/toolchains/gnu_arm/4.9_2015q3/bin/../lib/gcc/arm-none-eabi/4.9.3/../../../../arm-none-eabi/lib/armv7-m\libc_nano.a(lib_a-lseekr.o)
                0x000087ec                _lseek_r
 .text.malloc   0x00008810       0x10 f:/dev/simplicity/developer/toolchains/gnu_arm/4.9_2015q3/bin/../lib/gcc/arm-none-eabi/4.9.3/../../../../arm-none-eabi/lib/armv7-m\libc_nano.a(lib_a-malloc.o)
                0x00008810                malloc
 .text._free_r  0x00008820       0x88 f:/dev/simplicity/developer/toolchains/gnu_arm/4.9_2015q3/bin/../lib/gcc/arm-none-eabi/4.9.3/../../../../arm-none-eabi/lib/armv7-m\libc_nano.a(lib_a-nano-freer.o)
                0x00008820                _free_r
 .text.__sfputc_r
                0x000088a8       0x2c f:/dev/simplicity/developer/toolchains/gnu_arm/4.9_2015q3/bin/../lib/gcc/arm-none-eabi/4.9.3/../../../../arm-none-eabi/lib/armv7-m\libc_nano.a(lib_a-nano-vfprintf.o)
 .text.__sfputs_r
                0x000088d4       0x24 f:/dev/simplicity/developer/toolchains/gnu_arm/4.9_2015q3/bin/../lib/gcc/arm-none-eabi/4.9.3/../../../../arm-none-eabi/lib/armv7-m\libc_nano.a(lib_a-nano-vfprintf.o)
                0x000088d4                __sfputs_r
 .text._vfprintf_r
                0x000088f8      0x210 f:/dev/simplicity/developer/toolchains/gnu_arm/4.9_2015q3/bin/../lib/gcc/arm-none-eabi/4.9.3/../../../../arm-none-eabi/lib/armv7-m\libc_nano.a(lib_a-nano-vfprintf.o)
                0x000088f8                _vfprintf_r
                0x000088f8                _vfiprintf_r
 .text._printf_common
                0x00008b08       0xea f:/dev/simplicity/developer/toolchains/gnu_arm/4.9_2015q3/bin/../lib/gcc/arm-none-eabi/4.9.3/../../../../arm-none-eabi/lib/armv7-m\libc_nano.a(lib_a-nano-vfprintf_i.o)
                0x00008b08                _printf_common
 *fill*         0x00008bf2        0x2 
 .text._printf_i
                0x00008bf4      0x240 f:/dev/simplicity/developer/toolchains/gnu_arm/4.9_2015q3/bin/../lib/gcc/arm-none-eabi/4.9.3/../../../../arm-none-eabi/lib/armv7-m\libc_nano.a(lib_a-nano-vfprintf_i.o)
                0x00008bf4                _printf_i
 .text._read_r  0x00008e34       0x24 f:/dev/simplicity/developer/toolchains/gnu_arm/4.9_2015q3/bin/../lib/gcc/arm-none-eabi/4.9.3/../../../../arm-none-eabi/lib/armv7-m\libc_nano.a(lib_a-readr.o)
                0x00008e34                _read_r
 .text.__swbuf_r
                0x00008e58       0xa8 f:/dev/simplicity/developer/toolchains/gnu_arm/4.9_2015q3/bin/../lib/gcc/arm-none-eabi/4.9.3/../../../../arm-none-eabi/lib/armv7-m\libc_nano.a(lib_a-wbuf.o)
                0x00008e58                __swbuf_r
 .text.__swsetup_r
                0x00008f00       0xd8 f:/dev/simplicity/developer/toolchains/gnu_arm/4.9_2015q3/bin/../lib/gcc/arm-none-eabi/4.9.3/../../../../arm-none-eabi/lib/armv7-m\libc_nano.a(lib_a-wsetup.o)
                0x00008f00                __swsetup_r
 .text.__smakebuf_r
                0x00008fd8       0x98 f:/dev/simplicity/developer/toolchains/gnu_arm/4.9_2015q3/bin/../lib/gcc/arm-none-eabi/4.9.3/../../../../arm-none-eabi/lib/armv7-m\libc_nano.a(lib_a-makebuf.o)
                0x00008fd8                __smakebuf_r
 .text.memchr   0x00009070       0x1c f:/dev/simplicity/developer/toolchains/gnu_arm/4.9_2015q3/bin/../lib/gcc/arm-none-eabi/4.9.3/../../../../arm-none-eabi/lib/armv7-m\libc_nano.a(lib_a-memchr.o)
                0x00009070                memchr
 .text._fstat_r
                0x0000908c       0x24 f:/dev/simplicity/developer/toolchains/gnu_arm/4.9_2015q3/bin/../lib/gcc/arm-none-eabi/4.9.3/../../../../arm-none-eabi/lib/armv7-m\libc_nano.a(lib_a-fstatr.o)
                0x0000908c                _fstat_r
 .text._isatty_r
                0x000090b0       0x20 f:/dev/simplicity/developer/toolchains/gnu_arm/4.9_2015q3/bin/../lib/gcc/arm-none-eabi/4.9.3/../../../../arm-none-eabi/lib/armv7-m\libc_nano.a(lib_a-isattyr.o)
                0x000090b0                _isatty_r
 *(.init)
 .init          0x000090d0        0x4 f:/dev/simplicity/developer/toolchains/gnu_arm/4.9_2015q3/bin/../lib/gcc/arm-none-eabi/4.9.3/armv7-m/crti.o
                0x000090d0                _init
 .init          0x000090d4        0x8 f:/dev/simplicity/developer/toolchains/gnu_arm/4.9_2015q3/bin/../lib/gcc/arm-none-eabi/4.9.3/armv7-m/crtn.o
 *(.fini)
 .fini          0x000090dc        0x4 f:/dev/simplicity/developer/toolchains/gnu_arm/4.9_2015q3/bin/../lib/gcc/arm-none-eabi/4.9.3/armv7-m/crti.o
                0x000090dc                _fini
 .fini          0x000090e0        0x8 f:/dev/simplicity/developer/toolchains/gnu_arm/4.9_2015q3/bin/../lib/gcc/arm-none-eabi/4.9.3/armv7-m/crtn.o
 *crtbegin.o(.ctors)
 *crtbegin?.o(.ctors)
 *(EXCLUDE_FILE(*crtend.o *crtend?.o) .ctors)
 *(SORT(.ctors.*))
 *(.ctors)
 *crtbegin.o(.dtors)
 *crtbegin?.o(.dtors)
 *(EXCLUDE_FILE(*crtend.o *crtend?.o) .dtors)
 *(SORT(.dtors.*))
 *(.dtors)
 *(.rodata*)
 .rodata        0x000090e8       0x15 ./Drivers/displayls013b7dh03.o
 *fill*         0x000090fd        0x3 
 .rodata        0x00009100       0x18 ./Drivers/displaypalemlib.o
 .rodata.Radio_Configuration_Data_Array
                0x00009118      0x79d ./Drivers/ezradio_plugin_manager.o
 *fill*         0x000098b5        0x3 
 .rodata        0x000098b8       0x24 ./Drivers/ezradio_plugin_manager.o
 .rodata        0x000098dc        0xa ./Drivers/ezradio_transmit_plugin.o
 *fill*         0x000098e6        0x2 
 .rodata.heaperr.6337
                0x000098e8       0x1a ./Drivers/retargetio.o
 *fill*         0x00009902        0x2 
 .rodata        0x00009904       0x18 ./Drivers/spidrv.o
 .rodata.chars_6x8_bits
                0x0000991c      0x320 ./Drivers/textdisplay.o
 .rodata        0x00009c3c        0x3 ./Drivers/udelay.o
 *fill*         0x00009c3f        0x1 
 .rodata.i2cNSum
                0x00009c40        0x4 ./emlib/em_i2c.o
 .rodata.image_bits
                0x00009c44      0x400 ./src/main.o
 .rodata        0x0000a044      0x127 ./src/main.o
 .rodata._ctype_
                0x0000a16b      0x101 f:/dev/simplicity/developer/toolchains/gnu_arm/4.9_2015q3/bin/../lib/gcc/arm-none-eabi/4.9.3/../../../../arm-none-eabi/lib/armv7-m\libc_nano.a(lib_a-ctype_.o)
                0x0000a16b                _ctype_
 .rodata.__sf_fake_stdin
                0x0000a26c       0x20 f:/dev/simplicity/developer/toolchains/gnu_arm/4.9_2015q3/bin/../lib/gcc/arm-none-eabi/4.9.3/../../../../arm-none-eabi/lib/armv7-m\libc_nano.a(lib_a-findfp.o)
                0x0000a26c                __sf_fake_stdin
 .rodata.__sf_fake_stdout
                0x0000a28c       0x20 f:/dev/simplicity/developer/toolchains/gnu_arm/4.9_2015q3/bin/../lib/gcc/arm-none-eabi/4.9.3/../../../../arm-none-eabi/lib/armv7-m\libc_nano.a(lib_a-findfp.o)
                0x0000a28c                __sf_fake_stdout
 .rodata.__sf_fake_stderr
                0x0000a2ac       0x20 f:/dev/simplicity/developer/toolchains/gnu_arm/4.9_2015q3/bin/../lib/gcc/arm-none-eabi/4.9.3/../../../../arm-none-eabi/lib/armv7-m\libc_nano.a(lib_a-findfp.o)
                0x0000a2ac                __sf_fake_stderr
 .rodata.str1.1
                0x0000a2cc        0x2 f:/dev/simplicity/developer/toolchains/gnu_arm/4.9_2015q3/bin/../lib/gcc/arm-none-eabi/4.9.3/../../../../arm-none-eabi/lib/armv7-m\libc_nano.a(lib_a-impure.o)
 *fill*         0x0000a2ce        0x2 
 .rodata._global_impure_ptr
                0x0000a2d0        0x4 f:/dev/simplicity/developer/toolchains/gnu_arm/4.9_2015q3/bin/../lib/gcc/arm-none-eabi/4.9.3/../../../../arm-none-eabi/lib/armv7-m\libc_nano.a(lib_a-impure.o)
                0x0000a2d0                _global_impure_ptr
 .rodata.str1.1
                0x0000a2d4       0x11 f:/dev/simplicity/developer/toolchains/gnu_arm/4.9_2015q3/bin/../lib/gcc/arm-none-eabi/4.9.3/../../../../arm-none-eabi/lib/armv7-m\libc_nano.a(lib_a-nano-vfprintf.o)
 .rodata.str1.1
                0x0000a2e5       0x22 f:/dev/simplicity/developer/toolchains/gnu_arm/4.9_2015q3/bin/../lib/gcc/arm-none-eabi/4.9.3/../../../../arm-none-eabi/lib/armv7-m\libc_nano.a(lib_a-nano-vfprintf_i.o)
 *(.eh_frame*)
 *fill*         0x0000a307        0x1 
 .eh_frame      0x0000a308        0x0 f:/dev/simplicity/developer/toolchains/gnu_arm/4.9_2015q3/bin/../lib/gcc/arm-none-eabi/4.9.3/armv7-m/crtbegin.o
 .eh_frame      0x0000a308        0x4 f:/dev/simplicity/developer/toolchains/gnu_arm/4.9_2015q3/bin/../lib/gcc/arm-none-eabi/4.9.3/armv7-m/crtend.o

.glue_7         0x0000a30c        0x0
 .glue_7        0x00000000        0x0 linker stubs

.glue_7t        0x0000a30c        0x0
 .glue_7t       0x00000000        0x0 linker stubs

.vfp11_veneer   0x0000a30c        0x0
 .vfp11_veneer  0x00000000        0x0 linker stubs

.v4_bx          0x0000a30c        0x0
 .v4_bx         0x00000000        0x0 linker stubs

.iplt           0x0000a30c        0x0
 .iplt          0x00000000        0x0 f:/dev/simplicity/developer/toolchains/gnu_arm/4.9_2015q3/bin/../lib/gcc/arm-none-eabi/4.9.3/armv7-m/crtbegin.o

.ARM.extab
 *(.ARM.extab* .gnu.linkonce.armextab.*)
                0x0000a30c                __exidx_start = .

.ARM.exidx      0x0000a30c        0x8
 *(.ARM.exidx* .gnu.linkonce.armexidx.*)
 .ARM.exidx     0x0000a30c        0x8 f:/dev/simplicity/developer/toolchains/gnu_arm/4.9_2015q3/bin/../lib/gcc/arm-none-eabi/4.9.3/../../../../arm-none-eabi/lib/armv7-m/crt0.o
 .ARM.exidx     0x0000a314        0x0 f:/dev/simplicity/developer/toolchains/gnu_arm/4.9_2015q3/bin/../lib/gcc/arm-none-eabi/4.9.3/armv7-m\libgcc.a(_divdi3.o)
                                  0x8 (size before relaxing)
 .ARM.exidx     0x0000a314        0x0 f:/dev/simplicity/developer/toolchains/gnu_arm/4.9_2015q3/bin/../lib/gcc/arm-none-eabi/4.9.3/armv7-m\libgcc.a(_udivdi3.o)
                                  0x8 (size before relaxing)
                0x0000a314                __exidx_end = .
                0x0000a314                __etext = .

.rel.dyn        0x0000a314        0x0
 .rel.iplt      0x00000000        0x0 f:/dev/simplicity/developer/toolchains/gnu_arm/4.9_2015q3/bin/../lib/gcc/arm-none-eabi/4.9.3/armv7-m/crtbegin.o

.data           0x20000000      0x108 load address 0x0000a314
                0x20000000                __data_start__ = .
 *(vtable)
 *(.data*)
 .data.SystemHFXOClock
                0x20000000        0x4 ./CMSIS/EZR32LG/system_ezr32lg.o
 .data.SystemLFXOClock
                0x20000004        0x4 ./CMSIS/EZR32LG/system_ezr32lg.o
 .data.SystemCoreClock
                0x20000008        0x4 ./CMSIS/EZR32LG/system_ezr32lg.o
                0x20000008                SystemCoreClock
 .data.pDisplayDeviceDriverInitFunctions
                0x2000000c        0x8 ./Drivers/display.o
 .data.pixelMatrixPool
                0x20000014        0x4 ./Drivers/displayls013b7dh03.o
 .data.ezradioSpiHandlePtr
                0x20000018        0x4 ./Drivers/ezradio_hal.o
 .data.ezradioSpiInitData
                0x2000001c       0x1c ./Drivers/ezradio_hal.o
 .data.charBufferTbl
                0x20000038       0x10 ./Drivers/textdisplay.o
 .data.loops_per_jiffy
                0x20000048        0x4 ./Drivers/udelay.o
                0x20000048                loops_per_jiffy
 .data.chipidSize
                0x2000004c        0x2 ./src/main.o
                0x2000004c                chipidSize
 .data.sizeConfig
                0x2000004e        0x2 ./src/main.o
                0x2000004e                sizeConfig
 .data.BH1750_MODE
                0x20000050        0x1 ./src/main.o
                0x20000050                BH1750_MODE
 *fill*         0x20000051        0x3 
 .data.radioTxPkt
                0x20000054       0x40 ./src/main.o
 .data.__ctype_ptr__
                0x20000094        0x4 f:/dev/simplicity/developer/toolchains/gnu_arm/4.9_2015q3/bin/../lib/gcc/arm-none-eabi/4.9.3/../../../../arm-none-eabi/lib/armv7-m\libc_nano.a(lib_a-ctype_.o)
                0x20000094                __ctype_ptr__
 .data.impure_data
                0x20000098       0x60 f:/dev/simplicity/developer/toolchains/gnu_arm/4.9_2015q3/bin/../lib/gcc/arm-none-eabi/4.9.3/../../../../arm-none-eabi/lib/armv7-m\libc_nano.a(lib_a-impure.o)
 .data._impure_ptr
                0x200000f8        0x4 f:/dev/simplicity/developer/toolchains/gnu_arm/4.9_2015q3/bin/../lib/gcc/arm-none-eabi/4.9.3/../../../../arm-none-eabi/lib/armv7-m\libc_nano.a(lib_a-impure.o)
                0x200000f8                _impure_ptr
                0x200000fc                . = ALIGN (0x4)
 *(.ram)
                0x200000fc                . = ALIGN (0x4)
                0x200000fc                PROVIDE (__preinit_array_start, .)
 *(.preinit_array)
                0x200000fc                PROVIDE (__preinit_array_end, .)
                0x200000fc                . = ALIGN (0x4)
                0x200000fc                PROVIDE (__init_array_start, .)
 *(SORT(.init_array.*))
 *(.init_array)
 .init_array    0x200000fc        0x4 f:/dev/simplicity/developer/toolchains/gnu_arm/4.9_2015q3/bin/../lib/gcc/arm-none-eabi/4.9.3/armv7-m/crtbegin.o
                0x20000100                PROVIDE (__init_array_end, .)
                0x20000100                . = ALIGN (0x4)
                0x20000100                PROVIDE (__fini_array_start, .)
 *(SORT(.fini_array.*))
 *(.fini_array)
 .fini_array    0x20000100        0x4 f:/dev/simplicity/developer/toolchains/gnu_arm/4.9_2015q3/bin/../lib/gcc/arm-none-eabi/4.9.3/armv7-m/crtbegin.o
                0x20000104                PROVIDE (__fini_array_end, .)
 *(.jcr*)
 .jcr           0x20000104        0x0 f:/dev/simplicity/developer/toolchains/gnu_arm/4.9_2015q3/bin/../lib/gcc/arm-none-eabi/4.9.3/armv7-m/crtbegin.o
 .jcr           0x20000104        0x4 f:/dev/simplicity/developer/toolchains/gnu_arm/4.9_2015q3/bin/../lib/gcc/arm-none-eabi/4.9.3/armv7-m/crtend.o
                0x20000108                . = ALIGN (0x4)
                0x20000108                __data_end__ = .

.igot.plt       0x20000108        0x0 load address 0x0000a41c
 .igot.plt      0x00000000        0x0 f:/dev/simplicity/developer/toolchains/gnu_arm/4.9_2015q3/bin/../lib/gcc/arm-none-eabi/4.9.3/armv7-m/crtbegin.o

.bss            0x20000200      0x794 load address 0x0000a600
                0x20000200                . = ALIGN (0x4)
                0x20000200                __bss_start__ = .
 *(.bss*)
 .bss           0x20000200       0x1c f:/dev/simplicity/developer/toolchains/gnu_arm/4.9_2015q3/bin/../lib/gcc/arm-none-eabi/4.9.3/armv7-m/crtbegin.o
 .bss.deviceTable
                0x2000021c       0x2c ./Drivers/display.o
 .bss.moduleInitialized
                0x20000248        0x1 ./Drivers/display.o
 *fill*         0x20000249        0x3 
 .bss.devicesRegistered
                0x2000024c        0x4 ./Drivers/display.o
 .bss.lcdPolarity
                0x20000250        0x1 ./Drivers/displayls013b7dh03.o
 *fill*         0x20000251        0x3 
 .bss.pixelMatrixPoolBase
                0x20000254       0x80 ./Drivers/displayls013b7dh03.o
 .bss.initialized
                0x200002d4        0x1 ./Drivers/dmadrv.o
 *fill*         0x200002d5        0x3 
 .bss.chTable   0x200002d8       0x50 ./Drivers/dmadrv.o
 .bss.dmaCallBack
                0x20000328       0x30 ./Drivers/dmadrv.o
 .bss.ezradio_comm_CtsWentHigh
                0x20000358        0x1 ./Drivers/ezradio_comm.o
                0x20000358                ezradio_comm_CtsWentHigh
 *fill*         0x20000359        0x3 
 .bss.ezradioSpiHandle
                0x2000035c       0x54 ./Drivers/ezradio_hal.o
 .bss.ezradioIrqReceived
                0x200003b0        0x1 ./Drivers/ezradio_plugin_manager.o
 *fill*         0x200003b1        0x3 
 .bss.gpioCallbacks
                0x200003b4       0x40 ./Drivers/gpiointerrupt.o
 .bss.heap_end.6335
                0x200003f4        0x4 ./Drivers/retargetio.o
 .bss.textDisplayHandle
                0x200003f8        0x4 ./Drivers/retargettextdisplay.o
                0x200003f8                textDisplayHandle
 *fill*         0x200003fc        0x4 
 .bss.timer     0x20000400       0xa0 ./Drivers/rtcdriver.o
 .bss.lastStart
                0x200004a0        0x4 ./Drivers/rtcdriver.o
 .bss.startTimerNestingLevel
                0x200004a4        0x4 ./Drivers/rtcdriver.o
 .bss.inTimerIRQ
                0x200004a8        0x1 ./Drivers/rtcdriver.o
 .bss.rtcRunning
                0x200004a9        0x1 ./Drivers/rtcdriver.o
 .bss.spidrvIsInitialized
                0x200004aa        0x1 ./Drivers/spidrv.o
 *fill*         0x200004ab        0x1 
 .bss.textdisplayTbl
                0x200004ac       0x58 ./Drivers/textdisplay.o
 .bss.freq      0x20000504        0x4 ./Drivers/ustimer.o
 .bss.minTicks  0x20000508        0x4 ./Drivers/ustimer.o
 .bss.timeElapsed
                0x2000050c        0x1 ./Drivers/ustimer.o
 *fill*         0x2000050d        0x3 
 .bss.i2cTransfer
                0x20000510       0x18 ./emlib/em_i2c.o
 .bss.BMP280_CHIPID_VALUE
                0x20000528        0x1 ./src/main.o
                0x20000528                BMP280_CHIPID_VALUE
 *fill*         0x20000529        0x3 
 .bss.BMP280_CONFIG
                0x2000052c        0x2 ./src/main.o
                0x2000052c                BMP280_CONFIG
 *fill*         0x2000052e        0x2 
 .bss.bmp280_parameters
                0x20000530       0x1c ./src/main.o
                0x20000530                bmp280_parameters
 .bss.displayDevice
                0x2000054c       0x2c ./src/main.o
 .bss.appTxPktCntr
                0x20000578        0x2 ./src/main.o
 .bss.appTxActive
                0x2000057a        0x1 ./src/main.o
 *fill*         0x2000057b        0x1 
 .bss.appDataCntr
                0x2000057c        0x2 ./src/main.o
 *fill*         0x2000057e        0x2 
 .bss.radioRxPkt
                0x20000580       0x40 ./src/main.o
 .bss.rtcRepeateTimer
                0x200005c0        0x4 ./src/main.o
 .bss.timerTick
                0x200005c4        0x4 ./src/main.o
 .bss.measurementFlag
                0x200005c8        0x1 ./src/main.o
 *fill*         0x200005c9        0x3 
 .bss.__malloc_sbrk_start
                0x200005cc        0x4 f:/dev/simplicity/developer/toolchains/gnu_arm/4.9_2015q3/bin/../lib/gcc/arm-none-eabi/4.9.3/../../../../arm-none-eabi/lib/armv7-m\libc_nano.a(lib_a-nano-mallocr.o)
                0x200005cc                __malloc_sbrk_start
 .bss.__malloc_free_list
                0x200005d0        0x4 f:/dev/simplicity/developer/toolchains/gnu_arm/4.9_2015q3/bin/../lib/gcc/arm-none-eabi/4.9.3/../../../../arm-none-eabi/lib/armv7-m\libc_nano.a(lib_a-nano-mallocr.o)
                0x200005d0                __malloc_free_list
 *(COMMON)
 *fill*         0x200005d4       0x2c 
 COMMON         0x20000600      0x200 ./Drivers/dmactrl.o
                0x20000600                dmaControlBlock
 COMMON         0x20000800      0x190 ./Drivers/textdisplay.o
                0x20000800                charBufferDevice0
                0x20000950                charArrayDevice0
 COMMON         0x20000990        0x4 f:/dev/simplicity/developer/toolchains/gnu_arm/4.9_2015q3/bin/../lib/gcc/arm-none-eabi/4.9.3/../../../../arm-none-eabi/lib/armv7-m\libc_nano.a(lib_a-reent.o)
                0x20000990                errno
                0x20000994                . = ALIGN (0x4)
                0x20000994                __bss_end__ = .

.heap           0x20000998      0xc00
                0x20000998                __HeapBase = .
                0x20000998                __end__ = .
                0x20000998                end = __end__
                0x20000998                _end = __end__
 *(.heap*)
 .heap          0x20000998      0xc00 ./CMSIS/EZR32LG/startup_gcc_ezr32lg.o
                0x20001598                __HeapLimit = .

.stack_dummy    0x20000998      0x400
 *(.stack*)
 .stack         0x20000998      0x400 ./CMSIS/EZR32LG/startup_gcc_ezr32lg.o
                0x20008000                __StackTop = (ORIGIN (RAM) + 0x8000)
                0x20007c00                __StackLimit = (__StackTop - SIZEOF (.stack_dummy))
                0x20008000                PROVIDE (__stack, __StackTop)
                0x00000001                ASSERT ((__StackLimit >= __HeapLimit), region RAM overflowed with stack)
                0x00000001                ASSERT ((0x40000 >= (__etext + SIZEOF (.data))), FLASH memory overflowed !)
OUTPUT(thesis_gecko.axf elf32-littlearm)

.ARM.attributes
                0x00000000       0x29
 .ARM.attributes
                0x00000000       0x1d f:/dev/simplicity/developer/toolchains/gnu_arm/4.9_2015q3/bin/../lib/gcc/arm-none-eabi/4.9.3/armv7-m/crti.o
 .ARM.attributes
                0x0000001d       0x2d f:/dev/simplicity/developer/toolchains/gnu_arm/4.9_2015q3/bin/../lib/gcc/arm-none-eabi/4.9.3/armv7-m/crtbegin.o
 .ARM.attributes
                0x0000004a       0x1b f:/dev/simplicity/developer/toolchains/gnu_arm/4.9_2015q3/bin/../lib/gcc/arm-none-eabi/4.9.3/../../../../arm-none-eabi/lib/armv7-m/crt0.o
 .ARM.attributes
                0x00000065       0x1b ./CMSIS/EZR32LG/startup_gcc_ezr32lg.o
 .ARM.attributes
                0x00000080       0x33 ./CMSIS/EZR32LG/system_ezr32lg.o
 .ARM.attributes
                0x000000b3       0x33 ./Drivers/BMP280.o
 .ARM.attributes
                0x000000e6       0x33 ./Drivers/FH1750.o
 .ARM.attributes
                0x00000119       0x33 ./Drivers/display.o
 .ARM.attributes
                0x0000014c       0x33 ./Drivers/displayls013b7dh03.o
 .ARM.attributes
                0x0000017f       0x33 ./Drivers/displaypalemlib.o
 .ARM.attributes
                0x000001b2       0x33 ./Drivers/dmactrl.o
 .ARM.attributes
                0x000001e5       0x33 ./Drivers/dmadrv.o
 .ARM.attributes
                0x00000218       0x33 ./Drivers/ezradio_api_lib.o
 .ARM.attributes
                0x0000024b       0x33 ./Drivers/ezradio_comm.o
 .ARM.attributes
                0x0000027e       0x33 ./Drivers/ezradio_crcerror_plugin.o
 .ARM.attributes
                0x000002b1       0x33 ./Drivers/ezradio_hal.o
 .ARM.attributes
                0x000002e4       0x33 ./Drivers/ezradio_plugin_manager.o
 .ARM.attributes
                0x00000317       0x33 ./Drivers/ezradio_receive_plugin.o
 .ARM.attributes
                0x0000034a       0x33 ./Drivers/ezradio_transmit_plugin.o
 .ARM.attributes
                0x0000037d       0x33 ./Drivers/gpiointerrupt.o
 .ARM.attributes
                0x000003b0       0x33 ./Drivers/retargetio.o
 .ARM.attributes
                0x000003e3       0x33 ./Drivers/retargettextdisplay.o
 .ARM.attributes
                0x00000416       0x33 ./Drivers/rtcdriver.o
 .ARM.attributes
                0x00000449       0x33 ./Drivers/spidrv.o
 .ARM.attributes
                0x0000047c       0x33 ./Drivers/textdisplay.o
 .ARM.attributes
                0x000004af       0x33 ./Drivers/udelay.o
 .ARM.attributes
                0x000004e2       0x33 ./Drivers/ustimer.o
 .ARM.attributes
                0x00000515       0x33 ./Drivers/si4x6x/ezradio_api_lib_add.o
 .ARM.attributes
                0x00000548       0x33 ./emlib/em_cmu.o
 .ARM.attributes
                0x0000057b       0x33 ./emlib/em_core.o
 .ARM.attributes
                0x000005ae       0x33 ./emlib/em_dma.o
 .ARM.attributes
                0x000005e1       0x33 ./emlib/em_gpio.o
 .ARM.attributes
                0x00000614       0x33 ./emlib/em_i2c.o
 .ARM.attributes
                0x00000647       0x33 ./emlib/em_prs.o
 .ARM.attributes
                0x0000067a       0x33 ./emlib/em_rtc.o
 .ARM.attributes
                0x000006ad       0x33 ./emlib/em_system.o
 .ARM.attributes
                0x000006e0       0x33 ./emlib/em_timer.o
 .ARM.attributes
                0x00000713       0x33 ./emlib/em_usart.o
 .ARM.attributes
                0x00000746       0x33 ./src/main.o
 .ARM.attributes
                0x00000779       0x1d f:/dev/simplicity/developer/toolchains/gnu_arm/4.9_2015q3/bin/../lib/gcc/arm-none-eabi/4.9.3/armv7-m\libgcc.a(_aeabi_uldivmod.o)
 .ARM.attributes
                0x00000796       0x2d f:/dev/simplicity/developer/toolchains/gnu_arm/4.9_2015q3/bin/../lib/gcc/arm-none-eabi/4.9.3/armv7-m\libgcc.a(bpabi.o)
 .ARM.attributes
                0x000007c3       0x1d f:/dev/simplicity/developer/toolchains/gnu_arm/4.9_2015q3/bin/../lib/gcc/arm-none-eabi/4.9.3/armv7-m\libgcc.a(_dvmd_tls.o)
 .ARM.attributes
                0x000007e0       0x2d f:/dev/simplicity/developer/toolchains/gnu_arm/4.9_2015q3/bin/../lib/gcc/arm-none-eabi/4.9.3/armv7-m\libgcc.a(_divdi3.o)
 .ARM.attributes
                0x0000080d       0x2d f:/dev/simplicity/developer/toolchains/gnu_arm/4.9_2015q3/bin/../lib/gcc/arm-none-eabi/4.9.3/armv7-m\libgcc.a(_udivdi3.o)
 .ARM.attributes
                0x0000083a       0x2d f:/dev/simplicity/developer/toolchains/gnu_arm/4.9_2015q3/bin/../lib/gcc/arm-none-eabi/4.9.3/../../../../arm-none-eabi/lib/armv7-m\libc_nano.a(lib_a-ctype_.o)
 .ARM.attributes
                0x00000867       0x2d f:/dev/simplicity/developer/toolchains/gnu_arm/4.9_2015q3/bin/../lib/gcc/arm-none-eabi/4.9.3/../../../../arm-none-eabi/lib/armv7-m\libc_nano.a(lib_a-exit.o)
 .ARM.attributes
                0x00000894       0x2d f:/dev/simplicity/developer/toolchains/gnu_arm/4.9_2015q3/bin/../lib/gcc/arm-none-eabi/4.9.3/../../../../arm-none-eabi/lib/armv7-m\libc_nano.a(lib_a-fileno.o)
 .ARM.attributes
                0x000008c1       0x2d f:/dev/simplicity/developer/toolchains/gnu_arm/4.9_2015q3/bin/../lib/gcc/arm-none-eabi/4.9.3/../../../../arm-none-eabi/lib/armv7-m\libc_nano.a(lib_a-findfp.o)
 .ARM.attributes
                0x000008ee       0x2d f:/dev/simplicity/developer/toolchains/gnu_arm/4.9_2015q3/bin/../lib/gcc/arm-none-eabi/4.9.3/../../../../arm-none-eabi/lib/armv7-m\libc_nano.a(lib_a-fwalk.o)
 .ARM.attributes
                0x0000091b       0x2d f:/dev/simplicity/developer/toolchains/gnu_arm/4.9_2015q3/bin/../lib/gcc/arm-none-eabi/4.9.3/../../../../arm-none-eabi/lib/armv7-m\libc_nano.a(lib_a-impure.o)
 .ARM.attributes
                0x00000948       0x2d f:/dev/simplicity/developer/toolchains/gnu_arm/4.9_2015q3/bin/../lib/gcc/arm-none-eabi/4.9.3/../../../../arm-none-eabi/lib/armv7-m\libc_nano.a(lib_a-init.o)
 .ARM.attributes
                0x00000975       0x2d f:/dev/simplicity/developer/toolchains/gnu_arm/4.9_2015q3/bin/../lib/gcc/arm-none-eabi/4.9.3/../../../../arm-none-eabi/lib/armv7-m\libc_nano.a(lib_a-memcpy.o)
 .ARM.attributes
                0x000009a2       0x2d f:/dev/simplicity/developer/toolchains/gnu_arm/4.9_2015q3/bin/../lib/gcc/arm-none-eabi/4.9.3/../../../../arm-none-eabi/lib/armv7-m\libc_nano.a(lib_a-memset.o)
 .ARM.attributes
                0x000009cf       0x2d f:/dev/simplicity/developer/toolchains/gnu_arm/4.9_2015q3/bin/../lib/gcc/arm-none-eabi/4.9.3/../../../../arm-none-eabi/lib/armv7-m\libc_nano.a(lib_a-nano-mallocr.o)
 .ARM.attributes
                0x000009fc       0x2d f:/dev/simplicity/developer/toolchains/gnu_arm/4.9_2015q3/bin/../lib/gcc/arm-none-eabi/4.9.3/../../../../arm-none-eabi/lib/armv7-m\libc_nano.a(lib_a-printf.o)
 .ARM.attributes
                0x00000a29       0x2d f:/dev/simplicity/developer/toolchains/gnu_arm/4.9_2015q3/bin/../lib/gcc/arm-none-eabi/4.9.3/../../../../arm-none-eabi/lib/armv7-m\libc_nano.a(lib_a-sbrkr.o)
 .ARM.attributes
                0x00000a56       0x2d f:/dev/simplicity/developer/toolchains/gnu_arm/4.9_2015q3/bin/../lib/gcc/arm-none-eabi/4.9.3/../../../../arm-none-eabi/lib/armv7-m\libc_nano.a(lib_a-setvbuf.o)
 .ARM.attributes
                0x00000a83       0x2d f:/dev/simplicity/developer/toolchains/gnu_arm/4.9_2015q3/bin/../lib/gcc/arm-none-eabi/4.9.3/../../../../arm-none-eabi/lib/armv7-m\libc_nano.a(lib_a-stdio.o)
 .ARM.attributes
                0x00000ab0       0x2d f:/dev/simplicity/developer/toolchains/gnu_arm/4.9_2015q3/bin/../lib/gcc/arm-none-eabi/4.9.3/../../../../arm-none-eabi/lib/armv7-m\libc_nano.a(lib_a-strlen.o)
 .ARM.attributes
                0x00000add       0x2d f:/dev/simplicity/developer/toolchains/gnu_arm/4.9_2015q3/bin/../lib/gcc/arm-none-eabi/4.9.3/../../../../arm-none-eabi/lib/armv7-m\libc_nano.a(lib_a-writer.o)
 .ARM.attributes
                0x00000b0a       0x2d f:/dev/simplicity/developer/toolchains/gnu_arm/4.9_2015q3/bin/../lib/gcc/arm-none-eabi/4.9.3/../../../../arm-none-eabi/lib/armv7-m\libc_nano.a(lib_a-closer.o)
 .ARM.attributes
                0x00000b37       0x2d f:/dev/simplicity/developer/toolchains/gnu_arm/4.9_2015q3/bin/../lib/gcc/arm-none-eabi/4.9.3/../../../../arm-none-eabi/lib/armv7-m\libc_nano.a(lib_a-fflush.o)
 .ARM.attributes
                0x00000b64       0x2d f:/dev/simplicity/developer/toolchains/gnu_arm/4.9_2015q3/bin/../lib/gcc/arm-none-eabi/4.9.3/../../../../arm-none-eabi/lib/armv7-m\libc_nano.a(lib_a-lseekr.o)
 .ARM.attributes
                0x00000b91       0x2d f:/dev/simplicity/developer/toolchains/gnu_arm/4.9_2015q3/bin/../lib/gcc/arm-none-eabi/4.9.3/../../../../arm-none-eabi/lib/armv7-m\libc_nano.a(lib_a-malloc.o)
 .ARM.attributes
                0x00000bbe       0x2d f:/dev/simplicity/developer/toolchains/gnu_arm/4.9_2015q3/bin/../lib/gcc/arm-none-eabi/4.9.3/../../../../arm-none-eabi/lib/armv7-m\libc_nano.a(lib_a-nano-freer.o)
 .ARM.attributes
                0x00000beb       0x2d f:/dev/simplicity/developer/toolchains/gnu_arm/4.9_2015q3/bin/../lib/gcc/arm-none-eabi/4.9.3/../../../../arm-none-eabi/lib/armv7-m\libc_nano.a(lib_a-nano-vfprintf.o)
 .ARM.attributes
                0x00000c18       0x2d f:/dev/simplicity/developer/toolchains/gnu_arm/4.9_2015q3/bin/../lib/gcc/arm-none-eabi/4.9.3/../../../../arm-none-eabi/lib/armv7-m\libc_nano.a(lib_a-nano-vfprintf_i.o)
 .ARM.attributes
                0x00000c45       0x2d f:/dev/simplicity/developer/toolchains/gnu_arm/4.9_2015q3/bin/../lib/gcc/arm-none-eabi/4.9.3/../../../../arm-none-eabi/lib/armv7-m\libc_nano.a(lib_a-readr.o)
 .ARM.attributes
                0x00000c72       0x2d f:/dev/simplicity/developer/toolchains/gnu_arm/4.9_2015q3/bin/../lib/gcc/arm-none-eabi/4.9.3/../../../../arm-none-eabi/lib/armv7-m\libc_nano.a(lib_a-reent.o)
 .ARM.attributes
                0x00000c9f       0x2d f:/dev/simplicity/developer/toolchains/gnu_arm/4.9_2015q3/bin/../lib/gcc/arm-none-eabi/4.9.3/../../../../arm-none-eabi/lib/armv7-m\libc_nano.a(lib_a-wbuf.o)
 .ARM.attributes
                0x00000ccc       0x2d f:/dev/simplicity/developer/toolchains/gnu_arm/4.9_2015q3/bin/../lib/gcc/arm-none-eabi/4.9.3/../../../../arm-none-eabi/lib/armv7-m\libc_nano.a(lib_a-wsetup.o)
 .ARM.attributes
                0x00000cf9       0x2d f:/dev/simplicity/developer/toolchains/gnu_arm/4.9_2015q3/bin/../lib/gcc/arm-none-eabi/4.9.3/../../../../arm-none-eabi/lib/armv7-m\libc_nano.a(lib_a-makebuf.o)
 .ARM.attributes
                0x00000d26       0x2d f:/dev/simplicity/developer/toolchains/gnu_arm/4.9_2015q3/bin/../lib/gcc/arm-none-eabi/4.9.3/../../../../arm-none-eabi/lib/armv7-m\libc_nano.a(lib_a-memchr.o)
 .ARM.attributes
                0x00000d53       0x2d f:/dev/simplicity/developer/toolchains/gnu_arm/4.9_2015q3/bin/../lib/gcc/arm-none-eabi/4.9.3/../../../../arm-none-eabi/lib/armv7-m\libc_nano.a(lib_a-fstatr.o)
 .ARM.attributes
                0x00000d80       0x2d f:/dev/simplicity/developer/toolchains/gnu_arm/4.9_2015q3/bin/../lib/gcc/arm-none-eabi/4.9.3/../../../../arm-none-eabi/lib/armv7-m\libc_nano.a(lib_a-isattyr.o)
 .ARM.attributes
                0x00000dad       0x2d f:/dev/simplicity/developer/toolchains/gnu_arm/4.9_2015q3/bin/../lib/gcc/arm-none-eabi/4.9.3/armv7-m/crtend.o
 .ARM.attributes
                0x00000dda       0x1d f:/dev/simplicity/developer/toolchains/gnu_arm/4.9_2015q3/bin/../lib/gcc/arm-none-eabi/4.9.3/armv7-m/crtn.o

.comment        0x00000000       0x70
 .comment       0x00000000       0x70 ./CMSIS/EZR32LG/system_ezr32lg.o
                                 0x71 (size before relaxing)
 .comment       0x00000000       0x71 ./Drivers/BMP280.o
 .comment       0x00000000       0x71 ./Drivers/FH1750.o
 .comment       0x00000000       0x71 ./Drivers/display.o
 .comment       0x00000000       0x71 ./Drivers/displayls013b7dh03.o
 .comment       0x00000000       0x71 ./Drivers/displaypalemlib.o
 .comment       0x00000000       0x71 ./Drivers/dmactrl.o
 .comment       0x00000000       0x71 ./Drivers/dmadrv.o
 .comment       0x00000000       0x71 ./Drivers/ezradio_api_lib.o
 .comment       0x00000000       0x71 ./Drivers/ezradio_comm.o
 .comment       0x00000000       0x71 ./Drivers/ezradio_crcerror_plugin.o
 .comment       0x00000000       0x71 ./Drivers/ezradio_hal.o
 .comment       0x00000000       0x71 ./Drivers/ezradio_plugin_manager.o
 .comment       0x00000000       0x71 ./Drivers/ezradio_receive_plugin.o
 .comment       0x00000000       0x71 ./Drivers/ezradio_transmit_plugin.o
 .comment       0x00000000       0x71 ./Drivers/gpiointerrupt.o
 .comment       0x00000000       0x71 ./Drivers/retargetio.o
 .comment       0x00000000       0x71 ./Drivers/retargettextdisplay.o
 .comment       0x00000000       0x71 ./Drivers/rtcdriver.o
 .comment       0x00000000       0x71 ./Drivers/spidrv.o
 .comment       0x00000000       0x71 ./Drivers/textdisplay.o
 .comment       0x00000000       0x71 ./Drivers/udelay.o
 .comment       0x00000000       0x71 ./Drivers/ustimer.o
 .comment       0x00000000       0x71 ./Drivers/si4x6x/ezradio_api_lib_add.o
 .comment       0x00000000       0x71 ./emlib/em_cmu.o
 .comment       0x00000000       0x71 ./emlib/em_core.o
 .comment       0x00000000       0x71 ./emlib/em_dma.o
 .comment       0x00000000       0x71 ./emlib/em_gpio.o
 .comment       0x00000000       0x71 ./emlib/em_i2c.o
 .comment       0x00000000       0x71 ./emlib/em_prs.o
 .comment       0x00000000       0x71 ./emlib/em_rtc.o
 .comment       0x00000000       0x71 ./emlib/em_system.o
 .comment       0x00000000       0x71 ./emlib/em_timer.o
 .comment       0x00000000       0x71 ./emlib/em_usart.o
 .comment       0x00000000       0x71 ./src/main.o

.debug_line     0x00000000    0x16ebd
 .debug_line    0x00000000       0x72 ./CMSIS/EZR32LG/startup_gcc_ezr32lg.o
 .debug_line    0x00000072      0x79d ./CMSIS/EZR32LG/system_ezr32lg.o
 .debug_line    0x0000080f      0x925 ./Drivers/BMP280.o
 .debug_line    0x00001134      0x83c ./Drivers/FH1750.o
 .debug_line    0x00001970      0x565 ./Drivers/display.o
 .debug_line    0x00001ed5      0xba6 ./Drivers/displayls013b7dh03.o
 .debug_line    0x00002a7b      0xcdd ./Drivers/displaypalemlib.o
 .debug_line    0x00003758      0x762 ./Drivers/dmactrl.o
 .debug_line    0x00003eba      0xc38 ./Drivers/dmadrv.o
 .debug_line    0x00004af2      0xdb8 ./Drivers/ezradio_api_lib.o
 .debug_line    0x000058aa      0xa20 ./Drivers/ezradio_comm.o
 .debug_line    0x000062ca      0xb00 ./Drivers/ezradio_crcerror_plugin.o
 .debug_line    0x00006dca      0xc8a ./Drivers/ezradio_hal.o
 .debug_line    0x00007a54      0xdf5 ./Drivers/ezradio_plugin_manager.o
 .debug_line    0x00008849      0xb1d ./Drivers/ezradio_receive_plugin.o
 .debug_line    0x00009366      0xbcf ./Drivers/ezradio_transmit_plugin.o
 .debug_line    0x00009f35      0x88e ./Drivers/gpiointerrupt.o
 .debug_line    0x0000a7c3      0x89d ./Drivers/retargetio.o
 .debug_line    0x0000b060      0x582 ./Drivers/retargettextdisplay.o
 .debug_line    0x0000b5e2      0xc17 ./Drivers/rtcdriver.o
 .debug_line    0x0000c1f9     0x10ae ./Drivers/spidrv.o
 .debug_line    0x0000d2a7      0x7e9 ./Drivers/textdisplay.o
 .debug_line    0x0000da90      0x89b ./Drivers/udelay.o
 .debug_line    0x0000e32b      0xac0 ./Drivers/ustimer.o
 .debug_line    0x0000edeb      0xa84 ./Drivers/si4x6x/ezradio_api_lib_add.o
 .debug_line    0x0000f86f      0xf3a ./emlib/em_cmu.o
 .debug_line    0x000107a9      0xa7e ./emlib/em_core.o
 .debug_line    0x00011227      0xa7e ./emlib/em_dma.o
 .debug_line    0x00011ca5      0x8eb ./emlib/em_gpio.o
 .debug_line    0x00012590      0x9a1 ./emlib/em_i2c.o
 .debug_line    0x00012f31      0x72a ./emlib/em_prs.o
 .debug_line    0x0001365b      0x7e0 ./emlib/em_rtc.o
 .debug_line    0x00013e3b      0x75b ./emlib/em_system.o
 .debug_line    0x00014596      0x9eb ./emlib/em_timer.o
 .debug_line    0x00014f81      0xa64 ./emlib/em_usart.o
 .debug_line    0x000159e5     0x14d8 ./src/main.o

.debug_info     0x00000000    0x1841a
 .debug_info    0x00000000       0x8c ./CMSIS/EZR32LG/startup_gcc_ezr32lg.o
 .debug_info    0x0000008c      0x5b0 ./CMSIS/EZR32LG/system_ezr32lg.o
 .debug_info    0x0000063c      0x72e ./Drivers/BMP280.o
 .debug_info    0x00000d6a      0x615 ./Drivers/FH1750.o
 .debug_info    0x0000137f      0x441 ./Drivers/display.o
 .debug_info    0x000017c0      0x646 ./Drivers/displayls013b7dh03.o
 .debug_info    0x00001e06      0xc20 ./Drivers/displaypalemlib.o
 .debug_info    0x00002a26      0x12d ./Drivers/dmactrl.o
 .debug_info    0x00002b53     0x16c1 ./Drivers/dmadrv.o
 .debug_info    0x00004214     0x1150 ./Drivers/ezradio_api_lib.o
 .debug_info    0x00005364      0x2b7 ./Drivers/ezradio_comm.o
 .debug_info    0x0000561b      0x929 ./Drivers/ezradio_crcerror_plugin.o
 .debug_info    0x00005f44      0xf30 ./Drivers/ezradio_hal.o
 .debug_info    0x00006e74      0xa20 ./Drivers/ezradio_plugin_manager.o
 .debug_info    0x00007894      0x96e ./Drivers/ezradio_receive_plugin.o
 .debug_info    0x00008202      0xb31 ./Drivers/ezradio_transmit_plugin.o
 .debug_info    0x00008d33      0x79b ./Drivers/gpiointerrupt.o
 .debug_info    0x000094ce      0xde8 ./Drivers/retargetio.o
 .debug_info    0x0000a2b6      0xca4 ./Drivers/retargettextdisplay.o
 .debug_info    0x0000af5a      0xd5c ./Drivers/rtcdriver.o
 .debug_info    0x0000bcb6     0x1570 ./Drivers/spidrv.o
 .debug_info    0x0000d226      0x961 ./Drivers/textdisplay.o
 .debug_info    0x0000db87      0xa01 ./Drivers/udelay.o
 .debug_info    0x0000e588     0x108f ./Drivers/ustimer.o
 .debug_info    0x0000f617      0x9b3 ./Drivers/si4x6x/ezradio_api_lib_add.o
 .debug_info    0x0000ffca     0x141b ./emlib/em_cmu.o
 .debug_info    0x000113e5      0xcf6 ./emlib/em_core.o
 .debug_info    0x000120db     0x12c9 ./emlib/em_dma.o
 .debug_info    0x000133a4      0x663 ./emlib/em_gpio.o
 .debug_info    0x00013a07      0x856 ./emlib/em_i2c.o
 .debug_info    0x0001425d      0x225 ./emlib/em_prs.o
 .debug_info    0x00014482      0x347 ./emlib/em_rtc.o
 .debug_info    0x000147c9      0x27a ./emlib/em_system.o
 .debug_info    0x00014a43      0x917 ./emlib/em_timer.o
 .debug_info    0x0001535a      0xea9 ./emlib/em_usart.o
 .debug_info    0x00016203     0x2217 ./src/main.o

.debug_abbrev   0x00000000     0x3e9b
 .debug_abbrev  0x00000000       0x14 ./CMSIS/EZR32LG/startup_gcc_ezr32lg.o
 .debug_abbrev  0x00000014      0x170 ./CMSIS/EZR32LG/system_ezr32lg.o
 .debug_abbrev  0x00000184      0x1a4 ./Drivers/BMP280.o
 .debug_abbrev  0x00000328      0x191 ./Drivers/FH1750.o
 .debug_abbrev  0x000004b9       0xf8 ./Drivers/display.o
 .debug_abbrev  0x000005b1      0x198 ./Drivers/displayls013b7dh03.o
 .debug_abbrev  0x00000749      0x1d7 ./Drivers/displaypalemlib.o
 .debug_abbrev  0x00000920       0x9b ./Drivers/dmactrl.o
 .debug_abbrev  0x000009bb      0x27b ./Drivers/dmadrv.o
 .debug_abbrev  0x00000c36      0x184 ./Drivers/ezradio_api_lib.o
 .debug_abbrev  0x00000dba      0x13d ./Drivers/ezradio_comm.o
 .debug_abbrev  0x00000ef7      0x143 ./Drivers/ezradio_crcerror_plugin.o
 .debug_abbrev  0x0000103a      0x207 ./Drivers/ezradio_hal.o
 .debug_abbrev  0x00001241      0x1de ./Drivers/ezradio_plugin_manager.o
 .debug_abbrev  0x0000141f      0x15b ./Drivers/ezradio_receive_plugin.o
 .debug_abbrev  0x0000157a      0x18a ./Drivers/ezradio_transmit_plugin.o
 .debug_abbrev  0x00001704      0x24f ./Drivers/gpiointerrupt.o
 .debug_abbrev  0x00001953      0x25d ./Drivers/retargetio.o
 .debug_abbrev  0x00001bb0      0x1d9 ./Drivers/retargettextdisplay.o
 .debug_abbrev  0x00001d89      0x2a1 ./Drivers/rtcdriver.o
 .debug_abbrev  0x0000202a      0x207 ./Drivers/spidrv.o
 .debug_abbrev  0x00002231      0x1db ./Drivers/textdisplay.o
 .debug_abbrev  0x0000240c      0x1d0 ./Drivers/udelay.o
 .debug_abbrev  0x000025dc      0x23c ./Drivers/ustimer.o
 .debug_abbrev  0x00002818      0x145 ./Drivers/si4x6x/ezradio_api_lib_add.o
 .debug_abbrev  0x0000295d      0x2d4 ./emlib/em_cmu.o
 .debug_abbrev  0x00002c31      0x23c ./emlib/em_core.o
 .debug_abbrev  0x00002e6d      0x250 ./emlib/em_dma.o
 .debug_abbrev  0x000030bd      0x1c5 ./emlib/em_gpio.o
 .debug_abbrev  0x00003282      0x25c ./emlib/em_i2c.o
 .debug_abbrev  0x000034de       0xdf ./emlib/em_prs.o
 .debug_abbrev  0x000035bd      0x19b ./emlib/em_rtc.o
 .debug_abbrev  0x00003758      0x10c ./emlib/em_system.o
 .debug_abbrev  0x00003864      0x177 ./emlib/em_timer.o
 .debug_abbrev  0x000039db      0x1ca ./emlib/em_usart.o
 .debug_abbrev  0x00003ba5      0x2f6 ./src/main.o

.debug_aranges  0x00000000     0x1128
 .debug_aranges
                0x00000000       0x20 ./CMSIS/EZR32LG/startup_gcc_ezr32lg.o
 .debug_aranges
                0x00000020       0x70 ./CMSIS/EZR32LG/system_ezr32lg.o
 .debug_aranges
                0x00000090       0x50 ./Drivers/BMP280.o
 .debug_aranges
                0x000000e0       0x48 ./Drivers/FH1750.o
 .debug_aranges
                0x00000128       0x38 ./Drivers/display.o
 .debug_aranges
                0x00000160       0x60 ./Drivers/displayls013b7dh03.o
 .debug_aranges
                0x000001c0       0x98 ./Drivers/displaypalemlib.o
 .debug_aranges
                0x00000258       0x18 ./Drivers/dmactrl.o
 .debug_aranges
                0x00000270       0xb8 ./Drivers/dmadrv.o
 .debug_aranges
                0x00000328      0x148 ./Drivers/ezradio_api_lib.o
 .debug_aranges
                0x00000470       0x50 ./Drivers/ezradio_comm.o
 .debug_aranges
                0x000004c0       0x20 ./Drivers/ezradio_crcerror_plugin.o
 .debug_aranges
                0x000004e0       0xa8 ./Drivers/ezradio_hal.o
 .debug_aranges
                0x00000588       0x40 ./Drivers/ezradio_plugin_manager.o
 .debug_aranges
                0x000005c8       0x28 ./Drivers/ezradio_receive_plugin.o
 .debug_aranges
                0x000005f0       0x50 ./Drivers/ezradio_transmit_plugin.o
 .debug_aranges
                0x00000640       0x68 ./Drivers/gpiointerrupt.o
 .debug_aranges
                0x000006a8       0x68 ./Drivers/retargetio.o
 .debug_aranges
                0x00000710       0x38 ./Drivers/retargettextdisplay.o
 .debug_aranges
                0x00000748       0xc8 ./Drivers/rtcdriver.o
 .debug_aranges
                0x00000810       0xd8 ./Drivers/spidrv.o
 .debug_aranges
                0x000008e8       0x68 ./Drivers/textdisplay.o
 .debug_aranges
                0x00000950       0x50 ./Drivers/udelay.o
 .debug_aranges
                0x000009a0       0xc0 ./Drivers/ustimer.o
 .debug_aranges
                0x00000a60       0x48 ./Drivers/si4x6x/ezradio_api_lib_add.o
 .debug_aranges
                0x00000aa8      0x170 ./emlib/em_cmu.o
 .debug_aranges
                0x00000c18       0xe8 ./emlib/em_core.o
 .debug_aranges
                0x00000d00       0xc0 ./emlib/em_dma.o
 .debug_aranges
                0x00000dc0       0x70 ./emlib/em_gpio.o
 .debug_aranges
                0x00000e30       0x60 ./emlib/em_i2c.o
 .debug_aranges
                0x00000e90       0x28 ./emlib/em_prs.o
 .debug_aranges
                0x00000eb8       0x58 ./emlib/em_rtc.o
 .debug_aranges
                0x00000f10       0x28 ./emlib/em_system.o
 .debug_aranges
                0x00000f38       0x58 ./emlib/em_timer.o
 .debug_aranges
                0x00000f90       0xb8 ./emlib/em_usart.o
 .debug_aranges
                0x00001048       0xe0 ./src/main.o

.debug_loc      0x00000000     0x8c30
 .debug_loc     0x00000000      0x31c ./CMSIS/EZR32LG/system_ezr32lg.o
 .debug_loc     0x0000031c      0x248 ./Drivers/BMP280.o
 .debug_loc     0x00000564      0x1e0 ./Drivers/FH1750.o
 .debug_loc     0x00000744      0x140 ./Drivers/display.o
 .debug_loc     0x00000884      0x2c4 ./Drivers/displayls013b7dh03.o
 .debug_loc     0x00000b48      0x530 ./Drivers/displaypalemlib.o
 .debug_loc     0x00001078      0x665 ./Drivers/dmadrv.o
 .debug_loc     0x000016dd      0xbe0 ./Drivers/ezradio_api_lib.o
 .debug_loc     0x000022bd      0x200 ./Drivers/ezradio_comm.o
 .debug_loc     0x000024bd       0x50 ./Drivers/ezradio_crcerror_plugin.o
 .debug_loc     0x0000250d      0x4f8 ./Drivers/ezradio_hal.o
 .debug_loc     0x00002a05      0x154 ./Drivers/ezradio_plugin_manager.o
 .debug_loc     0x00002b59       0xa0 ./Drivers/ezradio_receive_plugin.o
 .debug_loc     0x00002bf9      0x254 ./Drivers/ezradio_transmit_plugin.o
 .debug_loc     0x00002e4d      0x338 ./Drivers/gpiointerrupt.o
 .debug_loc     0x00003185      0x338 ./Drivers/retargetio.o
 .debug_loc     0x000034bd      0x136 ./Drivers/retargettextdisplay.o
 .debug_loc     0x000035f3      0x6e4 ./Drivers/rtcdriver.o
 .debug_loc     0x00003cd7      0x79b ./Drivers/spidrv.o
 .debug_loc     0x00004472      0x32e ./Drivers/textdisplay.o
 .debug_loc     0x000047a0      0x224 ./Drivers/udelay.o
 .debug_loc     0x000049c4      0x6d8 ./Drivers/ustimer.o
 .debug_loc     0x0000509c      0x1e0 ./Drivers/si4x6x/ezradio_api_lib_add.o
 .debug_loc     0x0000527c      0xda0 ./emlib/em_cmu.o
 .debug_loc     0x0000601c      0x88c ./emlib/em_core.o
 .debug_loc     0x000068a8      0x72c ./emlib/em_dma.o
 .debug_loc     0x00006fd4      0x3d0 ./emlib/em_gpio.o
 .debug_loc     0x000073a4      0x300 ./emlib/em_i2c.o
 .debug_loc     0x000076a4       0xb8 ./emlib/em_prs.o
 .debug_loc     0x0000775c      0x28c ./emlib/em_rtc.o
 .debug_loc     0x000079e8       0xb8 ./emlib/em_system.o
 .debug_loc     0x00007aa0      0x2b0 ./emlib/em_timer.o
 .debug_loc     0x00007d50      0x6d2 ./emlib/em_usart.o
 .debug_loc     0x00008422      0x80e ./src/main.o

.debug_ranges   0x00000000      0xed0
 .debug_ranges  0x00000000       0x60 ./CMSIS/EZR32LG/system_ezr32lg.o
 .debug_ranges  0x00000060       0x40 ./Drivers/BMP280.o
 .debug_ranges  0x000000a0       0x38 ./Drivers/FH1750.o
 .debug_ranges  0x000000d8       0x28 ./Drivers/display.o
 .debug_ranges  0x00000100       0x50 ./Drivers/displayls013b7dh03.o
 .debug_ranges  0x00000150       0x88 ./Drivers/displaypalemlib.o
 .debug_ranges  0x000001d8       0xa8 ./Drivers/dmadrv.o
 .debug_ranges  0x00000280      0x138 ./Drivers/ezradio_api_lib.o
 .debug_ranges  0x000003b8       0x40 ./Drivers/ezradio_comm.o
 .debug_ranges  0x000003f8       0x10 ./Drivers/ezradio_crcerror_plugin.o
 .debug_ranges  0x00000408       0x98 ./Drivers/ezradio_hal.o
 .debug_ranges  0x000004a0       0x30 ./Drivers/ezradio_plugin_manager.o
 .debug_ranges  0x000004d0       0x18 ./Drivers/ezradio_receive_plugin.o
 .debug_ranges  0x000004e8       0x40 ./Drivers/ezradio_transmit_plugin.o
 .debug_ranges  0x00000528       0x58 ./Drivers/gpiointerrupt.o
 .debug_ranges  0x00000580       0x58 ./Drivers/retargetio.o
 .debug_ranges  0x000005d8       0x28 ./Drivers/retargettextdisplay.o
 .debug_ranges  0x00000600       0xb8 ./Drivers/rtcdriver.o
 .debug_ranges  0x000006b8       0xc8 ./Drivers/spidrv.o
 .debug_ranges  0x00000780       0x58 ./Drivers/textdisplay.o
 .debug_ranges  0x000007d8       0x40 ./Drivers/udelay.o
 .debug_ranges  0x00000818       0xb0 ./Drivers/ustimer.o
 .debug_ranges  0x000008c8       0x38 ./Drivers/si4x6x/ezradio_api_lib_add.o
 .debug_ranges  0x00000900      0x160 ./emlib/em_cmu.o
 .debug_ranges  0x00000a60       0xd8 ./emlib/em_core.o
 .debug_ranges  0x00000b38       0xb0 ./emlib/em_dma.o
 .debug_ranges  0x00000be8       0x60 ./emlib/em_gpio.o
 .debug_ranges  0x00000c48       0x50 ./emlib/em_i2c.o
 .debug_ranges  0x00000c98       0x18 ./emlib/em_prs.o
 .debug_ranges  0x00000cb0       0x48 ./emlib/em_rtc.o
 .debug_ranges  0x00000cf8       0x18 ./emlib/em_system.o
 .debug_ranges  0x00000d10       0x48 ./emlib/em_timer.o
 .debug_ranges  0x00000d58       0xa8 ./emlib/em_usart.o
 .debug_ranges  0x00000e00       0xd0 ./src/main.o

.debug_macro    0x00000000    0x37d23
 .debug_macro   0x00000000      0x261 ./CMSIS/EZR32LG/system_ezr32lg.o
 .debug_macro   0x00000261      0x886 ./CMSIS/EZR32LG/system_ezr32lg.o
 .debug_macro   0x00000ae7       0x22 ./CMSIS/EZR32LG/system_ezr32lg.o
 .debug_macro   0x00000b09       0x44 ./CMSIS/EZR32LG/system_ezr32lg.o
 .debug_macro   0x00000b4d       0xe3 ./CMSIS/EZR32LG/system_ezr32lg.o
 .debug_macro   0x00000c30       0x22 ./CMSIS/EZR32LG/system_ezr32lg.o
 .debug_macro   0x00000c52      0x1df ./CMSIS/EZR32LG/system_ezr32lg.o
 .debug_macro   0x00000e31      0x3e8 ./CMSIS/EZR32LG/system_ezr32lg.o
 .debug_macro   0x00001219       0x3a ./CMSIS/EZR32LG/system_ezr32lg.o
 .debug_macro   0x00001253       0x34 ./CMSIS/EZR32LG/system_ezr32lg.o
 .debug_macro   0x00001287      0xca6 ./CMSIS/EZR32LG/system_ezr32lg.o
 .debug_macro   0x00001f2d     0x2826 ./CMSIS/EZR32LG/system_ezr32lg.o
 .debug_macro   0x00004753      0x3a1 ./CMSIS/EZR32LG/system_ezr32lg.o
 .debug_macro   0x00004af4     0x3f12 ./CMSIS/EZR32LG/system_ezr32lg.o
 .debug_macro   0x00008a06      0x8d5 ./CMSIS/EZR32LG/system_ezr32lg.o