Archive member included because of file (symbol)

f:/dev/simplicity/developer/toolchains/gnu_arm/4.9_2015q3/bin/../lib/gcc/arm-none-eabi/4.9.3/armv7-m\libgcc.a(_aeabi_uldivmod.o)
                              ./Drivers/rtcdriver.o (__aeabi_uldivmod)
f:/dev/simplicity/developer/toolchains/gnu_arm/4.9_2015q3/bin/../lib/gcc/arm-none-eabi/4.9.3/armv7-m\libgcc.a(bpabi.o)
                              f:/dev/simplicity/developer/toolchains/gnu_arm/4.9_2015q3/bin/../lib/gcc/arm-none-eabi/4.9.3/armv7-m\libgcc.a(_aeabi_uldivmod.o) (__gnu_uldivmod_helper)
f:/dev/simplicity/developer/toolchains/gnu_arm/4.9_2015q3/bin/../lib/gcc/arm-none-eabi/4.9.3/armv7-m\libgcc.a(_dvmd_tls.o)
                              f:/dev/simplicity/developer/toolchains/gnu_arm/4.9_2015q3/bin/../lib/gcc/arm-none-eabi/4.9.3/armv7-m\libgcc.a(_aeabi_uldivmod.o) (__aeabi_ldiv0)
f:/dev/simplicity/developer/toolchains/gnu_arm/4.9_2015q3/bin/../lib/gcc/arm-none-eabi/4.9.3/armv7-m\libgcc.a(_divdi3.o)
                              f:/dev/simplicity/developer/toolchains/gnu_arm/4.9_2015q3/bin/../lib/gcc/arm-none-eabi/4.9.3/armv7-m\libgcc.a(bpabi.o) (__divdi3)
f:/dev/simplicity/developer/toolchains/gnu_arm/4.9_2015q3/bin/../lib/gcc/arm-none-eabi/4.9.3/armv7-m\libgcc.a(_udivdi3.o)
                              f:/dev/simplicity/developer/toolchains/gnu_arm/4.9_2015q3/bin/../lib/gcc/arm-none-eabi/4.9.3/armv7-m\libgcc.a(bpabi.o) (__udivdi3)
f:/dev/simplicity/developer/toolchains/gnu_arm/4.9_2015q3/bin/../lib/gcc/arm-none-eabi/4.9.3/../../../../arm-none-eabi/lib/armv7-m\libc_nano.a(lib_a-ctype_.o)
                              ./Drivers/textdisplay.o (__ctype_ptr__)
f:/dev/simplicity/developer/toolchains/gnu_arm/4.9_2015q3/bin/../lib/gcc/arm-none-eabi/4.9.3/../../../../arm-none-eabi/lib/armv7-m\libc_nano.a(lib_a-exit.o)
                              f:/dev/simplicity/developer/toolchains/gnu_arm/4.9_2015q3/bin/../lib/gcc/arm-none-eabi/4.9.3/../../../../arm-none-eabi/lib/armv7-m/crt0.o (exit)
f:/dev/simplicity/developer/toolchains/gnu_arm/4.9_2015q3/bin/../lib/gcc/arm-none-eabi/4.9.3/../../../../arm-none-eabi/lib/armv7-m\libc_nano.a(lib_a-fileno.o)
                              ./Drivers/retargetio.o (fileno)
f:/dev/simplicity/developer/toolchains/gnu_arm/4.9_2015q3/bin/../lib/gcc/arm-none-eabi/4.9.3/../../../../arm-none-eabi/lib/armv7-m\libc_nano.a(lib_a-findfp.o)
                              f:/dev/simplicity/developer/toolchains/gnu_arm/4.9_2015q3/bin/../lib/gcc/arm-none-eabi/4.9.3/../../../../arm-none-eabi/lib/armv7-m\libc_nano.a(lib_a-fileno.o) (__sinit)
f:/dev/simplicity/developer/toolchains/gnu_arm/4.9_2015q3/bin/../lib/gcc/arm-none-eabi/4.9.3/../../../../arm-none-eabi/lib/armv7-m\libc_nano.a(lib_a-fwalk.o)
                              f:/dev/simplicity/developer/toolchains/gnu_arm/4.9_2015q3/bin/../lib/gcc/arm-none-eabi/4.9.3/../../../../arm-none-eabi/lib/armv7-m\libc_nano.a(lib_a-findfp.o) (_fwalk)
f:/dev/simplicity/developer/toolchains/gnu_arm/4.9_2015q3/bin/../lib/gcc/arm-none-eabi/4.9.3/../../../../arm-none-eabi/lib/armv7-m\libc_nano.a(lib_a-impure.o)
                              f:/dev/simplicity/developer/toolchains/gnu_arm/4.9_2015q3/bin/../lib/gcc/arm-none-eabi/4.9.3/../../../../arm-none-eabi/lib/armv7-m\libc_nano.a(lib_a-exit.o) (_global_impure_ptr)
f:/dev/simplicity/developer/toolchains/gnu_arm/4.9_2015q3/bin/../lib/gcc/arm-none-eabi/4.9.3/../../../../arm-none-eabi/lib/armv7-m\libc_nano.a(lib_a-init.o)
                              f:/dev/simplicity/developer/toolchains/gnu_arm/4.9_2015q3/bin/../lib/gcc/arm-none-eabi/4.9.3/../../../../arm-none-eabi/lib/armv7-m/crt0.o (__libc_init_array)
f:/dev/simplicity/developer/toolchains/gnu_arm/4.9_2015q3/bin/../lib/gcc/arm-none-eabi/4.9.3/../../../../arm-none-eabi/lib/armv7-m\libc_nano.a(lib_a-memcpy.o)
                              ./Drivers/display.o (memcpy)
f:/dev/simplicity/developer/toolchains/gnu_arm/4.9_2015q3/bin/../lib/gcc/arm-none-eabi/4.9.3/../../../../arm-none-eabi/lib/armv7-m\libc_nano.a(lib_a-memset.o)
                              f:/dev/simplicity/developer/toolchains/gnu_arm/4.9_2015q3/bin/../lib/gcc/arm-none-eabi/4.9.3/../../../../arm-none-eabi/lib/armv7-m/crt0.o (memset)
f:/dev/simplicity/developer/toolchains/gnu_arm/4.9_2015q3/bin/../lib/gcc/arm-none-eabi/4.9.3/../../../../arm-none-eabi/lib/armv7-m\libc_nano.a(lib_a-nano-mallocr.o)
                              f:/dev/simplicity/developer/toolchains/gnu_arm/4.9_2015q3/bin/../lib/gcc/arm-none-eabi/4.9.3/../../../../arm-none-eabi/lib/armv7-m\libc_nano.a(lib_a-findfp.o) (_malloc_r)
f:/dev/simplicity/developer/toolchains/gnu_arm/4.9_2015q3/bin/../lib/gcc/arm-none-eabi/4.9.3/../../../../arm-none-eabi/lib/armv7-m\libc_nano.a(lib_a-printf.o)
                              ./Drivers/ezradio_plugin_manager.o (printf)
f:/dev/simplicity/developer/toolchains/gnu_arm/4.9_2015q3/bin/../lib/gcc/arm-none-eabi/4.9.3/../../../../arm-none-eabi/lib/armv7-m\libc_nano.a(lib_a-sbrkr.o)
[...]
Memory Configuration

Name             Origin             Length             Attributes
FLASH            0x00000000         0x00040000         xr
RAM              0x20000000         0x00008000         xrw
*default*        0x00000000         0xffffffff

Linker script and memory map

LOAD f:/dev/simplicity/developer/toolchains/gnu_arm/4.9_2015q3/bin/../lib/gcc/arm-none-eabi/4.9.3/armv7-m/crti.o
LOAD f:/dev/simplicity/developer/toolchains/gnu_arm/4.9_2015q3/bin/../lib/gcc/arm-none-eabi/4.9.3/armv7-m/crtbegin.o
LOAD f:/dev/simplicity/developer/toolchains/gnu_arm/4.9_2015q3/bin/../lib/gcc/arm-none-eabi/4.9.3/../../../../arm-none-eabi/lib/armv7-m/crt0.o
LOAD ./CMSIS/EZR32LG/startup_gcc_ezr32lg.o
LOAD ./CMSIS/EZR32LG/system_ezr32lg.o
LOAD ./Drivers/display.o
LOAD ./Drivers/displayls013b7dh03.o
LOAD ./Drivers/displaypalemlib.o
LOAD ./Drivers/dmactrl.o
LOAD ./Drivers/dmadrv.o
LOAD ./Drivers/ezradio_api_lib.o
LOAD ./Drivers/ezradio_auto_ack_plugin.o
LOAD ./Drivers/ezradio_comm.o
LOAD ./Drivers/ezradio_crcerror_plugin.o
LOAD ./Drivers/ezradio_direct_receive_plugin.o
LOAD ./Drivers/ezradio_direct_transmit_plugin.o
LOAD ./Drivers/ezradio_hal.o
LOAD ./Drivers/ezradio_plugin_manager.o
LOAD ./Drivers/ezradio_pn9_plugin.o
LOAD ./Drivers/ezradio_receive_plugin.o
LOAD ./Drivers/ezradio_transmit_plugin.o
LOAD ./Drivers/ezradio_unmod_carrier_plugin.o
LOAD ./Drivers/gpiointerrupt.o
LOAD ./Drivers/retargetio.o
LOAD ./Drivers/retargettextdisplay.o
LOAD ./Drivers/rtcdriver.o
LOAD ./Drivers/spidrv.o
LOAD ./Drivers/textdisplay.o
LOAD ./Drivers/udelay.o
LOAD ./Drivers/ustimer.o
LOAD ./Drivers/si4x6x/ezradio_api_lib_add.o
LOAD ./emlib/em_assert.o
LOAD ./emlib/em_cmu.o
LOAD ./emlib/em_core.o
LOAD ./emlib/em_dma.o
LOAD ./emlib/em_emu.o
LOAD ./emlib/em_gpio.o
LOAD ./emlib/em_pcnt.o
LOAD ./emlib/em_prs.o
LOAD ./emlib/em_rtc.o
LOAD ./emlib/em_system.o
LOAD ./emlib/em_timer.o
LOAD ./emlib/em_usart.o
LOAD ./src/main.o
START GROUP
LOAD f:/dev/simplicity/developer/toolchains/gnu_arm/4.9_2015q3/bin/../lib/gcc/arm-none-eabi/4.9.3/armv7-m\libgcc.a
LOAD f:/dev/simplicity/developer/toolchains/gnu_arm/4.9_2015q3/bin/../lib/gcc/arm-none-eabi/4.9.3/../../../../arm-none-eabi/lib/armv7-m\libc_nano.a
LOAD f:/dev/simplicity/developer/toolchains/gnu_arm/4.9_2015q3/bin/../lib/gcc/arm-none-eabi/4.9.3/../../../../arm-none-eabi/lib/armv7-m\libnosys.a
END GROUP
START GROUP
LOAD f:/dev/simplicity/developer/toolchains/gnu_arm/4.9_2015q3/bin/../lib/gcc/arm-none-eabi/4.9.3/armv7-m\libgcc.a
LOAD f:/dev/simplicity/developer/toolchains/gnu_arm/4.9_2015q3/bin/../lib/gcc/arm-none-eabi/4.9.3/../../../../arm-none-eabi/lib/armv7-m\libg_nano.a
LOAD f:/dev/simplicity/developer/toolchains/gnu_arm/4.9_2015q3/bin/../lib/gcc/arm-none-eabi/4.9.3/../../../../arm-none-eabi/lib/armv7-m\libc_nano.a
END GROUP
START GROUP
LOAD f:/dev/simplicity/developer/toolchains/gnu_arm/4.9_2015q3/bin/../lib/gcc/arm-none-eabi/4.9.3/armv7-m\libgcc.a
LOAD f:/dev/simplicity/developer/toolchains/gnu_arm/4.9_2015q3/bin/../lib/gcc/arm-none-eabi/4.9.3/../../../../arm-none-eabi/lib/armv7-m\libc_nano.a
END GROUP
LOAD f:/dev/simplicity/developer/toolchains/gnu_arm/4.9_2015q3/bin/../lib/gcc/arm-none-eabi/4.9.3/armv7-m/crtend.o
LOAD f:/dev/simplicity/developer/toolchains/gnu_arm/4.9_2015q3/bin/../lib/gcc/arm-none-eabi/4.9.3/armv7-m/crtn.o

.text           0x00000000     0x6184
 *(.vectors)
 .vectors       0x00000000       0xe0 ./CMSIS/EZR32LG/startup_gcc_ezr32lg.o
                0x00000000                __Vectors
                0x000000e0                __Vectors_End = .
                0x000000e0                __Vectors_Size = (__Vectors_End - __Vectors)
                0x000000e0                __end__ = .
 *(.text*)
 .text          0x000000e0       0x5c f:/dev/simplicity/developer/toolchains/gnu_arm/4.9_2015q3/bin/../lib/gcc/arm-none-eabi/4.9.3/armv7-m/crtbegin.o
 .text          0x0000013c       0x74 f:/dev/simplicity/developer/toolchains/gnu_arm/4.9_2015q3/bin/../lib/gcc/arm-none-eabi/4.9.3/../../../../arm-none-eabi/lib/armv7-m/crt0.o
                0x0000013c                _start
                0x0000013c                _mainCRTStartup
 .text          0x000001b0       0x30 ./CMSIS/EZR32LG/startup_gcc_ezr32lg.o
                0x000001b0                Reset_Handler
                0x000001dc                DebugMon_Handler
                0x000001dc                I2C0_IRQHandler
                0x000001dc                HardFault_Handler
                0x000001dc                LEUART1_IRQHandler
                0x000001dc                SysTick_Handler
                0x000001dc                USART1_RX_IRQHandler
                0x000001dc                PendSV_Handler
                0x000001dc                NMI_Handler
                0x000001dc                I2C1_IRQHandler
                0x000001dc                USARTRF0_TX_IRQHandler
                0x000001dc                TIMER3_IRQHandler
                0x000001dc                USART1_TX_IRQHandler
                0x000001dc                MSC_IRQHandler
                0x000001dc                ADC0_IRQHandler
                0x000001dc                UsageFault_Handler
                0x000001dc                LEUART0_IRQHandler
                0x000001dc                UART0_TX_IRQHandler
                0x000001dc                UART1_TX_IRQHandler
                0x000001dc                TIMER2_IRQHandler
                0x000001dc                PCNT2_IRQHandler
                0x000001dc                UART0_RX_IRQHandler
                0x000001dc                LETIMER0_IRQHandler
                0x000001dc                TIMER1_IRQHandler
                0x000001dc                USART2_RX_IRQHandler
                0x000001dc                Default_Handler
                0x000001dc                EMU_IRQHandler
                0x000001dc                PCNT0_IRQHandler
                0x000001dc                USB_IRQHandler
                0x000001dc                BURTC_IRQHandler
                0x000001dc                PCNT1_IRQHandler
                0x000001dc                ACMP0_IRQHandler
                0x000001dc                MemManage_Handler
                0x000001dc                SVC_Handler
                0x000001dc                DAC0_IRQHandler
                0x000001dc                UART1_RX_IRQHandler
                0x000001dc                USARTRF0_RX_IRQHandler
                0x000001dc                CMU_IRQHandler
                0x000001dc                LESENSE_IRQHandler
                0x000001dc                AES_IRQHandler
                0x000001dc                VCMP_IRQHandler
                0x000001dc                BusFault_Handler
                0x000001dc                USART2_TX_IRQHandler
 .text.SystemMaxCoreClockGet
                0x000001e0        0x8 ./CMSIS/EZR32LG/system_ezr32lg.o
                0x000001e0                SystemMaxCoreClockGet
 .text.SystemHFClockGet
                0x000001e8       0xc0 ./CMSIS/EZR32LG/system_ezr32lg.o
                0x000001e8                SystemHFClockGet
 .text.SystemCoreClockGet
                0x000002a8       0x20 ./CMSIS/EZR32LG/system_ezr32lg.o
                0x000002a8                SystemCoreClockGet
 .text.SystemHFXOClockGet
                0x000002c8        0xc ./CMSIS/EZR32LG/system_ezr32lg.o
                0x000002c8                SystemHFXOClockGet
 .text.SystemInit
                0x000002d4        0x2 ./CMSIS/EZR32LG/system_ezr32lg.o
                0x000002d4                SystemInit
 .text.SystemLFRCOClockGet
                0x000002d6        0x6 ./CMSIS/EZR32LG/system_ezr32lg.o
                0x000002d6                SystemLFRCOClockGet
 .text.SystemULFRCOClockGet
                0x000002dc        0x6 ./CMSIS/EZR32LG/system_ezr32lg.o
                0x000002dc                SystemULFRCOClockGet
 *fill*         0x000002e2        0x2 
 .text.SystemLFXOClockGet
                0x000002e4        0xc ./CMSIS/EZR32LG/system_ezr32lg.o
                0x000002e4                SystemLFXOClockGet
 .text.DISPLAY_Init
                0x000002f0       0x2c ./Drivers/display.o
                0x000002f0                DISPLAY_Init
 .text.DISPLAY_DeviceGet
                0x0000031c       0x38 ./Drivers/display.o
                0x0000031c                DISPLAY_DeviceGet
 .text.DISPLAY_DeviceRegister
                0x00000354       0x44 ./Drivers/display.o
                0x00000354                DISPLAY_DeviceRegister
 .text.PixelMatrixAllocate
                0x00000398       0x38 ./Drivers/displayls013b7dh03.o
 .text.PixelMatrixFree
                0x000003d0        0x8 ./Drivers/displayls013b7dh03.o
 .text.DriverRefresh
                0x000003d8        0xe ./Drivers/displayls013b7dh03.o
 .text.PixelMatrixClear
                0x000003e6       0x20 ./Drivers/displayls013b7dh03.o
 .text.PixelMatrixDraw
                0x00000406       0x80 ./Drivers/displayls013b7dh03.o
 .text.DisplayPolarityInverse
                0x00000486        0xe ./Drivers/displayls013b7dh03.o
 .text.DisplayEnable.part.0
                0x00000494       0x16 ./Drivers/displayls013b7dh03.o
 .text.DisplayEnable
                0x000004aa       0x20 ./Drivers/displayls013b7dh03.o
 *fill*         0x000004ca        0x2 
 .text.DISPLAY_Ls013b7dh03Init
                0x000004cc       0xf4 ./Drivers/displayls013b7dh03.o
                0x000004cc                DISPLAY_Ls013b7dh03Init
 .text.PAL_SpiInit
                0x000005c0       0x48 ./Drivers/displaypalemlib.o
                0x000005c0                PAL_SpiInit
 .text.PAL_SpiTransmit
                0x00000608       0x3c ./Drivers/displaypalemlib.o
                0x00000608                PAL_SpiTransmit
 .text.PAL_TimerInit
                0x00000644        0xa ./Drivers/displaypalemlib.o
                0x00000644                PAL_TimerInit
 .text.PAL_TimerMicroSecondsDelay
                0x0000064e        0xa ./Drivers/displaypalemlib.o
                0x0000064e                PAL_TimerMicroSecondsDelay
 .text.PAL_TimerRepeat
                0x00000658       0x14 ./Drivers/displaypalemlib.o
                0x00000658                PAL_TimerRepeat
 .text.PAL_GpioInit
                0x0000066c       0x14 ./Drivers/displaypalemlib.o
                0x0000066c                PAL_GpioInit
 .text.PAL_GpioPinModeSet
                0x00000680       0x1c ./Drivers/displaypalemlib.o
                0x00000680                PAL_GpioPinModeSet
 .text.PAL_GpioPinOutSet
                0x0000069c       0x1a ./Drivers/displaypalemlib.o
                0x0000069c                PAL_GpioPinOutSet
 *fill*         0x000006b6        0x2 
 .text.PAL_GpioPinOutClear
                0x000006b8       0x18 ./Drivers/displaypalemlib.o
                0x000006b8                PAL_GpioPinOutClear
 .text.PAL_GpioPinOutToggle
                0x000006d0       0x1a ./Drivers/displaypalemlib.o
                0x000006d0                PAL_GpioPinOutToggle
 *fill*         0x000006ea        0x2 
 .text.DmaBasicCallback
                0x000006ec       0x1c ./Drivers/dmadrv.o
 .text.DmaPingPongCallback
                0x00000708       0x50 ./Drivers/dmadrv.o
 .text.StartTransfer
                0x00000758      0x1d8 ./Drivers/dmadrv.o
 .text.DMADRV_AllocateChannel
                0x00000930       0x58 ./Drivers/dmadrv.o
                0x00000930                DMADRV_AllocateChannel
 .text.DMADRV_Init
                0x00000988       0x5c ./Drivers/dmadrv.o
                0x00000988                DMADRV_Init
 .text.DMADRV_MemoryPeripheral
                0x000009e4       0x36 ./Drivers/dmadrv.o
                0x000009e4                DMADRV_MemoryPeripheral
 .text.DMADRV_PeripheralMemory
                0x00000a1a       0x36 ./Drivers/dmadrv.o
                0x00000a1a                DMADRV_PeripheralMemory
 .text.ezradio_reset
                0x00000a50       0x26 ./Drivers/ezradio_api_lib.o
                0x00000a50                ezradio_reset
 .text.ezradio_part_info
                0x00000a76       0x4e ./Drivers/ezradio_api_lib.o
                0x00000a76                ezradio_part_info
 .text.ezradio_start_tx
                0x00000ac4       0x32 ./Drivers/ezradio_api_lib.o
                0x00000ac4                ezradio_start_tx
 .text.ezradio_start_rx
                0x00000af6       0x3a ./Drivers/ezradio_api_lib.o
                0x00000af6                ezradio_start_rx
 .text.ezradio_get_int_status
                0x00000b30       0x58 ./Drivers/ezradio_api_lib.o
                0x00000b30                ezradio_get_int_status
 .text.ezradio_set_property
                0x00000b88       0x4e ./Drivers/ezradio_api_lib.o
                0x00000b88                ezradio_set_property
 .text.ezradio_change_state
                0x00000bd6       0x1a ./Drivers/ezradio_api_lib.o
                0x00000bd6                ezradio_change_state
 .text.ezradio_fifo_info
                0x00000bf0       0x2c ./Drivers/ezradio_api_lib.o
                0x00000bf0                ezradio_fifo_info
 .text.ezradio_write_tx_fifo
                0x00000c1c        0xc ./Drivers/ezradio_api_lib.o
                0x00000c1c                ezradio_write_tx_fifo
 .text.ezradio_read_rx_fifo
                0x00000c28        0xc ./Drivers/ezradio_api_lib.o
                0x00000c28                ezradio_read_rx_fifo
 .text.ezradio_request_device_state
                0x00000c34       0x28 ./Drivers/ezradio_api_lib.o
                0x00000c34                ezradio_request_device_state
 .text.ezradio_comm_GetResp
                0x00000c5c       0x58 ./Drivers/ezradio_comm.o
                0x00000c5c                ezradio_comm_GetResp
 .text.ezradio_comm_PollCTS
                0x00000cb4        0x8 ./Drivers/ezradio_comm.o
                0x00000cb4                ezradio_comm_PollCTS
 .text.ezradio_comm_SendCmd
                0x00000cbc       0x2c ./Drivers/ezradio_comm.o
                0x00000cbc                ezradio_comm_SendCmd
 .text.ezradio_comm_ReadData
                0x00000ce8       0x38 ./Drivers/ezradio_comm.o
                0x00000ce8                ezradio_comm_ReadData
 .text.ezradio_comm_WriteData
                0x00000d20       0x38 ./Drivers/ezradio_comm.o
                0x00000d20                ezradio_comm_WriteData
 .text.ezradio_comm_ClearCTS
                0x00000d58        0xc ./Drivers/ezradio_comm.o
                0x00000d58                ezradio_comm_ClearCTS
 .text.ezradio_comm_SendCmdGetResp
                0x00000d64       0x16 ./Drivers/ezradio_comm.o
                0x00000d64                ezradio_comm_SendCmdGetResp
 *fill*         0x00000d7a        0x2 
 .text.ezradioHandleCrcErrorPlugin
                0x00000d7c       0x30 ./Drivers/ezradio_crcerror_plugin.o
                0x00000d7c                ezradioHandleCrcErrorPlugin
 .text.ezradio_hal_GpioInit
                0x00000dac       0xe0 ./Drivers/ezradio_hal.o
                0x00000dac                ezradio_hal_GpioInit
 .text.ezradio_hal_SpiInit
                0x00000e8c       0x1c ./Drivers/ezradio_hal.o
                0x00000e8c                ezradio_hal_SpiInit
 .text.ezradio_hal_AssertShutdown
                0x00000ea8       0x10 ./Drivers/ezradio_hal.o
                0x00000ea8                ezradio_hal_AssertShutdown
 .text.ezradio_hal_DeassertShutdown
                0x00000eb8       0x10 ./Drivers/ezradio_hal.o
                0x00000eb8                ezradio_hal_DeassertShutdown
 .text.ezradio_hal_ClearNsel
                0x00000ec8       0x10 ./Drivers/ezradio_hal.o
                0x00000ec8                ezradio_hal_ClearNsel
 .text.ezradio_hal_SetNsel
                0x00000ed8       0x10 ./Drivers/ezradio_hal.o
                0x00000ed8                ezradio_hal_SetNsel
 .text.ezradio_hal_NirqLevel
                0x00000ee8        0xc ./Drivers/ezradio_hal.o
                0x00000ee8                ezradio_hal_NirqLevel
 .text.ezradio_hal_SpiWriteByte
                0x00000ef4       0x1c ./Drivers/ezradio_hal.o
                0x00000ef4                ezradio_hal_SpiWriteByte
 .text.ezradio_hal_SpiReadByte
                0x00000f10       0x10 ./Drivers/ezradio_hal.o
                0x00000f10                ezradio_hal_SpiReadByte
 .text.ezradio_hal_SpiWriteData
                0x00000f20        0xc ./Drivers/ezradio_hal.o
                0x00000f20                ezradio_hal_SpiWriteData
 .text.ezradio_hal_SpiReadData
                0x00000f2c        0xc ./Drivers/ezradio_hal.o
                0x00000f2c                ezradio_hal_SpiReadData
 .text.GPIO_EZRadio_INT_IRQHandler
                0x00000f38        0xc ./Drivers/ezradio_plugin_manager.o
 .text.ezradioInit
                0x00000f44       0x5c ./Drivers/ezradio_plugin_manager.o
                0x00000f44                ezradioInit
 .text.ezradioPluginManager
                0x00000fa0       0x48 ./Drivers/ezradio_plugin_manager.o
                0x00000fa0                ezradioPluginManager
 .text.ezradioResetTRxFifo
                0x00000fe8       0x16 ./Drivers/ezradio_plugin_manager.o
                0x00000fe8                ezradioResetTRxFifo
 .text.ezradioStartRx
                0x00000ffe       0x1e ./Drivers/ezradio_receive_plugin.o
                0x00000ffe                ezradioStartRx
 .text.ezradioHandleReceivePlugin
                0x0000101c       0x58 ./Drivers/ezradio_receive_plugin.o
                0x0000101c                ezradioHandleReceivePlugin
 .text.ezradioStartTx.isra.0
                0x00001074       0xc8 ./Drivers/ezradio_transmit_plugin.o
 .text.ezradioStartTransmitBasic
                0x0000113c       0x44 ./Drivers/ezradio_transmit_plugin.o
                0x0000113c                ezradioStartTransmitBasic
 .text.ezradioStartTransmitConfigured
                0x00001180       0x7c ./Drivers/ezradio_transmit_plugin.o
                0x00001180                ezradioStartTransmitConfigured
 .text.ezradioStartTransmitCustom
                0x000011fc       0x74 ./Drivers/ezradio_transmit_plugin.o
                0x000011fc                ezradioStartTransmitCustom
 .text.ezradioStartTransmitSmart
                0x00001270       0x48 ./Drivers/ezradio_transmit_plugin.o
                0x00001270                ezradioStartTransmitSmart
 .text.ezradioStartTransmitDefault
                0x000012b8       0x20 ./Drivers/ezradio_transmit_plugin.o
                0x000012b8                ezradioStartTransmitDefault
 .text.ezradioHandleTransmitPlugin
                0x000012d8       0x20 ./Drivers/ezradio_transmit_plugin.o
                0x000012d8                ezradioHandleTransmitPlugin
 .text.GPIOINT_IRQDispatcher
                0x000012f8       0x2c ./Drivers/gpiointerrupt.o
 .text.GPIOINT_Init
                0x00001324       0x1c ./Drivers/gpiointerrupt.o
                0x00001324                GPIOINT_Init
 .text.GPIOINT_CallbackRegister
                0x00001340       0x1c ./Drivers/gpiointerrupt.o
                0x00001340                GPIOINT_CallbackRegister
 .text.GPIO_EVEN_IRQHandler
                0x0000135c       0x24 ./Drivers/gpiointerrupt.o
                0x0000135c                GPIO_EVEN_IRQHandler
 .text.GPIO_ODD_IRQHandler
                0x00001380       0x24 ./Drivers/gpiointerrupt.o
                0x00001380                GPIO_ODD_IRQHandler
 .text._close   0x000013a4        0x4 ./Drivers/retargetio.o
                0x000013a4                _close
 .text._exit    0x000013a8        0x2 ./Drivers/retargetio.o
                0x000013a8                _exit
 .text._fstat   0x000013aa        0xa ./Drivers/retargetio.o
                0x000013aa                _fstat
 .text._isatty  0x000013b4        0x4 ./Drivers/retargetio.o
                0x000013b4                _isatty
 .text._lseek   0x000013b8        0x4 ./Drivers/retargetio.o
                0x000013b8                _lseek
 .text._read    0x000013bc       0x2a ./Drivers/retargetio.o
                0x000013bc                _read
 .text._write   0x000013e6       0x1c ./Drivers/retargetio.o
                0x000013e6                _write
 *fill*         0x00001402        0x2 
 .text._sbrk    0x00001404       0x54 ./Drivers/retargetio.o
                0x00001404                _sbrk
 .text.RETARGET_TextDisplayInit
                0x00001458       0x48 ./Drivers/retargettextdisplay.o
                0x00001458                RETARGET_TextDisplayInit
 .text.RETARGET_ReadChar
                0x000014a0        0x6 ./Drivers/retargettextdisplay.o
                0x000014a0                RETARGET_ReadChar
 *fill*         0x000014a6        0x2 
 .text.RETARGET_WriteChar
                0x000014a8       0x20 ./Drivers/retargettextdisplay.o
                0x000014a8                RETARGET_WriteChar
 .text.checkAllTimers
                0x000014c8       0xa8 ./Drivers/rtcdriver.o
 .text.executeTimerCallbacks
                0x00001570       0x24 ./Drivers/rtcdriver.o
 .text.rescheduleRtc
                0x00001594       0x94 ./Drivers/rtcdriver.o
 .text.RTCDRV_AllocateTimer
                0x00001628       0x40 ./Drivers/rtcdriver.o
                0x00001628                RTCDRV_AllocateTimer
 .text.RTCDRV_Init
                0x00001668       0x98 ./Drivers/rtcdriver.o
                0x00001668                RTCDRV_Init
 .text.RTCDRV_StartTimer
                0x00001700      0x1e0 ./Drivers/rtcdriver.o
                0x00001700                RTCDRV_StartTimer
 .text.RTC_IRQHandler
                0x000018e0       0x90 ./Drivers/rtcdriver.o
                0x000018e0                RTC_IRQHandler
 .text.BlockingComplete
                0x00001970        0xa ./Drivers/spidrv.o
 .text.RxDMAComplete
                0x0000197a       0x28 ./Drivers/spidrv.o
 *fill*         0x000019a2        0x2 
 .text.ConfigGPIO
                0x000019a4      0x1dc ./Drivers/spidrv.o
 .text.StartReceiveDMA
                0x00001b80       0x70 ./Drivers/spidrv.o
 .text.StartTransmitDMA
                0x00001bf0       0x7c ./Drivers/spidrv.o
 .text.TransferApiBlockingPrologue
                0x00001c6c       0x48 ./Drivers/spidrv.o
 .text.WaitForTransferCompletion
                0x00001cb4       0x24 ./Drivers/spidrv.o
 .text.SPIDRV_Init
                0x00001cd8      0x194 ./Drivers/spidrv.o
                0x00001cd8                SPIDRV_Init
 .text.SPIDRV_MReceiveB
                0x00001e6c       0x38 ./Drivers/spidrv.o
                0x00001e6c                SPIDRV_MReceiveB
 .text.SPIDRV_MTransmitB
                0x00001ea4       0x38 ./Drivers/spidrv.o
                0x00001ea4                SPIDRV_MTransmitB
 .text.TextdisplayClear
                0x00001edc       0x22 ./Drivers/textdisplay.o
 *fill*         0x00001efe        0x2 
 .text.TextdisplayLineDraw
                0x00001f00      0x150 ./Drivers/textdisplay.o
 .text.TextdisplayUpdate
                0x00002050       0xa0 ./Drivers/textdisplay.o
 .text.TextdisplayScrollUp
                0x000020f0       0x44 ./Drivers/textdisplay.o
 .text.TextdisplayCharAdd
                0x00002134       0xb8 ./Drivers/textdisplay.o
 .text.TEXTDISPLAY_New
                0x000021ec       0xdc ./Drivers/textdisplay.o
                0x000021ec                TEXTDISPLAY_New
 .text.TEXTDISPLAY_WriteChar
                0x000022c8       0x88 ./Drivers/textdisplay.o
                0x000022c8                TEXTDISPLAY_WriteChar
 .text.UDELAY_Calibrate
                0x00002350      0x1c8 ./Drivers/udelay.o
                0x00002350                UDELAY_Calibrate
 .text.UDELAY_Delay
                0x00002518       0x28 ./Drivers/udelay.o
                0x00002518                UDELAY_Delay
 .text.DelayTicksEM1.part.2
                0x00002540       0x60 ./Drivers/ustimer.o
 .text.USTIMER_Init
                0x000025a0       0xe0 ./Drivers/ustimer.o
                0x000025a0                USTIMER_Init
 .text.USTIMER_DeInit
                0x00002680       0x38 ./Drivers/ustimer.o
                0x00002680                USTIMER_DeInit
 .text.USTIMER_Delay
                0x000026b8       0x58 ./Drivers/ustimer.o
                0x000026b8                USTIMER_Delay
 .text.TIMER0_IRQHandler
                0x00002710       0x20 ./Drivers/ustimer.o
                0x00002710                TIMER0_IRQHandler
 .text.ezradio_configuration_init
                0x00002730       0x60 ./Drivers/si4x6x/ezradio_api_lib_add.o
                0x00002730                ezradio_configuration_init
 .text.maxFreqHfle
                0x00002790       0x54 ./emlib/em_cmu.o
 .text.auxClkGet
                0x000027e4       0x88 ./emlib/em_cmu.o
 .text.flashWaitStateControl.isra.2
                0x0000286c       0x78 ./emlib/em_cmu.o
 .text.flashWaitStateMax
                0x000028e4        0xe ./emlib/em_cmu.o
 *fill*         0x000028f2        0x2 
 .text.syncReg  0x000028f4       0x14 ./emlib/em_cmu.o
 .text.setHfLeConfig
                0x00002908       0x40 ./emlib/em_cmu.o
 .text.CMU_ClockDivGet
                0x00002948       0xa8 ./emlib/em_cmu.o
                0x00002948                CMU_ClockDivGet
 .text.CMU_ClockDivSet
                0x000029f0      0x138 ./emlib/em_cmu.o
                0x000029f0                CMU_ClockDivSet
 .text.CMU_ClockSelectGet
                0x00002b28       0xc0 ./emlib/em_cmu.o
                0x00002b28                CMU_ClockSelectGet
 .text.lfClkGet
                0x00002be8       0x8c ./emlib/em_cmu.o
 .text.CMU_ClockFreqGet
                0x00002c74      0x128 ./emlib/em_cmu.o
                0x00002c74                CMU_ClockFreqGet
 .text.CMU_ClockEnable
                0x00002d9c       0x80 ./emlib/em_cmu.o
                0x00002d9c                CMU_ClockEnable
 .text.CMU_OscillatorEnable
                0x00002e1c       0x5c ./emlib/em_cmu.o
                0x00002e1c                CMU_OscillatorEnable
 .text.CMU_ClockSelectSet
                0x00002e78      0x194 ./emlib/em_cmu.o
                0x00002e78                CMU_ClockSelectSet
 .text.CORE_EnterAtomic
                0x0000300c        0x8 ./emlib/em_core.o
                0x0000300c                CORE_EnterAtomic
 .text.CORE_ExitAtomic
                0x00003014        0x6 ./emlib/em_core.o
                0x00003014                CORE_ExitAtomic
 *fill*         0x0000301a        0x2 
 .text.CORE_NvicIRQDisabled
                0x0000301c       0x20 ./emlib/em_core.o
                0x0000301c                CORE_NvicIRQDisabled
 .text.CORE_IrqIsBlocked
                0x0000303c       0x80 ./emlib/em_core.o
                0x0000303c                CORE_IrqIsBlocked
 .text.DMA_Prepare
                0x000030bc       0x88 ./emlib/em_dma.o
 .text.DMA_IRQHandler
                0x00003144       0x78 ./emlib/em_dma.o
                0x00003144                DMA_IRQHandler
 .text.DMA_ActivateBasic
                0x000031bc       0x2c ./emlib/em_dma.o
                0x000031bc                DMA_ActivateBasic
 .text.DMA_ActivatePingPong
                0x000031e8       0x48 ./emlib/em_dma.o
                0x000031e8                DMA_ActivatePingPong
 .text.DMA_CfgChannel
                0x00003230       0x4c ./emlib/em_dma.o
                0x00003230                DMA_CfgChannel
 .text.DMA_CfgDescr
                0x0000327c       0x38 ./emlib/em_dma.o
                0x0000327c                DMA_CfgDescr
 .text.DMA_RefreshPingPong
                0x000032b4       0x78 ./emlib/em_dma.o
                0x000032b4                DMA_RefreshPingPong
 .text.DMA_Reset
                0x0000332c       0x4c ./emlib/em_dma.o
                0x0000332c                DMA_Reset
 .text.DMA_Init
                0x00003378       0x44 ./emlib/em_dma.o
                0x00003378                DMA_Init
 .text.GPIO_ExtIntConfig
                0x000033bc       0x68 ./emlib/em_gpio.o
                0x000033bc                GPIO_ExtIntConfig
 .text.GPIO_PinModeSet
                0x00003424       0x88 ./emlib/em_gpio.o
                0x00003424                GPIO_PinModeSet
 .text.PRS_SourceAsyncSignalSet
                0x000034ac       0x1c ./emlib/em_prs.o
                0x000034ac                PRS_SourceAsyncSignalSet
 .text.RTC_CompareGet
                0x000034c8       0x1c ./emlib/em_rtc.o
                0x000034c8                RTC_CompareGet
 .text.RTC_CompareSet
                0x000034e4       0x18 ./emlib/em_rtc.o
                0x000034e4                RTC_CompareSet
 .text.RTC_Enable
                0x000034fc        0x8 ./emlib/em_rtc.o
                0x000034fc                RTC_Enable
 .text.RTC_FreezeEnable
                0x00003504       0x14 ./emlib/em_rtc.o
                0x00003504                RTC_FreezeEnable
 .text.RTC_Init
                0x00003518       0x1c ./emlib/em_rtc.o
                0x00003518                RTC_Init
 .text.RTC_CounterReset
                0x00003534        0xe ./emlib/em_rtc.o
                0x00003534                RTC_CounterReset
 *fill*         0x00003542        0x2 
 .text.SYSTEM_ChipRevisionGet
                0x00003544       0x34 ./emlib/em_system.o
                0x00003544                SYSTEM_ChipRevisionGet
 .text.TIMER_Init
                0x00003578       0x8c ./emlib/em_timer.o
                0x00003578                TIMER_Init
 .text.TIMER_InitCC
                0x00003604       0x66 ./emlib/em_timer.o
                0x00003604                TIMER_InitCC
 *fill*         0x0000366a        0x2 
 .text.USART_BaudrateSyncSet
                0x0000366c       0x24 ./emlib/em_usart.o
                0x0000366c                USART_BaudrateSyncSet
 .text.USART_Reset
                0x00003690       0x44 ./emlib/em_usart.o
                0x00003690                USART_Reset
 .text.USART_InitSync
                0x000036d4       0x64 ./emlib/em_usart.o
                0x000036d4                USART_InitSync
 .text.USART_Tx
                0x00003738        0xa ./emlib/em_usart.o
                0x00003738                USART_Tx
 .text.USART_TxDouble
                0x00003742        0xa ./emlib/em_usart.o
                0x00003742                USART_TxDouble
 .text.RTC_App_IRQHandler
                0x0000374c        0xc ./src/main.o
                0x0000374c                RTC_App_IRQHandler
 .text.appPacketTransmittedCallback
                0x00003758       0x10 ./src/main.o
 .text.GPIO_PB0_IRQHandler
                0x00003768       0x18 ./src/main.o
 .text.GPIO_PB1_IRQHandler
                0x00003780       0x1c ./src/main.o
 .text.appPacketReceivedCallback
                0x0000379c       0x3c ./src/main.o
 .text.appPacketCrcErrorCallback
                0x000037d8       0x1c ./src/main.o
 .text.drawPicture
                0x000037f4       0x30 ./src/main.o
                0x000037f4                drawPicture
 .text.RepeatCallbackRegister
                0x00003824       0x38 ./src/main.o
                0x00003824                RepeatCallbackRegister
 .text.startup.main
                0x0000385c      0x1d4 ./src/main.o
                0x0000385c                main
 .text          0x00003a30       0x30 f:/dev/simplicity/developer/toolchains/gnu_arm/4.9_2015q3/bin/../lib/gcc/arm-none-eabi/4.9.3/armv7-m\libgcc.a(_aeabi_uldivmod.o)
                0x00003a30                __aeabi_uldivmod
 .text          0x00003a60       0x60 f:/dev/simplicity/developer/toolchains/gnu_arm/4.9_2015q3/bin/../lib/gcc/arm-none-eabi/4.9.3/armv7-m\libgcc.a(bpabi.o)
                0x00003a60                __gnu_ldivmod_helper
                0x00003a90                __gnu_uldivmod_helper
 .text          0x00003ac0        0x4 f:/dev/simplicity/developer/toolchains/gnu_arm/4.9_2015q3/bin/../lib/gcc/arm-none-eabi/4.9.3/armv7-m\libgcc.a(_dvmd_tls.o)
                0x00003ac0                __aeabi_idiv0
                0x00003ac0                __aeabi_ldiv0
 .text          0x00003ac4      0x2ac f:/dev/simplicity/developer/toolchains/gnu_arm/4.9_2015q3/bin/../lib/gcc/arm-none-eabi/4.9.3/armv7-m\libgcc.a(_divdi3.o)
                0x00003ac4                __divdi3
 .text          0x00003d70      0x270 f:/dev/simplicity/developer/toolchains/gnu_arm/4.9_2015q3/bin/../lib/gcc/arm-none-eabi/4.9.3/armv7-m\libgcc.a(_udivdi3.o)
                0x00003d70                __udivdi3
 .text.exit     0x00003fe0       0x28 f:/dev/simplicity/developer/toolchains/gnu_arm/4.9_2015q3/bin/../lib/gcc/arm-none-eabi/4.9.3/../../../../arm-none-eabi/lib/armv7-m\libc_nano.a(lib_a-exit.o)
                0x00003fe0                exit
 .text.fileno   0x00004008       0x5c f:/dev/simplicity/developer/toolchains/gnu_arm/4.9_2015q3/bin/../lib/gcc/arm-none-eabi/4.9.3/../../../../arm-none-eabi/lib/armv7-m\libc_nano.a(lib_a-fileno.o)
                0x00004008                fileno
 .text._cleanup_r
                0x00004064        0xc f:/dev/simplicity/developer/toolchains/gnu_arm/4.9_2015q3/bin/../lib/gcc/arm-none-eabi/4.9.3/../../../../arm-none-eabi/lib/armv7-m\libc_nano.a(lib_a-findfp.o)
                0x00004064                _cleanup_r
 .text.std.isra.0
                0x00004070       0x48 f:/dev/simplicity/developer/toolchains/gnu_arm/4.9_2015q3/bin/../lib/gcc/arm-none-eabi/4.9.3/../../../../arm-none-eabi/lib/armv7-m\libc_nano.a(lib_a-findfp.o)
 .text.__sfmoreglue
                0x000040b8       0x2c f:/dev/simplicity/developer/toolchains/gnu_arm/4.9_2015q3/bin/../lib/gcc/arm-none-eabi/4.9.3/../../../../arm-none-eabi/lib/armv7-m\libc_nano.a(lib_a-findfp.o)
                0x000040b8                __sfmoreglue
 .text.__sinit  0x000040e4       0x60 f:/dev/simplicity/developer/toolchains/gnu_arm/4.9_2015q3/bin/../lib/gcc/arm-none-eabi/4.9.3/../../../../arm-none-eabi/lib/armv7-m\libc_nano.a(lib_a-findfp.o)
                0x000040e4                __sinit
 .text.__sfp    0x00004144       0x74 f:/dev/simplicity/developer/toolchains/gnu_arm/4.9_2015q3/bin/../lib/gcc/arm-none-eabi/4.9.3/../../../../arm-none-eabi/lib/armv7-m\libc_nano.a(lib_a-findfp.o)
                0x00004144                __sfp
 .text._fwalk_reent
                0x000041b8       0x3c f:/dev/simplicity/developer/toolchains/gnu_arm/4.9_2015q3/bin/../lib/gcc/arm-none-eabi/4.9.3/../../../../arm-none-eabi/lib/armv7-m\libc_nano.a(lib_a-fwalk.o)
                0x000041b8                _fwalk_reent
 .text.__libc_init_array
                0x000041f4       0x4c f:/dev/simplicity/developer/toolchains/gnu_arm/4.9_2015q3/bin/../lib/gcc/arm-none-eabi/4.9.3/../../../../arm-none-eabi/lib/armv7-m\libc_nano.a(lib_a-init.o)
                0x000041f4                __libc_init_array
 .text.memcpy   0x00004240       0x16 f:/dev/simplicity/developer/toolchains/gnu_arm/4.9_2015q3/bin/../lib/gcc/arm-none-eabi/4.9.3/../../../../arm-none-eabi/lib/armv7-m\libc_nano.a(lib_a-memcpy.o)
                0x00004240                memcpy
 .text.memset   0x00004256       0x10 f:/dev/simplicity/developer/toolchains/gnu_arm/4.9_2015q3/bin/../lib/gcc/arm-none-eabi/4.9.3/../../../../arm-none-eabi/lib/armv7-m\libc_nano.a(lib_a-memset.o)
                0x00004256                memset
 *fill*         0x00004266        0x2 
 .text._malloc_r
                0x00004268       0xac f:/dev/simplicity/developer/toolchains/gnu_arm/4.9_2015q3/bin/../lib/gcc/arm-none-eabi/4.9.3/../../../../arm-none-eabi/lib/armv7-m\libc_nano.a(lib_a-nano-mallocr.o)
                0x00004268                _malloc_r
 .text.printf   0x00004314       0x30 f:/dev/simplicity/developer/toolchains/gnu_arm/4.9_2015q3/bin/../lib/gcc/arm-none-eabi/4.9.3/../../../../arm-none-eabi/lib/armv7-m\libc_nano.a(lib_a-printf.o)
                0x00004314                iprintf
                0x00004314                printf
 .text._sbrk_r  0x00004344       0x20 f:/dev/simplicity/developer/toolchains/gnu_arm/4.9_2015q3/bin/../lib/gcc/arm-none-eabi/4.9.3/../../../../arm-none-eabi/lib/armv7-m\libc_nano.a(lib_a-sbrkr.o)
                0x00004344                _sbrk_r
 .text.setvbuf  0x00004364      0x110 f:/dev/simplicity/developer/toolchains/gnu_arm/4.9_2015q3/bin/../lib/gcc/arm-none-eabi/4.9.3/../../../../arm-none-eabi/lib/armv7-m\libc_nano.a(lib_a-setvbuf.o)
                0x00004364                setvbuf
 .text.__sread  0x00004474       0x22 f:/dev/simplicity/developer/toolchains/gnu_arm/4.9_2015q3/bin/../lib/gcc/arm-none-eabi/4.9.3/../../../../arm-none-eabi/lib/armv7-m\libc_nano.a(lib_a-stdio.o)
                0x00004474                __sread
 .text.__swrite
                0x00004496       0x38 f:/dev/simplicity/developer/toolchains/gnu_arm/4.9_2015q3/bin/../lib/gcc/arm-none-eabi/4.9.3/../../../../arm-none-eabi/lib/armv7-m\libc_nano.a(lib_a-stdio.o)
                0x00004496                __swrite
 .text.__sseek  0x000044ce       0x24 f:/dev/simplicity/developer/toolchains/gnu_arm/4.9_2015q3/bin/../lib/gcc/arm-none-eabi/4.9.3/../../../../arm-none-eabi/lib/armv7-m\libc_nano.a(lib_a-stdio.o)
                0x000044ce                __sseek
 .text.__sclose
                0x000044f2        0x8 f:/dev/simplicity/developer/toolchains/gnu_arm/4.9_2015q3/bin/../lib/gcc/arm-none-eabi/4.9.3/../../../../arm-none-eabi/lib/armv7-m\libc_nano.a(lib_a-stdio.o)
                0x000044f2                __sclose
 .text.strlen   0x000044fa       0x10 f:/dev/simplicity/developer/toolchains/gnu_arm/4.9_2015q3/bin/../lib/gcc/arm-none-eabi/4.9.3/../../../../arm-none-eabi/lib/armv7-m\libc_nano.a(lib_a-strlen.o)
                0x000044fa                strlen
 *fill*         0x0000450a        0x2 
 .text._write_r
                0x0000450c       0x24 f:/dev/simplicity/developer/toolchains/gnu_arm/4.9_2015q3/bin/../lib/gcc/arm-none-eabi/4.9.3/../../../../arm-none-eabi/lib/armv7-m\libc_nano.a(lib_a-writer.o)
                0x0000450c                _write_r
 .text._close_r
                0x00004530       0x20 f:/dev/simplicity/developer/toolchains/gnu_arm/4.9_2015q3/bin/../lib/gcc/arm-none-eabi/4.9.3/../../../../arm-none-eabi/lib/armv7-m\libc_nano.a(lib_a-closer.o)
                0x00004530                _close_r
 .text.__sflush_r
                0x00004550      0x106 f:/dev/simplicity/developer/toolchains/gnu_arm/4.9_2015q3/bin/../lib/gcc/arm-none-eabi/4.9.3/../../../../arm-none-eabi/lib/armv7-m\libc_nano.a(lib_a-fflush.o)
                0x00004550                __sflush_r
 *fill*         0x00004656        0x2 
 .text._fflush_r
                0x00004658       0x54 f:/dev/simplicity/developer/toolchains/gnu_arm/4.9_2015q3/bin/../lib/gcc/arm-none-eabi/4.9.3/../../../../arm-none-eabi/lib/armv7-m\libc_nano.a(lib_a-fflush.o)
                0x00004658                _fflush_r
 .text._lseek_r
                0x000046ac       0x24 f:/dev/simplicity/developer/toolchains/gnu_arm/4.9_2015q3/bin/../lib/gcc/arm-none-eabi/4.9.3/../../../../arm-none-eabi/lib/armv7-m\libc_nano.a(lib_a-lseekr.o)
                0x000046ac                _lseek_r
 .text.malloc   0x000046d0       0x10 f:/dev/simplicity/developer/toolchains/gnu_arm/4.9_2015q3/bin/../lib/gcc/arm-none-eabi/4.9.3/../../../../arm-none-eabi/lib/armv7-m\libc_nano.a(lib_a-malloc.o)
                0x000046d0                malloc
 .text._free_r  0x000046e0       0x88 f:/dev/simplicity/developer/toolchains/gnu_arm/4.9_2015q3/bin/../lib/gcc/arm-none-eabi/4.9.3/../../../../arm-none-eabi/lib/armv7-m\libc_nano.a(lib_a-nano-freer.o)
                0x000046e0                _free_r
 .text.__sfputc_r
                0x00004768       0x2c f:/dev/simplicity/developer/toolchains/gnu_arm/4.9_2015q3/bin/../lib/gcc/arm-none-eabi/4.9.3/../../../../arm-none-eabi/lib/armv7-m\libc_nano.a(lib_a-nano-vfprintf.o)
 .text.__sfputs_r
                0x00004794       0x24 f:/dev/simplicity/developer/toolchains/gnu_arm/4.9_2015q3/bin/../lib/gcc/arm-none-eabi/4.9.3/../../../../arm-none-eabi/lib/armv7-m\libc_nano.a(lib_a-nano-vfprintf.o)
                0x00004794                __sfputs_r
 .text._vfprintf_r
                0x000047b8      0x210 f:/dev/simplicity/developer/toolchains/gnu_arm/4.9_2015q3/bin/../lib/gcc/arm-none-eabi/4.9.3/../../../../arm-none-eabi/lib/armv7-m\libc_nano.a(lib_a-nano-vfprintf.o)
                0x000047b8                _vfprintf_r
                0x000047b8                _vfiprintf_r
 .text._printf_common
                0x000049c8       0xea f:/dev/simplicity/developer/toolchains/gnu_arm/4.9_2015q3/bin/../lib/gcc/arm-none-eabi/4.9.3/../../../../arm-none-eabi/lib/armv7-m\libc_nano.a(lib_a-nano-vfprintf_i.o)
                0x000049c8                _printf_common
 *fill*         0x00004ab2        0x2 
 .text._printf_i
                0x00004ab4      0x240 f:/dev/simplicity/developer/toolchains/gnu_arm/4.9_2015q3/bin/../lib/gcc/arm-none-eabi/4.9.3/../../../../arm-none-eabi/lib/armv7-m\libc_nano.a(lib_a-nano-vfprintf_i.o)
                0x00004ab4                _printf_i
 .text._read_r  0x00004cf4       0x24 f:/dev/simplicity/developer/toolchains/gnu_arm/4.9_2015q3/bin/../lib/gcc/arm-none-eabi/4.9.3/../../../../arm-none-eabi/lib/armv7-m\libc_nano.a(lib_a-readr.o)
                0x00004cf4                _read_r
 .text.__swbuf_r
                0x00004d18       0xa8 f:/dev/simplicity/developer/toolchains/gnu_arm/4.9_2015q3/bin/../lib/gcc/arm-none-eabi/4.9.3/../../../../arm-none-eabi/lib/armv7-m\libc_nano.a(lib_a-wbuf.o)
                0x00004d18                __swbuf_r
 .text.__swsetup_r
                0x00004dc0       0xd8 f:/dev/simplicity/developer/toolchains/gnu_arm/4.9_2015q3/bin/../lib/gcc/arm-none-eabi/4.9.3/../../../../arm-none-eabi/lib/armv7-m\libc_nano.a(lib_a-wsetup.o)
                0x00004dc0                __swsetup_r
 .text.__smakebuf_r
                0x00004e98       0x98 f:/dev/simplicity/developer/toolchains/gnu_arm/4.9_2015q3/bin/../lib/gcc/arm-none-eabi/4.9.3/../../../../arm-none-eabi/lib/armv7-m\libc_nano.a(lib_a-makebuf.o)
                0x00004e98                __smakebuf_r
 .text.memchr   0x00004f30       0x1c f:/dev/simplicity/developer/toolchains/gnu_arm/4.9_2015q3/bin/../lib/gcc/arm-none-eabi/4.9.3/../../../../arm-none-eabi/lib/armv7-m\libc_nano.a(lib_a-memchr.o)
                0x00004f30                memchr
 .text._fstat_r
                0x00004f4c       0x24 f:/dev/simplicity/developer/toolchains/gnu_arm/4.9_2015q3/bin/../lib/gcc/arm-none-eabi/4.9.3/../../../../arm-none-eabi/lib/armv7-m\libc_nano.a(lib_a-fstatr.o)
                0x00004f4c                _fstat_r
 .text._isatty_r
                0x00004f70       0x20 f:/dev/simplicity/developer/toolchains/gnu_arm/4.9_2015q3/bin/../lib/gcc/arm-none-eabi/4.9.3/../../../../arm-none-eabi/lib/armv7-m\libc_nano.a(lib_a-isattyr.o)
                0x00004f70                _isatty_r
 *(.init)
 .init          0x00004f90        0x4 f:/dev/simplicity/developer/toolchains/gnu_arm/4.9_2015q3/bin/../lib/gcc/arm-none-eabi/4.9.3/armv7-m/crti.o
                0x00004f90                _init
 .init          0x00004f94        0x8 f:/dev/simplicity/developer/toolchains/gnu_arm/4.9_2015q3/bin/../lib/gcc/arm-none-eabi/4.9.3/armv7-m/crtn.o
 *(.fini)
 .fini          0x00004f9c        0x4 f:/dev/simplicity/developer/toolchains/gnu_arm/4.9_2015q3/bin/../lib/gcc/arm-none-eabi/4.9.3/armv7-m/crti.o
                0x00004f9c                _fini
 .fini          0x00004fa0        0x8 f:/dev/simplicity/developer/toolchains/gnu_arm/4.9_2015q3/bin/../lib/gcc/arm-none-eabi/4.9.3/armv7-m/crtn.o
 *crtbegin.o(.ctors)
 *crtbegin?.o(.ctors)
 *(EXCLUDE_FILE(*crtend.o *crtend?.o) .ctors)
 *(SORT(.ctors.*))
 *(.ctors)
 *crtbegin.o(.dtors)
 *crtbegin?.o(.dtors)
 *(EXCLUDE_FILE(*crtend.o *crtend?.o) .dtors)
 *(SORT(.dtors.*))
 *(.dtors)
 *(.rodata*)
 .rodata.str1.1
                0x00004fa8       0x15 ./Drivers/displayls013b7dh03.o
 *fill*         0x00004fbd        0x3 
 .rodata        0x00004fc0       0x18 ./Drivers/displaypalemlib.o
 .rodata.Radio_Configuration_Data_Array
                0x00004fd8      0x79d ./Drivers/ezradio_plugin_manager.o
 .rodata.str1.1
                0x00005775       0x24 ./Drivers/ezradio_plugin_manager.o
 *fill*         0x00005799        0x1 
 .rodata        0x0000579a        0xa ./Drivers/ezradio_transmit_plugin.o
 .rodata.heaperr.6337
                0x000057a4       0x1a ./Drivers/retargetio.o
 .rodata.initRTC
                0x000057be        0x3 ./Drivers/rtcdriver.o
 *fill*         0x000057c1        0x3 
 .rodata        0x000057c4       0x18 ./Drivers/spidrv.o
 .rodata.chars_6x8_bits
                0x000057dc      0x320 ./Drivers/textdisplay.o
 .rodata        0x00005afc        0x3 ./Drivers/udelay.o
 .rodata.str1.1
                0x00005aff       0xe4 ./src/main.o
 .rodata.image_bits
                0x00005be3      0x400 ./src/main.o
 .rodata._ctype_
                0x00005fe3      0x101 f:/dev/simplicity/developer/toolchains/gnu_arm/4.9_2015q3/bin/../lib/gcc/arm-none-eabi/4.9.3/../../../../arm-none-eabi/lib/armv7-m\libc_nano.a(lib_a-ctype_.o)
                0x00005fe3                _ctype_
 .rodata.__sf_fake_stdin
                0x000060e4       0x20 f:/dev/simplicity/developer/toolchains/gnu_arm/4.9_2015q3/bin/../lib/gcc/arm-none-eabi/4.9.3/../../../../arm-none-eabi/lib/armv7-m\libc_nano.a(lib_a-findfp.o)
                0x000060e4                __sf_fake_stdin
 .rodata.__sf_fake_stdout
                0x00006104       0x20 f:/dev/simplicity/developer/toolchains/gnu_arm/4.9_2015q3/bin/../lib/gcc/arm-none-eabi/4.9.3/../../../../arm-none-eabi/lib/armv7-m\libc_nano.a(lib_a-findfp.o)
                0x00006104                __sf_fake_stdout
 .rodata.__sf_fake_stderr
                0x00006124       0x20 f:/dev/simplicity/developer/toolchains/gnu_arm/4.9_2015q3/bin/../lib/gcc/arm-none-eabi/4.9.3/../../../../arm-none-eabi/lib/armv7-m\libc_nano.a(lib_a-findfp.o)
                0x00006124                __sf_fake_stderr
 .rodata.str1.1
                0x00006144        0x2 f:/dev/simplicity/developer/toolchains/gnu_arm/4.9_2015q3/bin/../lib/gcc/arm-none-eabi/4.9.3/../../../../arm-none-eabi/lib/armv7-m\libc_nano.a(lib_a-impure.o)
 *fill*         0x00006146        0x2 
 .rodata._global_impure_ptr
                0x00006148        0x4 f:/dev/simplicity/developer/toolchains/gnu_arm/4.9_2015q3/bin/../lib/gcc/arm-none-eabi/4.9.3/../../../../arm-none-eabi/lib/armv7-m\libc_nano.a(lib_a-impure.o)
                0x00006148                _global_impure_ptr
 .rodata.str1.1
                0x0000614c       0x11 f:/dev/simplicity/developer/toolchains/gnu_arm/4.9_2015q3/bin/../lib/gcc/arm-none-eabi/4.9.3/../../../../arm-none-eabi/lib/armv7-m\libc_nano.a(lib_a-nano-vfprintf.o)
 .rodata.str1.1
                0x0000615d       0x22 f:/dev/simplicity/developer/toolchains/gnu_arm/4.9_2015q3/bin/../lib/gcc/arm-none-eabi/4.9.3/../../../../arm-none-eabi/lib/armv7-m\libc_nano.a(lib_a-nano-vfprintf_i.o)
 *(.eh_frame*)
 *fill*         0x0000617f        0x1 
 .eh_frame      0x00006180        0x0 f:/dev/simplicity/developer/toolchains/gnu_arm/4.9_2015q3/bin/../lib/gcc/arm-none-eabi/4.9.3/armv7-m/crtbegin.o
 .eh_frame      0x00006180        0x4 f:/dev/simplicity/developer/toolchains/gnu_arm/4.9_2015q3/bin/../lib/gcc/arm-none-eabi/4.9.3/armv7-m/crtend.o

.glue_7         0x00006184        0x0
 .glue_7        0x00000000        0x0 linker stubs

.glue_7t        0x00006184        0x0
 .glue_7t       0x00000000        0x0 linker stubs

.vfp11_veneer   0x00006184        0x0
 .vfp11_veneer  0x00000000        0x0 linker stubs

.v4_bx          0x00006184        0x0
 .v4_bx         0x00000000        0x0 linker stubs

.iplt           0x00006184        0x0
 .iplt          0x00000000        0x0 f:/dev/simplicity/developer/toolchains/gnu_arm/4.9_2015q3/bin/../lib/gcc/arm-none-eabi/4.9.3/armv7-m/crtbegin.o

.ARM.extab
 *(.ARM.extab* .gnu.linkonce.armextab.*)
                0x00006184                __exidx_start = .

.ARM.exidx      0x00006184        0x8
 *(.ARM.exidx* .gnu.linkonce.armexidx.*)
 .ARM.exidx     0x00006184        0x8 f:/dev/simplicity/developer/toolchains/gnu_arm/4.9_2015q3/bin/../lib/gcc/arm-none-eabi/4.9.3/../../../../arm-none-eabi/lib/armv7-m/crt0.o
 .ARM.exidx     0x0000618c        0x0 f:/dev/simplicity/developer/toolchains/gnu_arm/4.9_2015q3/bin/../lib/gcc/arm-none-eabi/4.9.3/armv7-m\libgcc.a(_divdi3.o)
                                  0x8 (size before relaxing)
 .ARM.exidx     0x0000618c        0x0 f:/dev/simplicity/developer/toolchains/gnu_arm/4.9_2015q3/bin/../lib/gcc/arm-none-eabi/4.9.3/armv7-m\libgcc.a(_udivdi3.o)
                                  0x8 (size before relaxing)
                0x0000618c                __exidx_end = .
                0x0000618c                __etext = .

.rel.dyn        0x0000618c        0x0
 .rel.iplt      0x00000000        0x0 f:/dev/simplicity/developer/toolchains/gnu_arm/4.9_2015q3/bin/../lib/gcc/arm-none-eabi/4.9.3/armv7-m/crtbegin.o

.data           0x20000000       0xec load address 0x0000618c
                0x20000000                __data_start__ = .
 *(vtable)
 *(.data*)
 .data.SystemLFXOClock
                0x20000000        0x4 ./CMSIS/EZR32LG/system_ezr32lg.o
 .data.SystemHFXOClock
                0x20000004        0x4 ./CMSIS/EZR32LG/system_ezr32lg.o
 .data.SystemCoreClock
                0x20000008        0x4 ./CMSIS/EZR32LG/system_ezr32lg.o
                0x20000008                SystemCoreClock
 .data.pDisplayDeviceDriverInitFunctions
                0x2000000c        0x8 ./Drivers/display.o
 .data.pixelMatrixPool
                0x20000014        0x4 ./Drivers/displayls013b7dh03.o
 .data.ezradioSpiInitData
                0x20000018       0x1c ./Drivers/ezradio_hal.o
 .data.loops_per_jiffy
                0x20000034        0x4 ./Drivers/udelay.o
                0x20000034                loops_per_jiffy
 .data.radioTxPkt
                0x20000038       0x40 ./src/main.o
 .data.__ctype_ptr__
                0x20000078        0x4 f:/dev/simplicity/developer/toolchains/gnu_arm/4.9_2015q3/bin/../lib/gcc/arm-none-eabi/4.9.3/../../../../arm-none-eabi/lib/armv7-m\libc_nano.a(lib_a-ctype_.o)
                0x20000078                __ctype_ptr__
 .data.impure_data
                0x2000007c       0x60 f:/dev/simplicity/developer/toolchains/gnu_arm/4.9_2015q3/bin/../lib/gcc/arm-none-eabi/4.9.3/../../../../arm-none-eabi/lib/armv7-m\libc_nano.a(lib_a-impure.o)
 .data._impure_ptr
                0x200000dc        0x4 f:/dev/simplicity/developer/toolchains/gnu_arm/4.9_2015q3/bin/../lib/gcc/arm-none-eabi/4.9.3/../../../../arm-none-eabi/lib/armv7-m\libc_nano.a(lib_a-impure.o)
                0x200000dc                _impure_ptr
                0x200000e0                . = ALIGN (0x4)
 *(.ram)
                0x200000e0                . = ALIGN (0x4)
                0x200000e0                PROVIDE (__preinit_array_start, .)
 *(.preinit_array)
                0x200000e0                PROVIDE (__preinit_array_end, .)
                0x200000e0                . = ALIGN (0x4)
                0x200000e0                PROVIDE (__init_array_start, .)
 *(SORT(.init_array.*))
 *(.init_array)
 .init_array    0x200000e0        0x4 f:/dev/simplicity/developer/toolchains/gnu_arm/4.9_2015q3/bin/../lib/gcc/arm-none-eabi/4.9.3/armv7-m/crtbegin.o
                0x200000e4                PROVIDE (__init_array_end, .)
                0x200000e4                . = ALIGN (0x4)
                0x200000e4                PROVIDE (__fini_array_start, .)
 *(SORT(.fini_array.*))
 *(.fini_array)
 .fini_array    0x200000e4        0x4 f:/dev/simplicity/developer/toolchains/gnu_arm/4.9_2015q3/bin/../lib/gcc/arm-none-eabi/4.9.3/armv7-m/crtbegin.o
                0x200000e8                PROVIDE (__fini_array_end, .)
 *(.jcr*)
 .jcr           0x200000e8        0x0 f:/dev/simplicity/developer/toolchains/gnu_arm/4.9_2015q3/bin/../lib/gcc/arm-none-eabi/4.9.3/armv7-m/crtbegin.o
 .jcr           0x200000e8        0x4 f:/dev/simplicity/developer/toolchains/gnu_arm/4.9_2015q3/bin/../lib/gcc/arm-none-eabi/4.9.3/armv7-m/crtend.o
                0x200000ec                . = ALIGN (0x4)
                0x200000ec                __data_end__ = .

.igot.plt       0x200000ec        0x0 load address 0x00006278
 .igot.plt      0x00000000        0x0 f:/dev/simplicity/developer/toolchains/gnu_arm/4.9_2015q3/bin/../lib/gcc/arm-none-eabi/4.9.3/armv7-m/crtbegin.o

.bss            0x20000100      0x794 load address 0x00006300
                0x20000100                . = ALIGN (0x4)
                0x20000100                __bss_start__ = .
 *(.bss*)
 .bss           0x20000100       0x1c f:/dev/simplicity/developer/toolchains/gnu_arm/4.9_2015q3/bin/../lib/gcc/arm-none-eabi/4.9.3/armv7-m/crtbegin.o
 .bss.devicesRegistered
                0x2000011c        0x4 ./Drivers/display.o
 .bss.deviceTable
                0x20000120       0x2c ./Drivers/display.o
 .bss.moduleInitialized
                0x2000014c        0x1 ./Drivers/display.o
 .bss.pixelMatrixPoolBase
                0x2000014d       0x80 ./Drivers/displayls013b7dh03.o
 *fill*         0x200001cd        0x3 
 .bss.chTable   0x200001d0       0x50 ./Drivers/dmadrv.o
 .bss.initialized
                0x20000220        0x1 ./Drivers/dmadrv.o
 *fill*         0x20000221        0x3 
 .bss.dmaCallBack
                0x20000224       0x30 ./Drivers/dmadrv.o
 .bss.ezradio_comm_CtsWentHigh
                0x20000254        0x1 ./Drivers/ezradio_comm.o
                0x20000254                ezradio_comm_CtsWentHigh
 *fill*         0x20000255        0x3 
 .bss.ezradioSpiHandle
                0x20000258       0x54 ./Drivers/ezradio_hal.o
 .bss.ezradioIrqReceived
                0x200002ac        0x1 ./Drivers/ezradio_plugin_manager.o
 *fill*         0x200002ad        0x3 
 .bss.gpioCallbacks
                0x200002b0       0x40 ./Drivers/gpiointerrupt.o
 .bss.heap_end.6335
                0x200002f0        0x4 ./Drivers/retargetio.o
 .bss.textDisplayHandle
                0x200002f4        0x4 ./Drivers/retargettextdisplay.o
                0x200002f4                textDisplayHandle
 .bss.rtcRunning
                0x200002f8        0x1 ./Drivers/rtcdriver.o
 .bss.rtcdrvIsInitialized
                0x200002f9        0x1 ./Drivers/rtcdriver.o
 .bss.inTimerIRQ
                0x200002fa        0x1 ./Drivers/rtcdriver.o
 *fill*         0x200002fb        0x5 
 .bss.timer     0x20000300       0xa0 ./Drivers/rtcdriver.o
 .bss.startTimerNestingLevel
                0x200003a0        0x4 ./Drivers/rtcdriver.o
 .bss.lastStart
                0x200003a4        0x4 ./Drivers/rtcdriver.o
 .bss.spidrvIsInitialized
                0x200003a8        0x1 ./Drivers/spidrv.o
 *fill*         0x200003a9        0x3 
 .bss.textdisplayTbl
                0x200003ac       0x58 ./Drivers/textdisplay.o
 .bss.minTicks  0x20000404        0x4 ./Drivers/ustimer.o
 .bss.freq      0x20000408        0x4 ./Drivers/ustimer.o
 .bss.timeElapsed
                0x2000040c        0x1 ./Drivers/ustimer.o
 *fill*         0x2000040d        0x1 
 .bss.appTxPktCntr
                0x2000040e        0x2 ./src/main.o
 .bss.rtcTickTimer
                0x20000410        0x4 ./src/main.o
 .bss.appDataCntr
                0x20000414        0x2 ./src/main.o
 *fill*         0x20000416        0x2 
 .bss.rtcRepeateTimer
                0x20000418        0x4 ./src/main.o
 .bss.rtcTick   0x2000041c        0x1 ./src/main.o
 .bss.appTxActive
                0x2000041d        0x1 ./src/main.o
 *fill*         0x2000041e        0x2 
 .bss.displayDevice
                0x20000420       0x2c ./src/main.o
 .bss.radioRxPkt
                0x2000044c       0x40 ./src/main.o
 .bss.__malloc_sbrk_start
                0x2000048c        0x4 f:/dev/simplicity/developer/toolchains/gnu_arm/4.9_2015q3/bin/../lib/gcc/arm-none-eabi/4.9.3/../../../../arm-none-eabi/lib/armv7-m\libc_nano.a(lib_a-nano-mallocr.o)
                0x2000048c                __malloc_sbrk_start
 .bss.__malloc_free_list
                0x20000490        0x4 f:/dev/simplicity/developer/toolchains/gnu_arm/4.9_2015q3/bin/../lib/gcc/arm-none-eabi/4.9.3/../../../../arm-none-eabi/lib/armv7-m\libc_nano.a(lib_a-nano-mallocr.o)
                0x20000490                __malloc_free_list
 *(COMMON)
 *fill*         0x20000494       0x6c 
 COMMON         0x20000500      0x200 ./Drivers/dmactrl.o
                0x20000500                dmaControlBlock
 COMMON         0x20000700      0x190 ./Drivers/textdisplay.o
                0x20000700                charBufferDevice0
                0x20000850                charArrayDevice0
 COMMON         0x20000890        0x4 f:/dev/simplicity/developer/toolchains/gnu_arm/4.9_2015q3/bin/../lib/gcc/arm-none-eabi/4.9.3/../../../../arm-none-eabi/lib/armv7-m\libc_nano.a(lib_a-reent.o)
                0x20000890                errno
                0x20000894                . = ALIGN (0x4)
                0x20000894                __bss_end__ = .

.heap           0x20000898      0xc00
                0x20000898                __HeapBase = .
                0x20000898                __end__ = .
                0x20000898                end = __end__
                0x20000898                _end = __end__
 *(.heap*)
 .heap          0x20000898      0xc00 ./CMSIS/EZR32LG/startup_gcc_ezr32lg.o
                0x20001498                __HeapLimit = .

.stack_dummy    0x20000898      0x400
 *(.stack*)
 .stack         0x20000898      0x400 ./CMSIS/EZR32LG/startup_gcc_ezr32lg.o
                0x20008000                __StackTop = (ORIGIN (RAM) + 0x8000)
                0x20007c00                __StackLimit = (__StackTop - SIZEOF (.stack_dummy))
                0x20008000                PROVIDE (__stack, __StackTop)
                0x00000001                ASSERT ((__StackLimit >= __HeapLimit), region RAM overflowed with stack)
                0x00000001                ASSERT ((0x40000 >= (__etext + SIZEOF (.data))), FLASH memory overflowed !)
OUTPUT(thesis_gecko.axf elf32-littlearm)

.ARM.attributes
                0x00000000       0x29
 .ARM.attributes
                0x00000000       0x1d f:/dev/simplicity/developer/toolchains/gnu_arm/4.9_2015q3/bin/../lib/gcc/arm-none-eabi/4.9.3/armv7-m/crti.o
 .ARM.attributes
                0x0000001d       0x2d f:/dev/simplicity/developer/toolchains/gnu_arm/4.9_2015q3/bin/../lib/gcc/arm-none-eabi/4.9.3/armv7-m/crtbegin.o
 .ARM.attributes
                0x0000004a       0x1b f:/dev/simplicity/developer/toolchains/gnu_arm/4.9_2015q3/bin/../lib/gcc/arm-none-eabi/4.9.3/../../../../arm-none-eabi/lib/armv7-m/crt0.o
 .ARM.attributes
                0x00000065       0x1b ./CMSIS/EZR32LG/startup_gcc_ezr32lg.o
 .ARM.attributes
                0x00000080       0x33 ./CMSIS/EZR32LG/system_ezr32lg.o
 .ARM.attributes
                0x000000b3       0x33 ./Drivers/display.o
 .ARM.attributes
                0x000000e6       0x33 ./Drivers/displayls013b7dh03.o
 .ARM.attributes
                0x00000119       0x33 ./Drivers/displaypalemlib.o
 .ARM.attributes
                0x0000014c       0x33 ./Drivers/dmactrl.o
 .ARM.attributes
                0x0000017f       0x33 ./Drivers/dmadrv.o
 .ARM.attributes
                0x000001b2       0x33 ./Drivers/ezradio_api_lib.o
 .ARM.attributes
                0x000001e5       0x33 ./Drivers/ezradio_comm.o
 .ARM.attributes
                0x00000218       0x33 ./Drivers/ezradio_crcerror_plugin.o
 .ARM.attributes
                0x0000024b       0x33 ./Drivers/ezradio_hal.o
 .ARM.attributes
                0x0000027e       0x33 ./Drivers/ezradio_plugin_manager.o
 .ARM.attributes
                0x000002b1       0x33 ./Drivers/ezradio_receive_plugin.o
 .ARM.attributes
                0x000002e4       0x33 ./Drivers/ezradio_transmit_plugin.o
 .ARM.attributes
                0x00000317       0x33 ./Drivers/gpiointerrupt.o
 .ARM.attributes
                0x0000034a       0x33 ./Drivers/retargetio.o
 .ARM.attributes
                0x0000037d       0x33 ./Drivers/retargettextdisplay.o
 .ARM.attributes
                0x000003b0       0x33 ./Drivers/rtcdriver.o
 .ARM.attributes
                0x000003e3       0x33 ./Drivers/spidrv.o
 .ARM.attributes
                0x00000416       0x33 ./Drivers/textdisplay.o
 .ARM.attributes
                0x00000449       0x33 ./Drivers/udelay.o
 .ARM.attributes
                0x0000047c       0x33 ./Drivers/ustimer.o
 .ARM.attributes
                0x000004af       0x33 ./Drivers/si4x6x/ezradio_api_lib_add.o
 .ARM.attributes
                0x000004e2       0x33 ./emlib/em_cmu.o
 .ARM.attributes
                0x00000515       0x33 ./emlib/em_core.o
 .ARM.attributes
                0x00000548       0x33 ./emlib/em_dma.o
 .ARM.attributes
                0x0000057b       0x33 ./emlib/em_gpio.o
 .ARM.attributes
                0x000005ae       0x33 ./emlib/em_prs.o
 .ARM.attributes
                0x000005e1       0x33 ./emlib/em_rtc.o
 .ARM.attributes
                0x00000614       0x33 ./emlib/em_system.o
 .ARM.attributes
                0x00000647       0x33 ./emlib/em_timer.o
 .ARM.attributes
                0x0000067a       0x33 ./emlib/em_usart.o
 .ARM.attributes
                0x000006ad       0x33 ./src/main.o
 .ARM.attributes
                0x000006e0       0x1d f:/dev/simplicity/developer/toolchains/gnu_arm/4.9_2015q3/bin/../lib/gcc/arm-none-eabi/4.9.3/armv7-m\libgcc.a(_aeabi_uldivmod.o)
 .ARM.attributes
                0x000006fd       0x2d f:/dev/simplicity/developer/toolchains/gnu_arm/4.9_2015q3/bin/../lib/gcc/arm-none-eabi/4.9.3/armv7-m\libgcc.a(bpabi.o)
 .ARM.attributes
                0x0000072a       0x1d f:/dev/simplicity/developer/toolchains/gnu_arm/4.9_2015q3/bin/../lib/gcc/arm-none-eabi/4.9.3/armv7-m\libgcc.a(_dvmd_tls.o)
 .ARM.attributes
                0x00000747       0x2d f:/dev/simplicity/developer/toolchains/gnu_arm/4.9_2015q3/bin/../lib/gcc/arm-none-eabi/4.9.3/armv7-m\libgcc.a(_divdi3.o)
 .ARM.attributes
                0x00000774       0x2d f:/dev/simplicity/developer/toolchains/gnu_arm/4.9_2015q3/bin/../lib/gcc/arm-none-eabi/4.9.3/armv7-m\libgcc.a(_udivdi3.o)
 .ARM.attributes
                0x000007a1       0x2d f:/dev/simplicity/developer/toolchains/gnu_arm/4.9_2015q3/bin/../lib/gcc/arm-none-eabi/4.9.3/../../../../arm-none-eabi/lib/armv7-m\libc_nano.a(lib_a-ctype_.o)
 .ARM.attributes
                0x000007ce       0x2d f:/dev/simplicity/developer/toolchains/gnu_arm/4.9_2015q3/bin/../lib/gcc/arm-none-eabi/4.9.3/../../../../arm-none-eabi/lib/armv7-m\libc_nano.a(lib_a-exit.o)
 .ARM.attributes
                0x000007fb       0x2d f:/dev/simplicity/developer/toolchains/gnu_arm/4.9_2015q3/bin/../lib/gcc/arm-none-eabi/4.9.3/../../../../arm-none-eabi/lib/armv7-m\libc_nano.a(lib_a-fileno.o)
 .ARM.attributes
                0x00000828       0x2d f:/dev/simplicity/developer/toolchains/gnu_arm/4.9_2015q3/bin/../lib/gcc/arm-none-eabi/4.9.3/../../../../arm-none-eabi/lib/armv7-m\libc_nano.a(lib_a-findfp.o)
 .ARM.attributes
                0x00000855       0x2d f:/dev/simplicity/developer/toolchains/gnu_arm/4.9_2015q3/bin/../lib/gcc/arm-none-eabi/4.9.3/../../../../arm-none-eabi/lib/armv7-m\libc_nano.a(lib_a-fwalk.o)
 .ARM.attributes
                0x00000882       0x2d f:/dev/simplicity/developer/toolchains/gnu_arm/4.9_2015q3/bin/../lib/gcc/arm-none-eabi/4.9.3/../../../../arm-none-eabi/lib/armv7-m\libc_nano.a(lib_a-impure.o)
 .ARM.attributes
                0x000008af       0x2d f:/dev/simplicity/developer/toolchains/gnu_arm/4.9_2015q3/bin/../lib/gcc/arm-none-eabi/4.9.3/../../../../arm-none-eabi/lib/armv7-m\libc_nano.a(lib_a-init.o)
 .ARM.attributes
                0x000008dc       0x2d f:/dev/simplicity/developer/toolchains/gnu_arm/4.9_2015q3/bin/../lib/gcc/arm-none-eabi/4.9.3/../../../../arm-none-eabi/lib/armv7-m\libc_nano.a(lib_a-memcpy.o)
 .ARM.attributes
                0x00000909       0x2d f:/dev/simplicity/developer/toolchains/gnu_arm/4.9_2015q3/bin/../lib/gcc/arm-none-eabi/4.9.3/../../../../arm-none-eabi/lib/armv7-m\libc_nano.a(lib_a-memset.o)
 .ARM.attributes
                0x00000936       0x2d f:/dev/simplicity/developer/toolchains/gnu_arm/4.9_2015q3/bin/../lib/gcc/arm-none-eabi/4.9.3/../../../../arm-none-eabi/lib/armv7-m\libc_nano.a(lib_a-nano-mallocr.o)
 .ARM.attributes
                0x00000963       0x2d f:/dev/simplicity/developer/toolchains/gnu_arm/4.9_2015q3/bin/../lib/gcc/arm-none-eabi/4.9.3/../../../../arm-none-eabi/lib/armv7-m\libc_nano.a(lib_a-printf.o)
 .ARM.attributes
                0x00000990       0x2d f:/dev/simplicity/developer/toolchains/gnu_arm/4.9_2015q3/bin/../lib/gcc/arm-none-eabi/4.9.3/../../../../arm-none-eabi/lib/armv7-m\libc_nano.a(lib_a-sbrkr.o)
 .ARM.attributes
                0x000009bd       0x2d f:/dev/simplicity/developer/toolchains/gnu_arm/4.9_2015q3/bin/../lib/gcc/arm-none-eabi/4.9.3/../../../../arm-none-eabi/lib/armv7-m\libc_nano.a(lib_a-setvbuf.o)
 .ARM.attributes
                0x000009ea       0x2d f:/dev/simplicity/developer/toolchains/gnu_arm/4.9_2015q3/bin/../lib/gcc/arm-none-eabi/4.9.3/../../../../arm-none-eabi/lib/armv7-m\libc_nano.a(lib_a-stdio.o)
 .ARM.attributes
                0x00000a17       0x2d f:/dev/simplicity/developer/toolchains/gnu_arm/4.9_2015q3/bin/../lib/gcc/arm-none-eabi/4.9.3/../../../../arm-none-eabi/lib/armv7-m\libc_nano.a(lib_a-strlen.o)
 .ARM.attributes
                0x00000a44       0x2d f:/dev/simplicity/developer/toolchains/gnu_arm/4.9_2015q3/bin/../lib/gcc/arm-none-eabi/4.9.3/../../../../arm-none-eabi/lib/armv7-m\libc_nano.a(lib_a-writer.o)
 .ARM.attributes
                0x00000a71       0x2d f:/dev/simplicity/developer/toolchains/gnu_arm/4.9_2015q3/bin/../lib/gcc/arm-none-eabi/4.9.3/../../../../arm-none-eabi/lib/armv7-m\libc_nano.a(lib_a-closer.o)
 .ARM.attributes
                0x00000a9e       0x2d f:/dev/simplicity/developer/toolchains/gnu_arm/4.9_2015q3/bin/../lib/gcc/arm-none-eabi/4.9.3/../../../../arm-none-eabi/lib/armv7-m\libc_nano.a(lib_a-fflush.o)
 .ARM.attributes
                0x00000acb       0x2d f:/dev/simplicity/developer/toolchains/gnu_arm/4.9_2015q3/bin/../lib/gcc/arm-none-eabi/4.9.3/../../../../arm-none-eabi/lib/armv7-m\libc_nano.a(lib_a-lseekr.o)
 .ARM.attributes
                0x00000af8       0x2d f:/dev/simplicity/developer/toolchains/gnu_arm/4.9_2015q3/bin/../lib/gcc/arm-none-eabi/4.9.3/../../../../arm-none-eabi/lib/armv7-m\libc_nano.a(lib_a-malloc.o)
 .ARM.attributes
                0x00000b25       0x2d f:/dev/simplicity/developer/toolchains/gnu_arm/4.9_2015q3/bin/../lib/gcc/arm-none-eabi/4.9.3/../../../../arm-none-eabi/lib/armv7-m\libc_nano.a(lib_a-nano-freer.o)
 .ARM.attributes
                0x00000b52       0x2d f:/dev/simplicity/developer/toolchains/gnu_arm/4.9_2015q3/bin/../lib/gcc/arm-none-eabi/4.9.3/../../../../arm-none-eabi/lib/armv7-m\libc_nano.a(lib_a-nano-vfprintf.o)
 .ARM.attributes
                0x00000b7f       0x2d f:/dev/simplicity/developer/toolchains/gnu_arm/4.9_2015q3/bin/../lib/gcc/arm-none-eabi/4.9.3/../../../../arm-none-eabi/lib/armv7-m\libc_nano.a(lib_a-nano-vfprintf_i.o)
 .ARM.attributes
                0x00000bac       0x2d f:/dev/simplicity/developer/toolchains/gnu_arm/4.9_2015q3/bin/../lib/gcc/arm-none-eabi/4.9.3/../../../../arm-none-eabi/lib/armv7-m\libc_nano.a(lib_a-readr.o)
 .ARM.attributes
                0x00000bd9       0x2d f:/dev/simplicity/developer/toolchains/gnu_arm/4.9_2015q3/bin/../lib/gcc/arm-none-eabi/4.9.3/../../../../arm-none-eabi/lib/armv7-m\libc_nano.a(lib_a-reent.o)
 .ARM.attributes
                0x00000c06       0x2d f:/dev/simplicity/developer/toolchains/gnu_arm/4.9_2015q3/bin/../lib/gcc/arm-none-eabi/4.9.3/../../../../arm-none-eabi/lib/armv7-m\libc_nano.a(lib_a-wbuf.o)
 .ARM.attributes
                0x00000c33       0x2d f:/dev/simplicity/developer/toolchains/gnu_arm/4.9_2015q3/bin/../lib/gcc/arm-none-eabi/4.9.3/../../../../arm-none-eabi/lib/armv7-m\libc_nano.a(lib_a-wsetup.o)
 .ARM.attributes
                0x00000c60       0x2d f:/dev/simplicity/developer/toolchains/gnu_arm/4.9_2015q3/bin/../lib/gcc/arm-none-eabi/4.9.3/../../../../arm-none-eabi/lib/armv7-m\libc_nano.a(lib_a-makebuf.o)
 .ARM.attributes
                0x00000c8d       0x2d f:/dev/simplicity/developer/toolchains/gnu_arm/4.9_2015q3/bin/../lib/gcc/arm-none-eabi/4.9.3/../../../../arm-none-eabi/lib/armv7-m\libc_nano.a(lib_a-memchr.o)
 .ARM.attributes
                0x00000cba       0x2d f:/dev/simplicity/developer/toolchains/gnu_arm/4.9_2015q3/bin/../lib/gcc/arm-none-eabi/4.9.3/../../../../arm-none-eabi/lib/armv7-m\libc_nano.a(lib_a-fstatr.o)
 .ARM.attributes
                0x00000ce7       0x2d f:/dev/simplicity/developer/toolchains/gnu_arm/4.9_2015q3/bin/../lib/gcc/arm-none-eabi/4.9.3/../../../../arm-none-eabi/lib/armv7-m\libc_nano.a(lib_a-isattyr.o)
 .ARM.attributes
                0x00000d14       0x2d f:/dev/simplicity/developer/toolchains/gnu_arm/4.9_2015q3/bin/../lib/gcc/arm-none-eabi/4.9.3/armv7-m/crtend.o
 .ARM.attributes
                0x00000d41       0x1d f:/dev/simplicity/developer/toolchains/gnu_arm/4.9_2015q3/bin/../lib/gcc/arm-none-eabi/4.9.3/armv7-m/crtn.o

.comment        0x00000000       0x70
 .comment       0x00000000       0x70 ./CMSIS/EZR32LG/system_ezr32lg.o
                                 0x71 (size before relaxing)
 .comment       0x00000000       0x71 ./Drivers/display.o
 .comment       0x00000000       0x71 ./Drivers/displayls013b7dh03.o
 .comment       0x00000000       0x71 ./Drivers/displaypalemlib.o
 .comment       0x00000000       0x71 ./Drivers/dmactrl.o
 .comment       0x00000000       0x71 ./Drivers/dmadrv.o
 .comment       0x00000000       0x71 ./Drivers/ezradio_api_lib.o
 .comment       0x00000000       0x71 ./Drivers/ezradio_comm.o
 .comment       0x00000000       0x71 ./Drivers/ezradio_crcerror_plugin.o
 .comment       0x00000000       0x71 ./Drivers/ezradio_hal.o
 .comment       0x00000000       0x71 ./Drivers/ezradio_plugin_manager.o
 .comment       0x00000000       0x71 ./Drivers/ezradio_receive_plugin.o
 .comment       0x00000000       0x71 ./Drivers/ezradio_transmit_plugin.o
 .comment       0x00000000       0x71 ./Drivers/gpiointerrupt.o
 .comment       0x00000000       0x71 ./Drivers/retargetio.o
 .comment       0x00000000       0x71 ./Drivers/retargettextdisplay.o
 .comment       0x00000000       0x71 ./Drivers/rtcdriver.o
 .comment       0x00000000       0x71 ./Drivers/spidrv.o
 .comment       0x00000000       0x71 ./Drivers/textdisplay.o
 .comment       0x00000000       0x71 ./Drivers/udelay.o
 .comment       0x00000000       0x71 ./Drivers/ustimer.o
 .comment       0x00000000       0x71 ./Drivers/si4x6x/ezradio_api_lib_add.o
 .comment       0x00000000       0x71 ./emlib/em_cmu.o
 .comment       0x00000000       0x71 ./emlib/em_core.o
 .comment       0x00000000       0x71 ./emlib/em_dma.o
 .comment       0x00000000       0x71 ./emlib/em_gpio.o
 .comment       0x00000000       0x71 ./emlib/em_prs.o
 .comment       0x00000000       0x71 ./emlib/em_rtc.o
 .comment       0x00000000       0x71 ./emlib/em_system.o
 .comment       0x00000000       0x71 ./emlib/em_timer.o
 .comment       0x00000000       0x71 ./emlib/em_usart.o
 .comment       0x00000000       0x71 ./src/main.o

.debug_line     0x00000000     0x90b8
 .debug_line    0x00000000       0x72 ./CMSIS/EZR32LG/startup_gcc_ezr32lg.o
 .debug_line    0x00000072      0x2e6 ./CMSIS/EZR32LG/system_ezr32lg.o
 .debug_line    0x00000358      0x2f6 ./Drivers/display.o
 .debug_line    0x0000064e      0x443 ./Drivers/displayls013b7dh03.o
 .debug_line    0x00000a91      0x4ef ./Drivers/displaypalemlib.o
 .debug_line    0x00000f80      0x1db ./Drivers/dmactrl.o
 .debug_line    0x0000115b      0x647 ./Drivers/dmadrv.o
 .debug_line    0x000017a2      0x778 ./Drivers/ezradio_api_lib.o
 .debug_line    0x00001f1a      0x282 ./Drivers/ezradio_comm.o
 .debug_line    0x0000219c      0x38e ./Drivers/ezradio_crcerror_plugin.o
 .debug_line    0x0000252a      0x556 ./Drivers/ezradio_hal.o
 .debug_line    0x00002a80      0x587 ./Drivers/ezradio_plugin_manager.o
 .debug_line    0x00003007      0x3a9 ./Drivers/ezradio_receive_plugin.o
 .debug_line    0x000033b0      0x453 ./Drivers/ezradio_transmit_plugin.o
 .debug_line    0x00003803      0x399 ./Drivers/gpiointerrupt.o
 .debug_line    0x00003b9c      0x356 ./Drivers/retargetio.o
 .debug_line    0x00003ef2      0x318 ./Drivers/retargettextdisplay.o
 .debug_line    0x0000420a      0x781 ./Drivers/rtcdriver.o
 .debug_line    0x0000498b      0x8c2 ./Drivers/spidrv.o
 .debug_line    0x0000524d      0x516 ./Drivers/textdisplay.o
 .debug_line    0x00005763      0x36d ./Drivers/udelay.o
 .debug_line    0x00005ad0      0x4a0 ./Drivers/ustimer.o
 .debug_line    0x00005f70      0x32f ./Drivers/si4x6x/ezradio_api_lib_add.o
 .debug_line    0x0000629f      0x965 ./emlib/em_cmu.o
 .debug_line    0x00006c04      0x4db ./emlib/em_core.o
 .debug_line    0x000070df      0x534 ./emlib/em_dma.o
 .debug_line    0x00007613      0x35f ./emlib/em_gpio.o
 .debug_line    0x00007972      0x25f ./emlib/em_prs.o
 .debug_line    0x00007bd1      0x2d5 ./emlib/em_rtc.o
 .debug_line    0x00007ea6      0x25f ./emlib/em_system.o
 .debug_line    0x00008105      0x322 ./emlib/em_timer.o
 .debug_line    0x00008427      0x486 ./emlib/em_usart.o
 .debug_line    0x000088ad      0x80b ./src/main.o

.debug_info     0x00000000    0x1b84e
 .debug_info    0x00000000       0x86 ./CMSIS/EZR32LG/startup_gcc_ezr32lg.o
 .debug_info    0x00000086      0x5d4 ./CMSIS/EZR32LG/system_ezr32lg.o
 .debug_info    0x0000065a      0x4c2 ./Drivers/display.o
 .debug_info    0x00000b1c      0xb2e ./Drivers/displayls013b7dh03.o
 .debug_info    0x0000164a      0xe3c ./Drivers/displaypalemlib.o
 .debug_info    0x00002486      0x129 ./Drivers/dmactrl.o
 .debug_info    0x000025af     0x1d16 ./Drivers/dmadrv.o
 .debug_info    0x000042c5     0x16b3 ./Drivers/ezradio_api_lib.o
 .debug_info    0x00005978      0x492 ./Drivers/ezradio_comm.o
 .debug_info    0x00005e0a      0x98c ./Drivers/ezradio_crcerror_plugin.o
 .debug_info    0x00006796     0x1461 ./Drivers/ezradio_hal.o
 .debug_info    0x00007bf7      0xcda ./Drivers/ezradio_plugin_manager.o
 .debug_info    0x000088d1      0xa65 ./Drivers/ezradio_receive_plugin.o
 .debug_info    0x00009336      0xdfb ./Drivers/ezradio_transmit_plugin.o
 .debug_info    0x0000a131      0x89a ./Drivers/gpiointerrupt.o
 .debug_info    0x0000a9cb      0xece ./Drivers/retargetio.o
 .debug_info    0x0000b899      0xdd9 ./Drivers/retargettextdisplay.o
 .debug_info    0x0000c672     0x1366 ./Drivers/rtcdriver.o
 .debug_info    0x0000d9d8     0x2073 ./Drivers/spidrv.o
 .debug_info    0x0000fa4b      0xc71 ./Drivers/textdisplay.o
 .debug_info    0x000106bc      0xe26 ./Drivers/udelay.o
 .debug_info    0x000114e2     0x151e ./Drivers/ustimer.o
 .debug_info    0x00012a00      0xae8 ./Drivers/si4x6x/ezradio_api_lib_add.o
 .debug_info    0x000134e8     0x1dbc ./emlib/em_cmu.o
 .debug_info    0x000152a4      0xdb4 ./emlib/em_core.o
 .debug_info    0x00016058     0x14f5 ./emlib/em_dma.o
 .debug_info    0x0001754d      0x7d3 ./emlib/em_gpio.o
 .debug_info    0x00017d20      0x226 ./emlib/em_prs.o
 .debug_info    0x00017f46      0x411 ./emlib/em_rtc.o
 .debug_info    0x00018357      0x277 ./emlib/em_system.o
 .debug_info    0x000185ce      0x923 ./emlib/em_timer.o
 .debug_info    0x00018ef1      0xf8f ./emlib/em_usart.o
 .debug_info    0x00019e80     0x19ce ./src/main.o

.debug_abbrev   0x00000000     0x5025
 .debug_abbrev  0x00000000       0x14 ./CMSIS/EZR32LG/startup_gcc_ezr32lg.o
 .debug_abbrev  0x00000014      0x1b9 ./CMSIS/EZR32LG/system_ezr32lg.o
 .debug_abbrev  0x000001cd      0x15a ./Drivers/display.o
 .debug_abbrev  0x00000327      0x2c1 ./Drivers/displayls013b7dh03.o
 .debug_abbrev  0x000005e8      0x2dd ./Drivers/displaypalemlib.o
 .debug_abbrev  0x000008c5       0x98 ./Drivers/dmactrl.o
 .debug_abbrev  0x0000095d      0x3b4 ./Drivers/dmadrv.o
 .debug_abbrev  0x00000d11      0x25f ./Drivers/ezradio_api_lib.o
 .debug_abbrev  0x00000f70      0x1b9 ./Drivers/ezradio_comm.o
 .debug_abbrev  0x00001129      0x186 ./Drivers/ezradio_crcerror_plugin.o
 .debug_abbrev  0x000012af      0x2e8 ./Drivers/ezradio_hal.o
 .debug_abbrev  0x00001597      0x289 ./Drivers/ezradio_plugin_manager.o
 .debug_abbrev  0x00001820      0x1b8 ./Drivers/ezradio_receive_plugin.o
 .debug_abbrev  0x000019d8      0x1f6 ./Drivers/ezradio_transmit_plugin.o
 .debug_abbrev  0x00001bce      0x29c ./Drivers/gpiointerrupt.o
 .debug_abbrev  0x00001e6a      0x2f1 ./Drivers/retargetio.o
 .debug_abbrev  0x0000215b      0x25b ./Drivers/retargettextdisplay.o
 .debug_abbrev  0x000023b6      0x445 ./Drivers/rtcdriver.o
 .debug_abbrev  0x000027fb      0x389 ./Drivers/spidrv.o
 .debug_abbrev  0x00002b84      0x2e0 ./Drivers/textdisplay.o
 .debug_abbrev  0x00002e64      0x2e0 ./Drivers/udelay.o
 .debug_abbrev  0x00003144      0x391 ./Drivers/ustimer.o
 .debug_abbrev  0x000034d5      0x1e2 ./Drivers/si4x6x/ezradio_api_lib_add.o
 .debug_abbrev  0x000036b7      0x404 ./emlib/em_cmu.o
 .debug_abbrev  0x00003abb      0x2a3 ./emlib/em_core.o
 .debug_abbrev  0x00003d5e      0x384 ./emlib/em_dma.o
 .debug_abbrev  0x000040e2      0x2ae ./emlib/em_gpio.o
 .debug_abbrev  0x00004390       0xdc ./emlib/em_prs.o
 .debug_abbrev  0x0000446c      0x207 ./emlib/em_rtc.o
 .debug_abbrev  0x00004673      0x118 ./emlib/em_system.o
 .debug_abbrev  0x0000478b      0x1ca ./emlib/em_timer.o
 .debug_abbrev  0x00004955      0x275 ./emlib/em_usart.o
 .debug_abbrev  0x00004bca      0x45b ./src/main.o

.debug_aranges  0x00000000      0xd78
 .debug_aranges
                0x00000000       0x20 ./CMSIS/EZR32LG/startup_gcc_ezr32lg.o
 .debug_aranges
                0x00000020       0x68 ./CMSIS/EZR32LG/system_ezr32lg.o
 .debug_aranges
                0x00000088       0x38 ./Drivers/display.o
 .debug_aranges
                0x000000c0       0x60 ./Drivers/displayls013b7dh03.o
 .debug_aranges
                0x00000120       0x80 ./Drivers/displaypalemlib.o
 .debug_aranges
                0x000001a0       0x18 ./Drivers/dmactrl.o
 .debug_aranges
                0x000001b8       0xa8 ./Drivers/dmadrv.o
 .debug_aranges
                0x00000260      0x148 ./Drivers/ezradio_api_lib.o
 .debug_aranges
                0x000003a8       0x50 ./Drivers/ezradio_comm.o
 .debug_aranges
                0x000003f8       0x20 ./Drivers/ezradio_crcerror_plugin.o
 .debug_aranges
                0x00000418       0x78 ./Drivers/ezradio_hal.o
 .debug_aranges
                0x00000490       0x38 ./Drivers/ezradio_plugin_manager.o
 .debug_aranges
                0x000004c8       0x28 ./Drivers/ezradio_receive_plugin.o
 .debug_aranges
                0x000004f0       0x50 ./Drivers/ezradio_transmit_plugin.o
 .debug_aranges
                0x00000540       0x40 ./Drivers/gpiointerrupt.o
 .debug_aranges
                0x00000580       0x68 ./Drivers/retargetio.o
 .debug_aranges
                0x000005e8       0x38 ./Drivers/retargettextdisplay.o
 .debug_aranges
                0x00000620       0x88 ./Drivers/rtcdriver.o
 .debug_aranges
                0x000006a8       0xd8 ./Drivers/spidrv.o
 .debug_aranges
                0x00000780       0x68 ./Drivers/textdisplay.o
 .debug_aranges
                0x000007e8       0x28 ./Drivers/udelay.o
 .debug_aranges
                0x00000810       0x48 ./Drivers/ustimer.o
 .debug_aranges
                0x00000858       0x48 ./Drivers/si4x6x/ezradio_api_lib_add.o
 .debug_aranges
                0x000008a0      0x120 ./emlib/em_cmu.o
 .debug_aranges
                0x000009c0       0xe0 ./emlib/em_core.o
 .debug_aranges
                0x00000aa0       0xa0 ./emlib/em_dma.o
 .debug_aranges
                0x00000b40       0x48 ./emlib/em_gpio.o
 .debug_aranges
                0x00000b88       0x28 ./emlib/em_prs.o
 .debug_aranges
                0x00000bb0       0x50 ./emlib/em_rtc.o
 .debug_aranges
                0x00000c00       0x28 ./emlib/em_system.o
 .debug_aranges
                0x00000c28       0x38 ./emlib/em_timer.o
 .debug_aranges
                0x00000c60       0xb8 ./emlib/em_usart.o
 .debug_aranges
                0x00000d18       0x60 ./src/main.o

.debug_loc      0x00000000     0xba47
 .debug_loc     0x00000000       0xc2 ./CMSIS/EZR32LG/system_ezr32lg.o
 .debug_loc     0x000000c2      0x231 ./Drivers/display.o
 .debug_loc     0x000002f3      0x546 ./Drivers/displayls013b7dh03.o
 .debug_loc     0x00000839      0x3c0 ./Drivers/displaypalemlib.o
 .debug_loc     0x00000bf9     0x1143 ./Drivers/dmadrv.o
 .debug_loc     0x00001d3c      0xf47 ./Drivers/ezradio_api_lib.o
 .debug_loc     0x00002c83      0x32e ./Drivers/ezradio_comm.o
 .debug_loc     0x00002fb1       0x8e ./Drivers/ezradio_crcerror_plugin.o
 .debug_loc     0x0000303f      0x2b7 ./Drivers/ezradio_hal.o
 .debug_loc     0x000032f6      0x120 ./Drivers/ezradio_plugin_manager.o
 .debug_loc     0x00003416      0x130 ./Drivers/ezradio_receive_plugin.o
 .debug_loc     0x00003546      0x8ef ./Drivers/ezradio_transmit_plugin.o
 .debug_loc     0x00003e35      0x14f ./Drivers/gpiointerrupt.o
 .debug_loc     0x00003f84      0x320 ./Drivers/retargetio.o
 .debug_loc     0x000042a4       0xfb ./Drivers/retargettextdisplay.o
 .debug_loc     0x0000439f      0xabc ./Drivers/rtcdriver.o
 .debug_loc     0x00004e5b     0x1827 ./Drivers/spidrv.o
 .debug_loc     0x00006682      0xb73 ./Drivers/textdisplay.o
 .debug_loc     0x000071f5      0x32c ./Drivers/udelay.o
 .debug_loc     0x00007521      0x2d1 ./Drivers/ustimer.o
 .debug_loc     0x000077f2      0x493 ./Drivers/si4x6x/ezradio_api_lib_add.o
 .debug_loc     0x00007c85     0x1b13 ./emlib/em_cmu.o
 .debug_loc     0x00009798      0x5b3 ./emlib/em_core.o
 .debug_loc     0x00009d4b      0xadf ./emlib/em_dma.o
 .debug_loc     0x0000a82a      0x4f8 ./emlib/em_gpio.o
 .debug_loc     0x0000ad22       0xe5 ./emlib/em_prs.o
 .debug_loc     0x0000ae07       0x8f ./emlib/em_rtc.o
 .debug_loc     0x0000ae96       0xb6 ./emlib/em_system.o
 .debug_loc     0x0000af4c      0x11b ./emlib/em_timer.o
 .debug_loc     0x0000b067      0x63e ./emlib/em_usart.o
 .debug_loc     0x0000b6a5      0x3a2 ./src/main.o

.debug_ranges   0x00000000     0x1010
 .debug_ranges  0x00000000       0x88 ./CMSIS/EZR32LG/system_ezr32lg.o
 .debug_ranges  0x00000088       0x28 ./Drivers/display.o
 .debug_ranges  0x000000b0       0x50 ./Drivers/displayls013b7dh03.o
 .debug_ranges  0x00000100       0x70 ./Drivers/displaypalemlib.o
 .debug_ranges  0x00000170       0xb8 ./Drivers/dmadrv.o
 .debug_ranges  0x00000228      0x138 ./Drivers/ezradio_api_lib.o
 .debug_ranges  0x00000360       0x40 ./Drivers/ezradio_comm.o
 .debug_ranges  0x000003a0       0x10 ./Drivers/ezradio_crcerror_plugin.o
 .debug_ranges  0x000003b0       0x80 ./Drivers/ezradio_hal.o
 .debug_ranges  0x00000430       0x28 ./Drivers/ezradio_plugin_manager.o
 .debug_ranges  0x00000458       0x18 ./Drivers/ezradio_receive_plugin.o
 .debug_ranges  0x00000470       0x40 ./Drivers/ezradio_transmit_plugin.o
 .debug_ranges  0x000004b0       0x48 ./Drivers/gpiointerrupt.o
 .debug_ranges  0x000004f8       0x58 ./Drivers/retargetio.o
 .debug_ranges  0x00000550       0x28 ./Drivers/retargettextdisplay.o
 .debug_ranges  0x00000578      0x1a0 ./Drivers/rtcdriver.o
 .debug_ranges  0x00000718       0xc8 ./Drivers/spidrv.o
 .debug_ranges  0x000007e0       0x58 ./Drivers/textdisplay.o
 .debug_ranges  0x00000838       0x30 ./Drivers/udelay.o
 .debug_ranges  0x00000868       0xf8 ./Drivers/ustimer.o
 .debug_ranges  0x00000960       0x38 ./Drivers/si4x6x/ezradio_api_lib_add.o
 .debug_ranges  0x00000998      0x258 ./emlib/em_cmu.o
 .debug_ranges  0x00000bf0      0x100 ./emlib/em_core.o
 .debug_ranges  0x00000cf0       0x90 ./emlib/em_dma.o
 .debug_ranges  0x00000d80       0xb8 ./emlib/em_gpio.o
 .debug_ranges  0x00000e38       0x18 ./emlib/em_prs.o
 .debug_ranges  0x00000e50       0x40 ./emlib/em_rtc.o
 .debug_ranges  0x00000e90       0x18 ./emlib/em_system.o
 .debug_ranges  0x00000ea8       0x40 ./emlib/em_timer.o
 .debug_ranges  0x00000ee8       0xa8 ./emlib/em_usart.o
 .debug_ranges  0x00000f90       0x80 ./src/main.o

.debug_str      0x00000000     0x6dac
 .debug_str     0x00000000      0x42a ./CMSIS/EZR32LG/system_ezr32lg.o
                                0x4b6 (size before relaxing)
 .debug_str     0x0000042a      0x2ca ./Drivers/display.o
                                0x490 (size before relaxing)
 .debug_str     0x000006f4      0x1ca ./Drivers/displayls013b7dh03.o
                                0x5f8 (size before relaxing)
 .debug_str     0x000008be      0x924 ./Drivers/displaypalemlib.o
                                0xc39 (size before relaxing)
 .debug_str     0x000011e2       0x4f ./Drivers/dmactrl.o
                                0x21c (size before relaxing)
 .debug_str     0x00001231     0x11ff ./Drivers/dmadrv.o
                               0x16f8 (size before relaxing)
 .debug_str     0x00002430      0xb05 ./Drivers/ezradio_api_lib.o
                                0xd56 (size before relaxing)
 .debug_str     0x00002f35      0x12b ./Drivers/ezradio_comm.o
                                0x38d (size before relaxing)
 .debug_str     0x00003060      0x356 ./Drivers/ezradio_crcerror_plugin.o
                                0xad0 (size before relaxing)
 .debug_str     0x000033b6      0x4ff ./Drivers/ezradio_hal.o
                               0x15a2 (size before relaxing)
 .debug_str     0x000038b5      0x1b3 ./Drivers/ezradio_plugin_manager.o
                                0xcec (size before relaxing)
 .debug_str     0x00003a68       0x43 ./Drivers/ezradio_receive_plugin.o
                                0xafe (size before relaxing)
 .debug_str     0x00003aab       0xf5 ./Drivers/ezradio_transmit_plugin.o
                                0xbe5 (size before relaxing)
 .debug_str     0x00003ba0       0xe2 ./Drivers/gpiointerrupt.o
                                0x6ac (size before relaxing)
 .debug_str     0x00003c82      0x521 ./Drivers/retargetio.o
                                0x75f (size before relaxing)
 .debug_str     0x000041a3      0x107 ./Drivers/retargettextdisplay.o
                                0x890 (size before relaxing)
 .debug_str     0x000042aa      0x48d ./Drivers/rtcdriver.o
                                0xc5e (size before relaxing)
 .debug_str     0x00004737      0x299 ./Drivers/spidrv.o
                               0x1b48 (size before relaxing)
 .debug_str     0x000049d0      0x291 ./Drivers/textdisplay.o
                                0x6f4 (size before relaxing)
 .debug_str     0x00004c61      0x173 ./Drivers/udelay.o
                                0xb38 (size before relaxing)
 .debug_str     0x00004dd4      0x680 ./Drivers/ustimer.o
                                0xf0c (size before relaxing)
 .debug_str     0x00005454      0x159 ./Drivers/si4x6x/ezradio_api_lib_add.o
                                0x9ae (size before relaxing)
 .debug_str     0x000055ad      0x7c8 ./emlib/em_cmu.o
                               0x105b (size before relaxing)
 .debug_str     0x00005d75      0x2d5 ./emlib/em_core.o
                                0x828 (size before relaxing)
 .debug_str     0x0000604a      0x205 ./emlib/em_dma.o
                                0xd5b (size before relaxing)
 .debug_str     0x0000624f       0xf8 ./emlib/em_gpio.o
                                0x5e6 (size before relaxing)
 .debug_str     0x00006347       0x72 ./emlib/em_prs.o
                                0x298 (size before relaxing)
 .debug_str     0x000063b9       0x29 ./emlib/em_rtc.o
                                0x2cc (size before relaxing)
 .debug_str     0x000063e2       0xac ./emlib/em_system.o
                                0x2ca (size before relaxing)
 .debug_str     0x0000648e      0x1fe ./emlib/em_timer.o
                                0x96e (size before relaxing)
 .debug_str     0x0000668c      0x5b9 ./emlib/em_usart.o
                                0xde3 (size before relaxing)
 .debug_str     0x00006c45      0x167 ./src/main.o
                               0x15ce (size before relaxing)

.debug_frame    0x00000000     0x2a78
 .debug_frame   0x00000000       0xb8 ./CMSIS/EZR32LG/system_ezr32lg.o
 .debug_frame   0x000000b8       0x74 ./Drivers/display.o
 .debug_frame   0x0000012c       0xfc ./Drivers/displayls013b7dh03.o
 .debug_frame   0x00000228      0x134 ./Drivers/displaypalemlib.o
 .debug_frame   0x0000035c      0x214 ./Drivers/dmadrv.o
 .debug_frame   0x00000570      0x40c ./Drivers/ezradio_api_lib.o
 .debug_frame   0x0000097c       0xd0 ./Drivers/ezradio_comm.o
 .debug_frame   0x00000a4c       0x28 ./Drivers/ezradio_crcerror_plugin.o
 .debug_frame   0x00000a74       0xe8 ./Drivers/ezradio_hal.o
 .debug_frame   0x00000b5c       0x78 ./Drivers/ezradio_plugin_manager.o
 .debug_frame   0x00000bd4       0x48 ./Drivers/ezradio_receive_plugin.o
 .debug_frame   0x00000c1c       0xec ./Drivers/ezradio_transmit_plugin.o
 .debug_frame   0x00000d08       0x7c ./Drivers/gpiointerrupt.o
 .debug_frame   0x00000d84       0xd4 ./Drivers/retargetio.o
 .debug_frame   0x00000e58       0x68 ./Drivers/retargettextdisplay.o
 .debug_frame   0x00000ec0      0x1c0 ./Drivers/rtcdriver.o
 .debug_frame   0x00001080      0x2e8 ./Drivers/spidrv.o
 .debug_frame   0x00001368      0x15c ./Drivers/textdisplay.o
 .debug_frame   0x000014c4       0x4c ./Drivers/udelay.o
 .debug_frame   0x00001510       0xac ./Drivers/ustimer.o
 .debug_frame   0x000015bc       0xbc ./Drivers/si4x6x/ezradio_api_lib_add.o
 .debug_frame   0x00001678      0x304 ./emlib/em_cmu.o
 .debug_frame   0x0000197c      0x200 ./emlib/em_core.o
 .debug_frame   0x00001b7c      0x1c0 ./emlib/em_dma.o
 .debug_frame   0x00001d3c       0x8c ./emlib/em_gpio.o
 .debug_frame   0x00001dc8       0x30 ./emlib/em_prs.o
 .debug_frame   0x00001df8       0x80 ./emlib/em_rtc.o
 .debug_frame   0x00001e78       0x30 ./emlib/em_system.o
 .debug_frame   0x00001ea8       0x74 ./emlib/em_timer.o
 .debug_frame   0x00001f1c      0x1c8 ./emlib/em_usart.o
 .debug_frame   0x000020e4       0xd8 ./src/main.o
 .debug_frame   0x000021bc       0x28 f:/dev/simplicity/developer/toolchains/gnu_arm/4.9_2015q3/bin/../lib/gcc/arm-none-eabi/4.9.3/armv7-m\libgcc.a(_aeabi_uldivmod.o)
 .debug_frame   0x000021e4       0x54 f:/dev/simplicity/developer/toolchains/gnu_arm/4.9_2015q3/bin/../lib/gcc/arm-none-eabi/4.9.3/armv7-m\libgcc.a(bpabi.o)
 .debug_frame   0x00002238       0x34 f:/dev/simplicity/developer/toolchains/gnu_arm/4.9_2015q3/bin/../lib/gcc/arm-none-eabi/4.9.3/armv7-m\libgcc.a(_divdi3.o)
 .debug_frame   0x0000226c       0x34 f:/dev/simplicity/developer/toolchains/gnu_arm/4.9_2015q3/bin/../lib/gcc/arm-none-eabi/4.9.3/armv7-m\libgcc.a(_udivdi3.o)
 .debug_frame   0x000022a0       0x28 f:/dev/simplicity/developer/toolchains/gnu_arm/4.9_2015q3/bin/../lib/gcc/arm-none-eabi/4.9.3/../../../../arm-none-eabi/lib/armv7-m\libc_nano.a(lib_a-exit.o)
 .debug_frame   0x000022c8       0x2c f:/dev/simplicity/developer/toolchains/gnu_arm/4.9_2015q3/bin/../lib/gcc/arm-none-eabi/4.9.3/../../../../arm-none-eabi/lib/armv7-m\libc_nano.a(lib_a-fileno.o)
 .debug_frame   0x000022f4      0x11c f:/dev/simplicity/developer/toolchains/gnu_arm/4.9_2015q3/bin/../lib/gcc/arm-none-eabi/4.9.3/../../../../arm-none-eabi/lib/armv7-m\libc_nano.a(lib_a-findfp.o)
 .debug_frame   0x00002410       0x54 f:/dev/simplicity/developer/toolchains/gnu_arm/4.9_2015q3/bin/../lib/gcc/arm-none-eabi/4.9.3/../../../../arm-none-eabi/lib/armv7-m\libc_nano.a(lib_a-fwalk.o)
 .debug_frame   0x00002464       0x2c f:/dev/simplicity/developer/toolchains/gnu_arm/4.9_2015q3/bin/../lib/gcc/arm-none-eabi/4.9.3/../../../../arm-none-eabi/lib/armv7-m\libc_nano.a(lib_a-init.o)
 .debug_frame   0x00002490       0x28 f:/dev/simplicity/developer/toolchains/gnu_arm/4.9_2015q3/bin/../lib/gcc/arm-none-eabi/4.9.3/../../../../arm-none-eabi/lib/armv7-m\libc_nano.a(lib_a-memcpy.o)
 .debug_frame   0x000024b8       0x20 f:/dev/simplicity/developer/toolchains/gnu_arm/4.9_2015q3/bin/../lib/gcc/arm-none-eabi/4.9.3/../../../../arm-none-eabi/lib/armv7-m\libc_nano.a(lib_a-memset.o)
 .debug_frame   0x000024d8       0x2c f:/dev/simplicity/developer/toolchains/gnu_arm/4.9_2015q3/bin/../lib/gcc/arm-none-eabi/4.9.3/../../../../arm-none-eabi/lib/armv7-m\libc_nano.a(lib_a-nano-mallocr.o)
 .debug_frame   0x00002504       0x74 f:/dev/simplicity/developer/toolchains/gnu_arm/4.9_2015q3/bin/../lib/gcc/arm-none-eabi/4.9.3/../../../../arm-none-eabi/lib/armv7-m\libc_nano.a(lib_a-printf.o)
 .debug_frame   0x00002578       0x2c f:/dev/simplicity/developer/toolchains/gnu_arm/4.9_2015q3/bin/../lib/gcc/arm-none-eabi/4.9.3/../../../../arm-none-eabi/lib/armv7-m\libc_nano.a(lib_a-sbrkr.o)
 .debug_frame   0x000025a4       0x30 f:/dev/simplicity/developer/toolchains/gnu_arm/4.9_2015q3/bin/../lib/gcc/arm-none-eabi/4.9.3/../../../../arm-none-eabi/lib/armv7-m\libc_nano.a(lib_a-setvbuf.o)
 .debug_frame   0x000025d4       0x88 f:/dev/simplicity/developer/toolchains/gnu_arm/4.9_2015q3/bin/../lib/gcc/arm-none-eabi/4.9.3/../../../../arm-none-eabi/lib/armv7-m\libc_nano.a(lib_a-stdio.o)
 .debug_frame   0x0000265c       0x20 f:/dev/simplicity/developer/toolchains/gnu_arm/4.9_2015q3/bin/../lib/gcc/arm-none-eabi/4.9.3/../../../../arm-none-eabi/lib/armv7-m\libc_nano.a(lib_a-strlen.o)
 .debug_frame   0x0000267c       0x2c f:/dev/simplicity/developer/toolchains/gnu_arm/4.9_2015q3/bin/../lib/gcc/arm-none-eabi/4.9.3/../../../../arm-none-eabi/lib/armv7-m\libc_nano.a(lib_a-writer.o)
 .debug_frame   0x000026a8       0x2c f:/dev/simplicity/developer/toolchains/gnu_arm/4.9_2015q3/bin/../lib/gcc/arm-none-eabi/4.9.3/../../../../arm-none-eabi/lib/armv7-m\libc_nano.a(lib_a-closer.o)
 .debug_frame   0x000026d4       0x68 f:/dev/simplicity/developer/toolchains/gnu_arm/4.9_2015q3/bin/../lib/gcc/arm-none-eabi/4.9.3/../../../../arm-none-eabi/lib/armv7-m\libc_nano.a(lib_a-fflush.o)
 .debug_frame   0x0000273c       0x2c f:/dev/simplicity/developer/toolchains/gnu_arm/4.9_2015q3/bin/../lib/gcc/arm-none-eabi/4.9.3/../../../../arm-none-eabi/lib/armv7-m\libc_nano.a(lib_a-lseekr.o)
 .debug_frame   0x00002768       0x30 f:/dev/simplicity/developer/toolchains/gnu_arm/4.9_2015q3/bin/../lib/gcc/arm-none-eabi/4.9.3/../../../../arm-none-eabi/lib/armv7-m\libc_nano.a(lib_a-malloc.o)
 .debug_frame   0x00002798       0x2c f:/dev/simplicity/developer/toolchains/gnu_arm/4.9_2015q3/bin/../lib/gcc/arm-none-eabi/4.9.3/../../../../arm-none-eabi/lib/armv7-m\libc_nano.a(lib_a-nano-freer.o)
 .debug_frame   0x000027c4       0xb8 f:/dev/simplicity/developer/toolchains/gnu_arm/4.9_2015q3/bin/../lib/gcc/arm-none-eabi/4.9.3/../../../../arm-none-eabi/lib/armv7-m\libc_nano.a(lib_a-nano-vfprintf.o)
 .debug_frame   0x0000287c       0x58 f:/dev/simplicity/developer/toolchains/gnu_arm/4.9_2015q3/bin/../lib/gcc/arm-none-eabi/4.9.3/../../../../arm-none-eabi/lib/armv7-m\libc_nano.a(lib_a-nano-vfprintf_i.o)
 .debug_frame   0x000028d4       0x2c f:/dev/simplicity/developer/toolchains/gnu_arm/4.9_2015q3/bin/../lib/gcc/arm-none-eabi/4.9.3/../../../../arm-none-eabi/lib/armv7-m\libc_nano.a(lib_a-readr.o)
 .debug_frame   0x00002900       0x5c f:/dev/simplicity/developer/toolchains/gnu_arm/4.9_2015q3/bin/../lib/gcc/arm-none-eabi/4.9.3/../../../../arm-none-eabi/lib/armv7-m\libc_nano.a(lib_a-reent.o)